******************************************************************************
                  TI ARM Linker PC v20.2.4                     
******************************************************************************
>> Linked Wed Apr  7 14:17:28 2021

OUTPUT FILE NAME:   <kentectouchwidgets_MSP_EXP432P401R_tirtos_ccs.out>
ENTRY POINT SYMBOL: "_c_int00"  address: 0001c77d


MEMORY CONFIGURATION

         name            origin    length      used     unused   attr    fill
----------------------  --------  ---------  --------  --------  ----  --------
  MAIN                  00000000   00040000  00025644  0001a9bc  R  X
  INFO                  00200000   00004000  00000000  00004000  R  X
  SRAM_CODE             01000000   00010000  0000e343  00001cbd  RW X
  SRAM_DATA             20000000   00010000  0000e343  00001cbd  RW  


SEGMENT ALLOCATION MAP

run origin  load origin   length   init length attrs members
----------  ----------- ---------- ----------- ----- -------
00000000    00000000    00025650   00025650    r-x
  00000000    00000000    0000003c   0000003c    r-- .resetVecs
  00000040    00000040    00021882   00021882    r-x .text
  000218c4    000218c4    00003a8e   00003a8e    r-- .const
  00025358    00025358    000002f8   000002f8    r-- .cinit
20000140    20000140    00008000   00000000    r--
  20000140    20000140    00008000   00000000    r-- .priheap
20008200    20008200    00005e04   00000000    rw-
  20008200    20008200    000056db   00000000    rw- .bss
  2000d8dc    2000d8dc    00000728   00000000    rw- .data
2000fc00    2000fc00    00000400   00000000    rw-
  2000fc00    2000fc00    00000400   00000000    rw- .stack


SECTION ALLOCATION MAP

 output                                  attributes/
section   page    origin      length       input sections
--------  ----  ----------  ----------   ----------------
.text      0    00000040    00021882     
                  00000040    000007e4     lv_slider.obj (.text:lv_slider_design)
                  00000824    00000758     lv_draw_basic.obj (.text:lv_draw_letter)
                  00000f7c    0000066c     lv_draw_rect.obj (.text:lv_draw_rect_main_corner)
                  000015e8    00000660     lv_style.obj (.text:lv_style_init)
                  00001c48    0000065a     lv_draw_rect.obj (.text:lv_draw_rect_border_straight)
                  000022a2    00000002     ti_drivers_config.obj (.text:Board_initHook)
                  000022a4    00000628     lv_draw_label.obj (.text:lv_draw_label)
                  000028cc    000005fe     lv_draw_line.obj (.text:line_draw_skew)
                  00002eca    00000002     dpl_msp432p401x.aem4f : PowerMSP432_tirtos.oem4f (.text:PowerMSP432_initPolicy)
                  00002ecc    000005e6     lv_btnm.obj (.text:lv_btnm_signal)
                  000034b2    00000002     rtsv7M4_T_le_v4SPD16_eabi.lib : _lock.c.obj (.text:_nop)
                  000034b4    000005d0     lv_page.obj (.text:lv_page_scrollable_signal)
                  00003a84    00000578     lv_tabview.obj (.text:tabview_realign)
                  00003ffc    00000538     lv_style.obj (.text:lv_style_mix)
                  00004534    00000526     lv_page.obj (.text:lv_page_sb_refresh)
                  00004a5a    00000002     lv_theme_material.obj (.text:arc_init)
                  00004a5c    00000520     lv_obj.obj (.text:lv_obj_create)
                  00004f7c    000004ec     lv_draw_triangle.obj (.text:tri_draw_flat)
                  00005468    000004e4     lv_label.obj (.text:lv_label_refr_text)
                  0000594c    000004c4     lv_draw_rect.obj (.text:lv_draw_rect_border_corner)
                  00005e10    00000472     lv_obj.obj (.text:lv_obj_align)
                  00006282    00000002     lv_theme_material.obj (.text:calendar_init)
                  00006284    00000444     lv_obj.obj (.text:lv_obj_align_origo)
                  000066c8    00000444     lv_slider.obj (.text:lv_slider_signal)
                  00006b0c    00000428     lv_btn.obj (.text:lv_btn_signal)
                  00006f34    00000420     lv_draw_triangle.obj (.text:tri_draw_tall)
                  00007354    0000041c     lv_indev.obj (.text:indev_proc_press)
                  00007770    00000400     lv_port_indev.obj (.text:touchpad_read)
                  00007b70    000003d0     lv_cont.obj (.text:lv_cont_refr_autofit)
                  00007f40    000003c8     lv_tabview.obj (.text:lv_tabview_create)
                  00008308    000003b6     lv_btnm.obj (.text:lv_btnm_set_map)
                  000086be    00000002     lv_theme_material.obj (.text:gauge_init)
                  000086c0    000003a0     lv_page.obj (.text:lv_page_signal)
                  00008a60    0000039e     lv_btnm.obj (.text:lv_btnm_design)
                  00008dfe    00000002     lv_theme_material.obj (.text:kb_init)
                  00008e00    00000384     lv_tabview.obj (.text:lv_tabview_add_tab)
                  00009184    00000374     kentectouchwidgets.obj (.text:mainThread)
                  000094f8    0000036e     lv_page.obj (.text:lv_page_design)
                  00009866    00000002     lv_theme_material.obj (.text:led_init)
                  00009868    00000364     lv_bar.obj (.text:lv_bar_design)
                  00009bcc    00000360     lv_ddlist.obj (.text:lv_ddlist_design)
                  00009f2c    00000358     lv_tabview.obj (.text:lv_tabview_set_tab_act)
                  0000a284    00000344     lv_chart.obj (.text:lv_chart_draw_y_ticks)
                  0000a5c8    0000030c     lv_ddlist.obj (.text:lv_ddlist_create)
                  0000a8d4    000002f8     drivers_msp432p401x.aem4f : PowerMSP432.oem4f (.text:Power_sleep)
                  0000abcc    000002ec     lv_label.obj (.text:lv_label_get_letter_on)
                  0000aeb8    000002d0     lv_btn.obj (.text:lv_btn_design)
                  0000b188    000002d0     lv_img_decoder.obj (.text:lv_img_decoder_built_in_line_alpha)
                  0000b458    000002d0     lv_label.obj (.text:lv_label_design)
                  0000b728    000002d0     lv_page.obj (.text:lv_page_create)
                  0000b9f8    000002ca     lv_cont.obj (.text:lv_cont_layout_pretty)
                  0000bcc2    00000002     lv_theme_material.obj (.text:list_init)
                  0000bcc4    000002c4     lv_indev.obj (.text:indev_drag)
                  0000bf88    000002b0     lv_theme_material.obj (.text:tabview_init)
                  0000c238    000002a0     rtsv7M4_T_le_v4SPD16_eabi.lib : mktime.c.obj (.text:__mktime32)
                  0000c4d8    0000028c     drivers_msp432p401x.aem4f : SPIMSP432DMA.oem4f (.text:SPIMSP432DMA_open)
                  0000c764    0000028a     msp432p4xx_driverlib.lib : pcm.o (.text:__PCM_setPowerStateAdvanced)
                  0000c9ee    00000002     lv_theme_material.obj (.text:lmeter_init)
                  0000c9f0    00000288     drivers_msp432p401x.aem4f : PowerMSP432.oem4f (.text:initPerfControl)
                  0000cc78    00000280     lv_img_decoder.obj (.text:lv_img_decoder_built_in_line_indexed)
                  0000cef8    00000276     lv_chart.obj (.text:lv_chart_draw_x_ticks)
                  0000d16e    0000026a     lv_draw_line.obj (.text:lv_draw_line)
                  0000d3d8    0000025e     lv_draw_triangle.obj (.text:lv_draw_triangle)
                  0000d636    00000002     lv_refr.obj (.text:lv_refr_init)
                  0000d638    0000024c     lv_label.obj (.text:lv_label_create)
                  0000d884    00000240     lv_indev.obj (.text:indev_proc_release)
                  0000dac4    00000240     lv_tabview.obj (.text:tabpage_pressing_handler)
                  0000dd04    0000023c     lv_font_fmt_txt.obj (.text:get_glyph_dsc_id)
                  0000df40    00000234     lv_ddlist.obj (.text:lv_ddlist_signal)
                  0000e174    0000021c     lv_draw_basic.obj (.text:sw_color_fill)
                  0000e390    00000210     lv_chart.obj (.text:lv_chart_create)
                  0000e5a0    00000210     lv_chart.obj (.text:lv_chart_draw_areas)
                  0000e7b0    0000020c     lv_indev.obj (.text:indev_drag_throw)
                  0000e9bc    00000208     lv_chart.obj (.text:lv_chart_draw_cols)
                  0000ebc4    000001fc     lv_chart.obj (.text:lv_chart_draw_vertical_lines)
                  0000edc0    000001f2     lv_draw_rect.obj (.text:lv_draw_rect_main_mid)
                  0000efb2    00000002     lv_theme_material.obj (.text:mbox_init)
                  0000efb4    000001f0     lv_theme_material.obj (.text:basic_init)
                  0000f1a4    000001f0     lv_theme_material.obj (.text:btn_init)
                  0000f394    000001f0     lv_txt.obj (.text:lv_txt_get_next_word)
                  0000f584    000001ec     lv_chart.obj (.text:lv_chart_draw_lines)
                  0000f770    000001de     lv_txt.obj (.text:lv_txt_utf8_next)
                  0000f94e    00000002     lv_theme_material.obj (.text:preload_init)
                  0000f950    000001d4     lv_cb.obj (.text:lv_cb_create)
                  0000fb24    000001d4     lv_chart.obj (.text:lv_chart_draw_points)
                  0000fcf8    000001d4     lv_refr.obj (.text:lv_refr_area)
                  0000fecc    000001cc     lv_btn.obj (.text:lv_btn_create)
                  00010098    000001cc     lv_btnm.obj (.text:lv_btnm_create)
                  00010264    000001cc     lv_label.obj (.text:lv_label_signal)
                  00010430    000001ca     lv_color.obj (.text:lv_color_hsv_to_rgb)
                  000105fa    00000002     lv_theme_material.obj (.text:roller_init)
                  000105fc    000001c8     lv_theme_material.obj (.text:btnm_init)
                  000107c4    000001b8     ti_lvgl_ssd2119_disp.obj (.text:disp_flush)
                  0001097c    000001b0     lv_refr.obj (.text:lv_disp_refr_task)
                  00010b2c    000001b0     lv_task.obj (.text:lv_task_handler)
                  00010cdc    000001a8     lv_chart.obj (.text:lv_chart_draw_div)
                  00010e84    000001a8     lv_port_indev.obj (.text:touchpad_get_xy)
                  0001102c    0000019e     lv_img_decoder.obj (.text:lv_img_decoder_built_in_open)
                  000111ca    00000002     rtsv7M4_T_le_v4SPD16_eabi.lib : div0.asm.obj (.text)
                  000111cc    00000190     lv_bar.obj (.text:lv_bar_create)
                  0001135c    00000190     lv_font_fmt_txt.obj (.text:rle_next)
                  000114ec    0000018a     lv_tabview.obj (.text:tabpage_press_lost_handler)
                  00011676    00000002     lv_theme_material.obj (.text:spinbox_init)
                  00011678    00000188     ti_lvgl_ssd2119_disp.obj (.text:ssd2119_reg_init)
                  00011800    00000180     lv_tabview.obj (.text:lv_tabview_signal)
                  00011980    0000017c     lv_cont.obj (.text:lv_cont_layout_grid)
                  00011afc    00000170     drivers_msp432p401x.aem4f : GPIOMSP432.oem4f (.text:GPIO_setConfig)
                  00011c6c    0000016c     lv_ddlist.obj (.text:release_handler)
                  00011dd8    00000160     msp432p4xx_driverlib.lib : adc14.o (.text:_getIndexForMemRegister)
                  00011f38    00000160     lv_cont.obj (.text:lv_cont_layout_row)
                  00012098    0000015c     msp432p4xx_driverlib.lib : pcm.o (.text:__PCM_setPowerModeAdvanced)
                  000121f4    0000015c     lv_cont.obj (.text:lv_cont_create)
                  00012350    0000014c     lv_ddlist.obj (.text:lv_ddlist_refr_size)
                  0001249c    00000144     lv_slider.obj (.text:lv_slider_create)
                  000125e0    0000013c     lv_bar.obj (.text:lv_bar_set_value)
                  0001271c    0000013a     lv_refr.obj (.text:lv_refr_obj)
                  00012856    00000002     lv_theme_material.obj (.text:sw_init)
                  00012858    00000130     lv_font_fmt_txt.obj (.text:get_kern_value)
                  00012988    00000130     drivers_msp432p401x.aem4f : UDMAMSP432.oem4f (.text:setupInterrupt)
                  00012ab8    00000130     sysbios.aem4f : BIOS.obj (.text:ti_sysbios_knl_Semaphore_pend__E)
                  00012be8    0000012e     lv_draw_line.obj (.text:line_init)
                  00012d16    00000002     lv_theme_material.obj (.text:ta_init)
                  00012d18    0000012c     drivers_msp432p401x.aem4f : SPIMSP432DMA.oem4f (.text:SPIMSP432DMA_transfer)
                  00012e44    0000012c     lv_hal_disp.obj (.text:lv_disp_drv_register)
                  00012f70    00000128     lv_theme_material.obj (.text:cb_init)
                  00013098    00000128     lv_font_fmt_txt.obj (.text:lv_font_get_bitmap_fmt_txt)
                  000131c0    00000124     lv_txt.obj (.text:lv_txt_get_size)
                  000132e4    0000011e     lv_label.obj (.text:lv_label_set_text)
                  00013402    0000011c     lv_refr.obj (.text:lv_inv_area)
                  0001351e    00000002     lv_theme_material.obj (.text:table_init)
                  00013520    00000119     lv_obj.obj (.text:lv_obj_del)
                  00013639    00000001     --HOLE-- [fill = 0]
                  0001363a    00000116     lv_cont.obj (.text:lv_cont_layout_center)
                  00013750    00000116     lv_draw_basic.obj (.text:lv_draw_px)
                  00013866    00000002     release_pem4f.oem4f (.text:ti_sysbios_BIOS_nullFunc__I)
                  00013868    00000111     lv_chart.obj (.text:lv_chart_set_next)
                  00013979    00000001     --HOLE-- [fill = 0]
                  0001397a    00000110     lv_font_fmt_txt.obj (.text:decompress)
                  00013a8a    00000002     lv_theme_material.obj (.text:tileview_init)
                  00013a8c    00000110     lv_chart.obj (.text:lv_chart_add_series)
                  00013b9c    00000110     lv_indev.obj (.text:lv_indev_read_task)
                  00013cac    0000010e     lv_btnm.obj (.text:allocate_btn_areas_and_controls)
                  00013dba    0000010e     lv_chart.obj (.text:lv_chart_get_next_label)
                  00013ec8    0000010d     lv_obj.obj (.text:lv_obj_set_size)
                  00013fd5    00000001     --HOLE-- [fill = 0]
                  00013fd6    00000002     lv_theme_material.obj (.text:win_init)
                  00013fd8    0000010c     lv_cb.obj (.text:lv_cb_signal)
                  000140e4    0000010a     lv_draw_line.obj (.text:line_draw_hor)
                  000141ee    0000010a     lv_draw_line.obj (.text:line_draw_ver)
                  000142f8    00000109     lv_ddlist.obj (.text:lv_ddlist_set_options)
                  00014401    00000003     --HOLE-- [fill = 0]
                  00014404    00000109     lv_tabview.obj (.text:lv_tabview_set_style)
                  0001450d    00000003     --HOLE-- [fill = 0]
                  00014510    00000108     msp432p4xx_driverlib.lib : pcm.o (.text:__PCM_setCoreVoltageLevelAdvanced)
                  00014618    00000108     lv_chart.obj (.text:lv_chart_inv_lines)
                  00014720    00000108     sysbios.aem4f : BIOS.obj (.text:ti_sysbios_knl_Task_postInit__I)
                  00014828    00000108                   : BIOS.obj (.text:xdc_runtime_Startup_startMods__I)
                  00014930    00000106     lv_img_decoder.obj (.text:lv_img_decoder_built_in_read_line)
                  00014a36    00000104     drivers_msp432p401x.aem4f : SPIMSP432DMA.oem4f (.text:SPIMSP432DMA_transferCancel)
                  00014b3a    00000002     --HOLE-- [fill = 0]
                  00014b3c    00000104     lv_anim.obj (.text:anim_task)
                  00014c40    00000104     lv_refr.obj (.text:lv_refr_join_area)
                  00014d44    00000004     msp432p4xx_driverlib.lib : cpu.o (.text:CPU_wfi)
                  00014d48    00000104     sysbios.aem4f : BIOS.obj (.text:ti_sysbios_knl_Task_Instance_finalize__E)
                  00014e4c    00000101     lv_obj.obj (.text:lv_obj_invalidate)
                  00014f4d    00000003     --HOLE-- [fill = 0]
                  00014f50    00000101     lv_obj.obj (.text:lv_obj_set_pos)
                  00015051    00000003     --HOLE-- [fill = 0]
                  00015054    000000fc     drivers_msp432p401x.aem4f : ADCMSP432.oem4f (.text:ADCMSP432_convert)
                  00015150    000000fc                               : SPIMSP432DMA.oem4f (.text:configDMA)
                  0001524c    000000fc     lv_task.obj (.text:lv_task_create_basic)
                  00015348    000000fc     lv_txt.obj (.text:lv_txt_get_next_line)
                  00015444    00000004     dpl_msp432p401x.aem4f : HwiP_tirtos.oem4f (.text:HwiP_clearInterrupt)
                  00015448    000000f8     sysbios.aem4f : BIOS.obj (.text:ti_sysbios_family_arm_msp432_init_Boot_configureClocksHigh)
                  00015540    000000f8                   : BIOS.obj (.text:timer_create)
                  00015638    000000f0     msp432p4xx_driverlib.lib : dma.o (.text:DMA_setChannelTransfer)
                  00015728    000000f0     sysbios.aem4f : BIOS.obj (.text:pthread_create)
                  00015818    000000f0                   : m3_Hwi_asm.obj (.text:ti_sysbios_family_arm_m3_Hwi_dispatch__I)
                  00015908    000000ee     lv_cont.obj (.text:lv_cont_layout_col)
                  000159f6    00000002     --HOLE-- [fill = 0]
                  000159f8    000000ec     lv_font_fmt_txt.obj (.text:bits_write)
                  00015ae4    000000ec     lv_port_indev.obj (.text:lv_port_indev_init)
                  00015bd0    000000e8     lv_obj.obj (.text:lv_event_send_func)
                  00015cb8    000000e4     msp432p4xx_driverlib.lib : cs.o (.text:CS_startHFXTWithTimeout)
                  00015d9c    000000e4     lv_anim.obj (.text:anim_ready_handler)
                  00015e80    000000e0     msp432p4xx_driverlib.lib : cs.o (.text:CS_startLFXTWithTimeout)
                  00015f60    000000e0     sysbios.aem4f : BIOS.obj (.text:clock_gettime)
                  00016040    000000e0     lv_theme_material.obj (.text:lv_theme_material_init)
                  00016120    000000e0     sysbios.aem4f : BIOS.obj (.text:ti_sysbios_knl_Task_Instance_init__E)
                  00016200    000000de     lv_obj.obj (.text:lv_obj_design)
                  000162de    00000002     --HOLE-- [fill = 0]
                  000162e0    000000dc     drivers_msp432p401x.aem4f : UDMAMSP432.oem4f (.text:UDMAMSP432_close)
                  000163bc    000000dc     msp432p4xx_driverlib.lib : cs.o (.text:_CSGetHFXTFrequency)
                  00016498    000000dc     lv_theme_material.obj (.text:bar_init)
                  00016574    000000dc     lv_chart.obj (.text:lv_chart_design)
                  00016650    000000d8     lv_ddlist.obj (.text:lv_ddlist_refr_width)
                  00016728    000000d8     lv_txt.obj (.text:lv_txt_get_width)
                  00016800    000000d5     lv_cb.obj (.text:lv_cb_set_style)
                  000168d5    00000003     --HOLE-- [fill = 0]
                  000168d8    000000d4     lv_label.obj (.text:lv_label_set_long_mode)
                  000169ac    000000d1     lv_cont.obj (.text:lv_cont_set_fit4)
                  00016a7d    00000003     --HOLE-- [fill = 0]
                  00016a80    000000d0     lv_btn.obj (.text:lv_btn_ink_effect_anim_ready)
                  00016b50    000000d0     sysbios.aem4f : BIOS.obj (.text:ti_sysbios_heaps_HeapMem_alloc__E)
                  00016c20    000000d0                   : BIOS.obj (.text:timer_settime)
                  00016cf0    000000c8     lv_cont.obj (.text:lv_cont_signal)
                  00016db8    000000c8     lv_debug.obj (.text:lv_debug_log_error)
                  00016e80    000000c8     lv_draw_basic.obj (.text:lv_draw_fill)
                  00016f48    000000c6     lv_obj.obj (.text:delete_children)
                  0001700e    000000c6     lv_area.obj (.text:lv_area_intersect)
                  000170d4    000000c5     lv_page.obj (.text:lv_page_set_sb_mode)
                  00017199    00000003     --HOLE-- [fill = 0]
                  0001719c    000000c4     lv_theme_material.obj (.text:ddlist_init)
                  00017260    000000c4     lv_img_cache.obj (.text:lv_img_cache_set_size)
                  00017324    000000c4     lv_txt.obj (.text:lv_txt_unicode_to_utf8)
                  000173e8    000000c4     sysbios.aem4f : BIOS.obj (.text:ti_sysbios_knl_Task_sleep__E)
                  000174ac    000000c2     lv_img_decoder.obj (.text:lv_img_decoder_built_in_info)
                  0001756e    00000002     --HOLE-- [fill = 0]
                  00017570    000000c0     lv_ddlist.obj (.text:lv_ddlist_scrl_signal)
                  00017630    000000bc     lv_font_fmt_txt.obj (.text:lv_font_get_glyph_dsc_fmt_txt)
                  000176ec    000000b9     lv_obj.obj (.text:lv_obj_set_parent)
                  000177a5    00000003     --HOLE-- [fill = 0]
                  000177a8    000000b8     sysbios.aem4f : BIOS.obj (.text:ti_sysbios_family_arm_m3_Hwi_Instance_init__E)
                  00017860    000000b5     lv_tabview.obj (.text:lv_tabview_get_style)
                  00017915    00000003     --HOLE-- [fill = 0]
                  00017918    000000b4     msp432p4xx_driverlib.lib : adc14.o (.text:ADC14_configureConversionMemory)
                  000179cc    000000b4     lv_tabview.obj (.text:tabpage_scrl_signal)
                  00017a80    000000b2     lv_page.obj (.text:lv_page_on_edge)
                  00017b32    000000b0     msp432p4xx_driverlib.lib : spi.o (.text:SPI_initMaster)
                  00017be2    00000002     --HOLE-- [fill = 0]
                  00017be4    000000b0     lv_label.obj (.text:lv_label_revert_dots)
                  00017c94    000000ad     lv_btnm.obj (.text:lv_btnm_set_style)
                  00017d41    00000003     --HOLE-- [fill = 0]
                  00017d44    000000ad     lv_page.obj (.text:lv_page_set_style)
                  00017df1    00000003     --HOLE-- [fill = 0]
                  00017df4    000000ac     drivers_msp432p401x.aem4f : GPIOMSP432.oem4f (.text:GPIO_init)
                  00017ea0    000000ac     lv_chart.obj (.text:lv_color_mix)
                  00017f4c    000000ac     lv_draw_basic.obj (.text:lv_color_mix)
                  00017ff8    000000ac     lv_draw_rect.obj (.text:lv_color_mix)
                  000180a4    000000ac     lv_style.obj (.text:lv_color_mix)
                  00018150    000000ac     lv_tabview.obj (.text:tabpage_signal)
                  000181fc    00000004     dpl_msp432p401x.aem4f : HwiP_tirtos.oem4f (.text:HwiP_disable)
                  00018200    000000aa     sysbios.aem4f : BIOS.obj (.text:xdc_runtime_Core_createObject__I)
                  000182aa    000000a8     lv_btnm.obj (.text:get_button_from_point)
                  00018352    00000006     drivers_msp432p401x.aem4f : ADCMSP432.oem4f (.text:ADCMSP432_control)
                  00018358    000000a8     sysbios.aem4f : BIOS.obj (.text:ti_sysbios_family_arm_msp432_Timer_periodicStub__E)
                  00018400    000000a6     lv_btnm.obj (.text:maps_are_identical)
                  000184a6    00000002     --HOLE-- [fill = 0]
                  000184a8    000000a4     lv_chart.obj (.text:lv_chart_signal)
                  0001854c    000000a4     lv_draw_img.obj (.text:lv_img_color_format_get_px_size)
                  000185f0    000000a4     lv_hal_indev.obj (.text:lv_indev_drv_register)
                  00018694    00000004     dpl_msp432p401x.aem4f : HwiP_tirtos.oem4f (.text:HwiP_disableInterrupt)
                  00018698    000000a4     sysbios.aem4f : BIOS.obj (.text:ti_sysbios_knl_Task_setPri__E)
                  0001873c    000000a0     auto_init.aem4f : auto_init.oem4f (.text)
                  000187dc    000000a0     lv_chart.obj (.text:lv_chart_inv_cols)
                  0001887c    0000009e     lv_ll.obj (.text:lv_ll_rem)
                  0001891a    00000002     --HOLE-- [fill = 0]
                  0001891c    0000009c     drivers_msp432p401x.aem4f : PowerMSP432.oem4f (.text:Power_init)
                  000189b8    0000009c     lv_draw_label.obj (.text:hex_char_to_num)
                  00018a54    0000009c     lv_theme_material.obj (.text:label_init)
                  00018af0    0000009c     lv_draw_rect.obj (.text:lv_draw_rect)
                  00018b8c    0000009c     lv_img_cache.obj (.text:lv_img_cache_invalidate_src)
                  00018c28    0000009c     rtsv7M4_T_le_v4SPD16_eabi.lib : memcpy_t2.asm.obj (.text)
                  00018cc4    00000099     lv_btnm.obj (.text:lv_btnm_get_style)
                  00018d5d    00000001     --HOLE-- [fill = 0]
                  00018d5e    00000098     lv_draw_line.obj (.text:line_next)
                  00018df6    00000002     --HOLE-- [fill = 0]
                  00018df8    00000098     lv_cb.obj (.text:lv_cb_design)
                  00018e90    00000098     lv_ll.obj (.text:lv_ll_chg_list)
                  00018f28    00000096     lv_area.obj (.text:lv_area_join)
                  00018fbe    00000096     rtsv7M4_T_le_v4SPD16_eabi.lib : ull_div_t2.asm.obj (.text)
                  00019054    00000095     lv_btn.obj (.text:lv_btn_set_style)
                  000190e9    00000003     --HOLE-- [fill = 0]
                  000190ec    00000094     drivers_msp432p401x.aem4f : UDMAMSP432.oem4f (.text:UDMAMSP432_init)
                  00019180    00000094                               : UDMAMSP432.oem4f (.text:UDMAMSP432_open)
                  00019214    00000004     dpl_msp432p401x.aem4f : HwiP_tirtos.oem4f (.text:HwiP_enableInterrupt)
                  00019218    00000094     sysbios.aem4f : BIOS.obj (.text:_pthread_removeThreadKeys)
                  000192ac    00000094     lv_ddlist.obj (.text:lv_ddlist_pos_current_option)
                  00019340    00000094     lv_obj.obj (.text:lv_obj_get_disp)
                  000193d4    00000004     drivers_msp432p401x.aem4f : SPIMSP432DMA.oem4f (.text:SPIMSP432DMA_init)
                  000193d8    00000094     sysbios.aem4f : BIOS.obj (.text:ti_sysbios_family_arm_m3_Hwi_initNVIC__E)
                  0001946c    00000004     dpl_msp432p401x.aem4f : SemaphoreP_tirtos.oem4f (.text:SemaphoreP_post)
                  00019470    00000094     sysbios.aem4f : BIOS.obj (.text:ti_sysbios_knl_Task_exit__E)
                  00019504    00000092     lv_cont.obj (.text:lv_cont_refr_layout)
                  00019596    00000002     --HOLE-- [fill = 0]
                  00019598    00000090     lv_indev.obj (.text:indev_proc_reset_query_handler)
                  00019628    00000090     sysbios.aem4f : BIOS.obj (.text:ti_sysbios_knl_Task_Module_startup__E)
                  000196b8    0000008e     lv_refr.obj (.text:lv_refr_get_top_obj)
                  00019746    00000002     --HOLE-- [fill = 0]
                  00019748    0000008c     drivers_msp432p401x.aem4f : ADCMSP432.oem4f (.text:ADCMSP432_open)
                  000197d4    0000008c     lv_anim.obj (.text:lv_anim_create)
                  00019860    0000008c     lv_chart.obj (.text:lv_chart_create_label_iter)
                  000198ec    0000008c     lv_draw.obj (.text:lv_draw_get_buf)
                  00019978    0000008c     sysbios.aem4f : m3_TaskSupport_asm.obj (.text:ti_sysbios_family_arm_m3_TaskSupport_buildTaskStack)
                  00019a04    00000004     release_pem4f.oem4f (.text:ti_sysbios_BIOS_RtsGateProxy_enter__E)
                  00019a08    0000008c     sysbios.aem4f : BIOS.obj (.text:xdc_runtime_Memory_alloc__E)
                  00019a94    0000008a     lv_mem.obj (.text:ent_trunc)
                  00019b1e    0000008a     lv_tabview.obj (.text:tab_btnm_event_cb)
                  00019ba8    00000087     lv_obj.obj (.text:lv_obj_signal)
                  00019c2f    00000001     --HOLE-- [fill = 0]
                  00019c30    00000086     lv_indev.obj (.text:indev_search_obj)
                  00019cb6    00000086     drivers_msp432p401x.aem4f : SPIMSP432DMA.oem4f (.text:initHw)
                  00019d3c    00000086     lv_draw_rect.obj (.text:lv_draw_cont_radius_corr)
                  00019dc2    00000086     lv_mem.obj (.text:lv_mem_realloc)
                  00019e48    00000086     sysbios.aem4f : BIOS.obj (.text:xdc_runtime_Core_constructObject__I)
                  00019ece    00000002     --HOLE-- [fill = 0]
                  00019ed0    00000085     lv_ddlist.obj (.text:lv_ddlist_set_style)
                  00019f55    00000003     --HOLE-- [fill = 0]
                  00019f58    00000085     lv_page.obj (.text:lv_page_get_style)
                  00019fdd    00000003     --HOLE-- [fill = 0]
                  00019fe0    00000085     lv_tabview.obj (.text:lv_tabview_get_tab)
                  0001a065    00000003     --HOLE-- [fill = 0]
                  0001a068    00000084     msp432p4xx_driverlib.lib : pcm.o (.text:PCM_gotoLPM3)
                  0001a0ec    00000084     lv_refr.obj (.text:lv_refr_obj_and_children)
                  0001a170    00000084     lv_txt.obj (.text:lv_txt_utf8_prev)
                  0001a1f4    00000084     drivers_msp432p401x.aem4f : PowerMSP432.oem4f (.text:restartHFXT)
                  0001a278    00000084     sysbios.aem4f : BIOS.obj (.text:ti_sysbios_family_arm_m3_Hwi_postInit__I)
                  0001a2fc    00000004     release_pem4f.oem4f (.text:ti_sysbios_BIOS_RtsGateProxy_leave__E)
                  0001a300    00000084     sysbios.aem4f : BIOS.obj (.text:ti_sysbios_heaps_HeapMem_free__E)
                  0001a384    00000082     lv_btnm.obj (.text:invalidate_button_area)
                  0001a406    00000002     --HOLE-- [fill = 0]
                  0001a408    00000082     lv_obj.obj (.text:lv_obj_report_style_mod)
                  0001a48a    00000002     --HOLE-- [fill = 0]
                  0001a48c    00000081     lv_obj.obj (.text:lv_obj_set_hidden)
                  0001a50d    00000003     --HOLE-- [fill = 0]
                  0001a510    00000080     lv_bar.obj (.text:lv_bar_signal)
                  0001a590    00000080     lv_label.obj (.text:lv_label_set_dot_tmp)
                  0001a610    00000080     sysbios.aem4f : BIOS.obj (.text:ti_sysbios_knl_Clock_workFunc__E)
                  0001a690    0000007e     lv_indev.obj (.text:indev_pointer_proc)
                  0001a70e    0000007e     lv_ll.obj (.text:lv_ll_ins_prev)
                  0001a78c    0000007d     lv_label.obj (.text:lv_label_set_static_text)
                  0001a809    00000001     --HOLE-- [fill = 0]
                  0001a80a    0000007c     lv_chart.obj (.text:lv_chart_inv_points)
                  0001a886    0000007c     lv_ll.obj (.text:lv_ll_move_before)
                  0001a902    00000002     --HOLE-- [fill = 0]
                  0001a904    0000007c     lv_page.obj (.text:lv_page_start_edge_flash)
                  0001a980    0000007c     lv_refr.obj (.text:lv_refr_area_part)
                  0001a9fc    0000007c     lv_task.obj (.text:lv_task_set_prio)
                  0001aa78    0000007a     rtsv7M4_T_le_v4SPD16_eabi.lib : memset_t2.asm.obj (.text)
                  0001aaf2    00000002     --HOLE-- [fill = 0]
                  0001aaf4    00000079     lv_slider.obj (.text:lv_slider_get_style)
                  0001ab6d    00000003     --HOLE-- [fill = 0]
                  0001ab70    00000078     lv_page.obj (.text:lv_page_scroll_hor)
                  0001abe8    00000078     lv_page.obj (.text:lv_page_scroll_ver)
                  0001ac60    00000078     lv_refr.obj (.text:lv_refr_vdb_flush)
                  0001acd8    00000078     lv_page.obj (.text:scrl_def_event_cb)
                  0001ad50    00000076     lv_txt.obj (.text:lv_txt_is_cmd)
                  0001adc6    00000002     --HOLE-- [fill = 0]
                  0001adc8    00000075     lv_slider.obj (.text:lv_slider_set_style)
                  0001ae3d    00000001     --HOLE-- [fill = 0]
                  0001ae3e    00000074     lv_indev.obj (.text:indev_button_proc)
                  0001aeb2    00000002     --HOLE-- [fill = 0]
                  0001aeb4    00000074     lv_anim.obj (.text:lv_anim_del)
                  0001af28    00000074     lv_utils.obj (.text:lv_utils_bsearch)
                  0001af9c    00000074     lv_obj.obj (.text:refresh_children_position)
                  0001b010    00000071     lv_obj.obj (.text:lv_obj_realign)
                  0001b081    00000003     --HOLE-- [fill = 0]
                  0001b084    00000070     lv_img_decoder.obj (.text:lv_img_decoder_init)
                  0001b0f4    00000070     lv_obj.obj (.text:lv_obj_get_style)
                  0001b164    00000070     lv_refr.obj (.text:lv_refr_areas)
                  0001b1d4    00000070     lv_theme_material.obj (.text:slider_init)
                  0001b244    00000004     release_pem4f.oem4f (.text:ti_sysbios_family_arm_m3_Hwi_delete)
                  0001b248    00000070     sysbios.aem4f : BIOS.obj (.text:ti_sysbios_heaps_HeapMem_initPrimary__I)
                  0001b2b8    0000006e     rtsv7M4_T_le_v4SPD16_eabi.lib : ll_div_t2.asm.obj (.text)
                  0001b326    00000002     --HOLE-- [fill = 0]
                  0001b328    0000006c     lv_theme_material.obj (.text:img_init)
                  0001b394    0000006c     lv_task.obj (.text:lv_task_exec)
                  0001b400    0000006c     sysbios.aem4f : BIOS.obj (.text:ti_sysbios_family_arm_msp432_Seconds_get__E)
                  0001b46c    00000004     release_pem4f.oem4f (.text:ti_sysbios_family_arm_m3_TaskSupport_Module__startupDone__S)
                  0001b470    0000006c     sysbios.aem4f : BIOS.obj (.text:ti_sysbios_knl_Swi_restoreHwi__E)
                  0001b4dc    0000006a     lv_font_fmt_txt.obj (.text:get_bits)
                  0001b546    0000006a     lv_anim.obj (.text:lv_anim_speed_to_time)
                  0001b5b0    0000006a     lv_txt.obj (.text:lv_txt_utf8_conv_wc)
                  0001b61a    00000002     --HOLE-- [fill = 0]
                  0001b61c    00000069     lv_bar.obj (.text:lv_bar_get_style)
                  0001b685    00000003     --HOLE-- [fill = 0]
                  0001b688    00000069     lv_btnm.obj (.text:lv_btnm_get_btn_ctrl)
                  0001b6f1    00000003     --HOLE-- [fill = 0]
                  0001b6f4    00000069     lv_chart.obj (.text:lv_chart_set_range)
                  0001b75d    00000003     --HOLE-- [fill = 0]
                  0001b760    00000069     lv_label.obj (.text:lv_label_set_body_draw)
                  0001b7c9    00000003     --HOLE-- [fill = 0]
                  0001b7cc    00000069     lv_obj.obj (.text:lv_obj_move_foreground)
                  0001b835    00000003     --HOLE-- [fill = 0]
                  0001b838    00000068     drivers_msp432p401x.aem4f : GPIOMSP432.oem4f (.text:GPIO_hwiIntFxn)
                  0001b8a0    00000068                               : PowerMSP432.oem4f (.text:PowerMSP432_getFreqs)
                  0001b908    00000068     rtsv7M4_T_le_v4SPD16_eabi.lib : copy_decompress_lzss.c.obj (.text:decompress:lzss:__TI_decompress_lzss)
                  0001b970    00000066     lv_task.obj (.text:lv_task_create)
                  0001b9d6    00000002     --HOLE-- [fill = 0]
                  0001b9d8    00000066     sysbios.aem4f : BIOS.obj (.text:xdc_runtime_Core_deleteObject__I)
                  0001ba3e    00000002     --HOLE-- [fill = 0]
                  0001ba40    00000065     lv_bar.obj (.text:lv_bar_set_style)
                  0001baa5    00000003     --HOLE-- [fill = 0]
                  0001baa8    00000065     lv_btn.obj (.text:lv_btn_set_state)
                  0001bb0d    00000003     --HOLE-- [fill = 0]
                  0001bb10    00000065     lv_btnm.obj (.text:lv_btnm_set_pressed)
                  0001bb75    00000003     --HOLE-- [fill = 0]
                  0001bb78    00000065     lv_ddlist.obj (.text:lv_ddlist_get_style)
                  0001bbdd    00000001     --HOLE-- [fill = 0]
                  0001bbde    00000064     drivers_msp432p401x.aem4f : SPIMSP432DMA.oem4f (.text:SPIMSP432DMA_close)
                  0001bc42    00000002     --HOLE-- [fill = 0]
                  0001bc44    00000064     main_tirtos.obj (.text:main)
                  0001bca8    00000064     sysbios.aem4f : BIOS.obj (.text:pthread_cancel)
                  0001bd0c    00000004     release_pem4f.oem4f (.text:ti_sysbios_heaps_HeapMem_Module_GateProxy_enter__E)
                  0001bd10    00000064     sysbios.aem4f : BIOS.obj (.text:pthread_exit)
                  0001bd74    00000004     release_pem4f.oem4f (.text:ti_sysbios_heaps_HeapMem_Module_GateProxy_leave__E)
                  0001bd78    00000064     sysbios.aem4f : BIOS.obj (.text:ti_sysbios_family_arm_m3_Hwi_dispatchC__I)
                  0001bddc    00000062     lv_obj.obj (.text:lv_obj_set_style)
                  0001be3e    00000002     --HOLE-- [fill = 0]
                  0001be40    00000061     lv_btnm.obj (.text:lv_btnm_clear_btn_ctrl)
                  0001bea1    00000003     --HOLE-- [fill = 0]
                  0001bea4    00000061     lv_btnm.obj (.text:lv_btnm_clear_btn_ctrl_all)
                  0001bf05    00000003     --HOLE-- [fill = 0]
                  0001bf08    00000061     lv_btnm.obj (.text:lv_btnm_set_btn_ctrl)
                  0001bf69    00000003     --HOLE-- [fill = 0]
                  0001bf6c    00000061     lv_cont.obj (.text:lv_cont_set_layout)
                  0001bfcd    00000003     --HOLE-- [fill = 0]
                  0001bfd0    00000061     lv_label.obj (.text:lv_label_set_recolor)
                  0001c031    00000003     --HOLE-- [fill = 0]
                  0001c034    00000060     drivers_msp432p401x.aem4f : ADCMSP432.oem4f (.text:ADCMSP432_convertToMicroVolts)
                  0001c094    00000060                               : GPIOMSP432.oem4f (.text:GPIO_setCallback)
                  0001c0f4    00000004     release_pem4f.oem4f (.text:ti_sysbios_knl_Clock_TimerProxy_getMaxTicks__E)
                  0001c0f8    00000060     sysbios.aem4f : BIOS.obj (.text:ti_sysbios_knl_Semaphore_post__E)
                  0001c158    00000060                   : BIOS.obj (.text:ti_sysbios_knl_Swi_run__I)
                  0001c1b8    0000005e     msp432p4xx_driverlib.lib : pcm.o (.text:PCM_getCoreVoltageLevel)
                  0001c216    0000005c     lv_area.obj (.text:lv_area_is_in)
                  0001c272    0000005c     lv_area.obj (.text:lv_area_is_point_on)
                  0001c2ce    00000002     --HOLE-- [fill = 0]
                  0001c2d0    0000005c     lv_cb.obj (.text:lv_bullet_design)
                  0001c32c    0000005c     lv_circ.obj (.text:lv_circ_next)
                  0001c388    0000005c     lv_hal_indev.obj (.text:lv_indev_read)
                  0001c3e4    0000005c     lv_page.obj (.text:lv_scrl_design)
                  0001c440    0000005c     sysbios.aem4f : BIOS.obj (.text:ti_sysbios_knl_Swi_schedule__I)
                  0001c49c    00000004     release_pem4f.oem4f (.text:ti_sysbios_knl_Semaphore_delete)
                  0001c4a0    0000005c     sysbios.aem4f : BIOS.obj (.text:ti_sysbios_knl_Task_startCore__E)
                  0001c4fc    00000004     release_pem4f.oem4f (.text:ti_sysbios_knl_Task_delete)
                  0001c500    0000005c     sysbios.aem4f : BIOS.obj (.text:xdc_runtime_Startup_exec__E)
                  0001c55c    0000005a     msp432p4xx_driverlib.lib : pcm.o (.text:PCM_getPowerMode)
                  0001c5b6    0000005a     drivers_msp432p401x.aem4f : ADCMSP432.oem4f (.text:initHw)
                  0001c610    0000005a     lv_ll.obj (.text:lv_ll_ins_tail)
                  0001c66a    00000002     --HOLE-- [fill = 0]
                  0001c66c    00000059     lv_label.obj (.text:lv_label_set_align)
                  0001c6c5    00000003     --HOLE-- [fill = 0]
                  0001c6c8    00000059     lv_obj.obj (.text:lv_obj_set_drag)
                  0001c721    00000003     --HOLE-- [fill = 0]
                  0001c724    00000058     drivers_msp432p401x.aem4f : GPIOMSP432.oem4f (.text:GPIO_write)
                  0001c77c    00000058     boot.aem4f : boot.oem4f (.text)
                  0001c7d4    00000058     lv_txt.obj (.text:lv_txt_utf8_get_byte_id)
                  0001c82c    00000058     drivers_msp432p401x.aem4f : SPIMSP432DMA.oem4f (.text:spiHwiFxn)
                  0001c884    00000058     sysbios.aem4f : m3_Hwi_asm_switch.obj (.text:ti_sysbios_family_arm_m3_Hwi_initStacks__E)
                  0001c8dc    00000056     lv_anim.obj (.text:lv_anim_path_linear)
                  0001c932    00000002     --HOLE-- [fill = 0]
                  0001c934    00000055     lv_obj.obj (.text:lv_obj_get_opa_scale)
                  0001c989    00000003     --HOLE-- [fill = 0]
                  0001c98c    00000055     lv_obj.obj (.text:lv_obj_get_x)
                  0001c9e1    00000003     --HOLE-- [fill = 0]
                  0001c9e4    00000055     lv_obj.obj (.text:lv_obj_get_y)
                  0001ca39    00000003     --HOLE-- [fill = 0]
                  0001ca3c    00000054     msp432p4xx_driverlib.lib : pcm.o (.text:PCM_shutdownDevice)
                  0001ca90    00000054     lv_hal_disp.obj (.text:lv_disp_drv_init)
                  0001cae4    00000054     lv_mem.obj (.text:lv_mem_alloc)
                  0001cb38    00000054     release_pem4f.oem4f (.text:ti_sysbios_family_arm_m3_Hwi_create)
                  0001cb8c    00000004     release_pem4f.oem4f (.text:xdc_runtime_System_Module_GateProxy_enter__E)
                  0001cb90    00000054     sysbios.aem4f : BIOS.obj (.text:ti_sysbios_family_arm_msp432_Timer_initDevice__I)
                  0001cbe4    00000004     release_pem4f.oem4f (.text:xdc_runtime_System_Module_GateProxy_leave__E)
                  0001cbe8    00000054     sysbios.aem4f : BIOS.obj (.text:timer_gettime)
                  0001cc3c    00000052     lv_area.obj (.text:lv_area_is_on)
                  0001cc8e    00000052     lv_ll.obj (.text:lv_ll_ins_head)
                  0001cce0    00000051     lv_chart.obj (.text:lv_chart_set_series_width)
                  0001cd31    00000003     --HOLE-- [fill = 0]
                  0001cd34    00000050     drivers_msp432p401x.aem4f : UDMAMSP432.oem4f (.text:UDMAMSP432_hwiFxn)
                  0001cd84    00000050     lv_page.obj (.text:edge_flash_anim_end)
                  0001cdd4    00000050     lv_txt.obj (.text:is_break_char)
                  0001ce24    00000050     lv_draw_img.obj (.text:lv_img_src_get_type)
                  0001ce74    00000050     lv_obj.obj (.text:lv_init)
                  0001cec4    00000004     --HOLE-- [fill = 0]
                  0001cec8    00000050     sysbios.aem4f : BIOS.obj (.text:ti_sysbios_family_arm_m3_Hwi_Module_startup__E)
                  0001cf18    00000050     release_pem4f.oem4f (.text:ti_sysbios_knl_Task_create)
                  0001cf68    0000004e     lv_color.obj (.text:lv_color_make)
                  0001cfb6    0000004e     lv_draw_label.obj (.text:lv_color_make)
                  0001d004    0000004e     lv_img_decoder.obj (.text:lv_color_make)
                  0001d052    0000004e     lv_style.obj (.text:lv_color_make)
                  0001d0a0    0000004e     lv_theme_material.obj (.text:lv_color_make)
                  0001d0ee    00000002     --HOLE-- [fill = 0]
                  0001d0f0    0000004d     lv_btn.obj (.text:lv_btn_set_toggle)
                  0001d13d    00000003     --HOLE-- [fill = 0]
                  0001d140    0000004d     lv_obj.obj (.text:lv_event_send)
                  0001d18d    00000003     --HOLE-- [fill = 0]
                  0001d190    0000004d     lv_label.obj (.text:lv_label_get_align)
                  0001d1dd    00000003     --HOLE-- [fill = 0]
                  0001d1e0    0000004d     lv_obj.obj (.text:lv_obj_get_child)
                  0001d22d    00000003     --HOLE-- [fill = 0]
                  0001d230    0000004d     lv_obj.obj (.text:lv_obj_get_child_back)
                  0001d27d    00000003     --HOLE-- [fill = 0]
                  0001d280    0000004d     lv_tabview.obj (.text:lv_tabview_set_sliding)
                  0001d2cd    00000003     --HOLE-- [fill = 0]
                  0001d2d0    0000004c     dpl_msp432p401x.aem4f : PowerMSP432_tirtos.oem4f (.text:PowerMSP432_sleepPolicy)
                  0001d31c    0000004c     rtsv7M4_T_le_v4SPD16_eabi.lib : cpy_tbl.c.obj (.text:copy_in)
                  0001d368    0000004c     lv_indev.obj (.text:lv_indev_get_vect)
                  0001d3b4    0000004c     ti_lvgl_ssd2119_disp.obj (.text:lv_port_disp_init)
                  0001d400    0000004c     lv_font_fmt_txt.obj (.text:rle_init)
                  0001d44c    00000004     --HOLE-- [fill = 0]
                  0001d450    0000004c     sysbios.aem4f : BIOS.obj (.text:ti_sysbios_family_arm_msp432_Timer_postInit__I)
                  0001d49c    00000004     --HOLE-- [fill = 0]
                  0001d4a0    0000004c                   : BIOS.obj (.text:ti_sysbios_family_arm_msp432_Timer_start__E)
                  0001d4ec    00000004     --HOLE-- [fill = 0]
                  0001d4f0    0000004c                   : BIOS.obj (.text:ti_sysbios_heaps_HeapMem_getStats__E)
                  0001d53c    00000004     --HOLE-- [fill = 0]
                  0001d540    0000004c                   : BIOS.obj (.text:ti_sysbios_knl_Swi_runLoop__I)
                  0001d58c    00000004     --HOLE-- [fill = 0]
                  0001d590    0000004c                   : BIOS.obj (.text:ti_sysbios_knl_Task_allBlockedFunction__I)
                  0001d5dc    00000004     --HOLE-- [fill = 0]
                  0001d5e0    0000004c                   : BIOS.obj (.text:ti_sysbios_knl_Task_schedule__I)
                  0001d62c    0000004a     lv_hal_disp.obj (.text:lv_disp_pop_from_inv_buf)
                  0001d676    0000004a     lv_obj.obj (.text:report_style_mod_core)
                  0001d6c0    00000049     lv_bar.obj (.text:lv_bar_get_value)
                  0001d709    00000003     --HOLE-- [fill = 0]
                  0001d70c    00000049     lv_obj.obj (.text:lv_obj_clear_protect)
                  0001d755    00000003     --HOLE-- [fill = 0]
                  0001d758    00000049     lv_obj.obj (.text:lv_obj_get_height_fit)
                  0001d7a1    00000003     --HOLE-- [fill = 0]
                  0001d7a4    00000049     lv_obj.obj (.text:lv_obj_get_width_fit)
                  0001d7ed    00000003     --HOLE-- [fill = 0]
                  0001d7f0    00000049     lv_obj.obj (.text:lv_obj_set_click)
                  0001d839    00000003     --HOLE-- [fill = 0]
                  0001d83c    00000049     lv_obj.obj (.text:lv_obj_set_drag_throw)
                  0001d885    00000003     --HOLE-- [fill = 0]
                  0001d888    00000049     lv_slider.obj (.text:lv_slider_get_value)
                  0001d8d1    00000003     --HOLE-- [fill = 0]
                  0001d8d4    00000048     drivers_msp432p401x.aem4f : PowerMSP432.oem4f (.text:Power_releaseConstraint)
                  0001d91c    00000048     lv_mem.obj (.text:ent_get_next)
                  0001d964    00000048     lv_img_decoder.obj (.text:lv_img_decoder_create)
                  0001d9ac    00000048     lv_txt.obj (.text:lv_txt_utf8_size)
                  0001d9f4    00000048     lv_obj.obj (.text:refresh_children_style)
                  0001da3c    00000048     ti_lvgl_disp_interface.obj (.text:spi_wr_word)
                  0001da84    00000004     --HOLE-- [fill = 0]
                  0001da88    00000048     sysbios.aem4f : BIOS.obj (.text:ti_sysbios_family_arm_m3_Hwi_disableInterrupt__E)
                  0001dad0    00000048                   : BIOS.obj (.text:ti_sysbios_family_arm_m3_Hwi_enableInterrupt__E)
                  0001db18    00000048                   : BIOS.obj (.text:ti_sysbios_knl_Mailbox_Module_startup__E)
                  0001db60    00000048                   : BIOS.obj (.text:xdc_runtime_Core_assignParams__I)
                  0001dba8    00000046     lv_area.obj (.text:lv_area_set_pos)
                  0001dbee    00000046     lv_obj.obj (.text:lv_obj_handle_get_type_signal)
                  0001dc34    00000045     lv_btn.obj (.text:lv_btn_get_toggle)
                  0001dc79    00000003     --HOLE-- [fill = 0]
                  0001dc7c    00000045     lv_label.obj (.text:lv_label_get_body_draw)
                  0001dcc1    00000003     --HOLE-- [fill = 0]
                  0001dcc4    00000045     lv_label.obj (.text:lv_label_get_recolor)
                  0001dd09    00000003     --HOLE-- [fill = 0]
                  0001dd0c    00000045     lv_obj.obj (.text:lv_obj_is_protected)
                  0001dd51    00000003     --HOLE-- [fill = 0]
                  0001dd54    00000045     lv_tabview.obj (.text:lv_tabview_get_sliding)
                  0001dd99    00000003     --HOLE-- [fill = 0]
                  0001dd9c    00000044     drivers_msp432p401x.aem4f : ADC.oem4f (.text:ADC_init)
                  0001dde0    00000044                               : SPI.oem4f (.text:SPI_init)
                  0001de24    00000044     lv_ddlist.obj (.text:lv_ddlist_get_txt_flag)
                  0001de68    00000044     sysbios.aem4f : BIOS.obj (.text:ti_sysbios_family_arm_m3_Hwi_getStackInfo__E)
                  0001deac    00000004     --HOLE-- [fill = 0]
                  0001deb0    00000044                   : BIOS.obj (.text:ti_sysbios_knl_Swi_post__E)
                  0001def4    00000042     lv_indev.obj (.text:lv_indev_reset)
                  0001df36    00000042     lv_ll.obj (.text:node_set_next)
                  0001df78    00000041     lv_obj.obj (.text:lv_obj_allocate_ext_attr)
                  0001dfb9    00000003     --HOLE-- [fill = 0]
                  0001dfbc    00000041     lv_obj.obj (.text:lv_obj_get_drag)
                  0001dffd    00000003     --HOLE-- [fill = 0]
                  0001e000    00000041     lv_obj.obj (.text:lv_obj_get_drag_throw)
                  0001e041    00000003     --HOLE-- [fill = 0]
                  0001e044    00000041     lv_obj.obj (.text:lv_obj_get_hidden)
                  0001e085    00000003     --HOLE-- [fill = 0]
                  0001e088    00000041     lv_obj.obj (.text:lv_obj_get_screen)
                  0001e0c9    00000003     --HOLE-- [fill = 0]
                  0001e0cc    00000041     lv_obj.obj (.text:lv_obj_refresh_ext_draw_pad)
                  0001e10d    00000003     --HOLE-- [fill = 0]
                  0001e110    00000041     lv_obj.obj (.text:lv_obj_refresh_style)
                  0001e151    00000003     --HOLE-- [fill = 0]
                  0001e154    00000040     drivers_msp432p401x.aem4f : ADCMSP432.oem4f (.text:ADCMSP432_close)
                  0001e194    00000040                               : ADC.oem4f (.text:ADC_open)
                  0001e1d4    00000040     dpl_msp432p401x.aem4f : HwiP_tirtos.oem4f (.text:HwiP_create)
                  0001e214    00000040     drivers_msp432p401x.aem4f : SPI.oem4f (.text:SPI_open)
                  0001e254    00000040     msp432p4xx_driverlib.lib : spi.o (.text:is_A_Module)
                  0001e294    00000040     lv_theme_material.obj (.text:lv_color_hex3)
                  0001e2d4    00000040     lv_indev.obj (.text:lv_indev_is_dragging)
                  0001e314    00000040     lv_txt.obj (.text:lv_txt_utf8_get_char_id)
                  0001e354    00000004     --HOLE-- [fill = 0]
                  0001e358    00000040     sysbios.aem4f : BIOS.obj (.text:ti_sysbios_family_arm_msp432_Timer_Module_startup__E)
                  0001e398    00000040                   : BIOS.obj (.text:ti_sysbios_family_arm_msp432_Timer_startup__E)
                  0001e3d8    00000040                   : BIOS.obj (.text:ti_sysbios_heaps_HeapMem_Instance_init__E)
                  0001e418    00000040                   : BIOS.obj (.text:ti_sysbios_knl_Clock_Instance_init__E)
                  0001e458    0000003e     lv_indev.obj (.text:lv_indev_get_point)
                  0001e496    0000003e     lv_ll.obj (.text:node_set_prev)
                  0001e4d4    0000003d     lv_cb.obj (.text:lv_cb_set_text)
                  0001e511    00000003     --HOLE-- [fill = 0]
                  0001e514    0000003d     lv_obj.obj (.text:lv_obj_get_auto_realign)
                  0001e551    00000003     --HOLE-- [fill = 0]
                  0001e554    0000003d     lv_obj.obj (.text:lv_obj_get_click)
                  0001e591    00000003     --HOLE-- [fill = 0]
                  0001e594    0000003d     lv_obj.obj (.text:lv_obj_set_height)
                  0001e5d1    00000003     --HOLE-- [fill = 0]
                  0001e5d4    0000003d     lv_obj.obj (.text:lv_obj_set_protect)
                  0001e611    00000003     --HOLE-- [fill = 0]
                  0001e614    0000003d     lv_obj.obj (.text:lv_obj_set_width)
                  0001e651    00000003     --HOLE-- [fill = 0]
                  0001e654    0000003d     lv_obj.obj (.text:lv_obj_set_x)
                  0001e691    00000003     --HOLE-- [fill = 0]
                  0001e694    0000003d     lv_obj.obj (.text:lv_obj_set_y)
                  0001e6d1    00000003     --HOLE-- [fill = 0]
                  0001e6d4    0000003d     lv_page.obj (.text:lv_page_set_anim_time)
                  0001e711    00000001     --HOLE-- [fill = 0]
                  0001e712    0000003c     lv_mem.obj (.text:ent_alloc)
                  0001e74e    00000002     --HOLE-- [fill = 0]
                  0001e750    0000003c     lv_indev.obj (.text:indev_reset_check)
                  0001e78c    0000003c     lv_draw_triangle.obj (.text:point_swap)
                  0001e7c8    0000003c     ti_lvgl_disp_interface.obj (.text:spi_init)
                  0001e804    00000004     --HOLE-- [fill = 0]
                  0001e808    0000003c     sysbios.aem4f : BIOS.obj (.text:ti_sysbios_family_arm_m3_Hwi_Instance_finalize__E)
                  0001e844    00000004     --HOLE-- [fill = 0]
                  0001e848    0000003c                   : BIOS.obj (.text:ti_sysbios_family_arm_msp432_Seconds_Module_startup__E)
                  0001e884    00000004     --HOLE-- [fill = 0]
                  0001e888    0000003c                   : BIOS.obj (.text:ti_sysbios_knl_Swi_restore__E)
                  0001e8c4    00000004     --HOLE-- [fill = 0]
                  0001e8c8    0000003c                   : BIOS.obj (.text:usleep)
                  0001e904    0000003a     lv_img_decoder.obj (.text:lv_img_decoder_close)
                  0001e93e    00000002     --HOLE-- [fill = 0]
                  0001e940    00000039     lv_btn.obj (.text:lv_btn_get_state)
                  0001e979    00000003     --HOLE-- [fill = 0]
                  0001e97c    00000039     lv_cont.obj (.text:lv_cont_get_fit_bottom)
                  0001e9b5    00000003     --HOLE-- [fill = 0]
                  0001e9b8    00000039     lv_cont.obj (.text:lv_cont_get_fit_left)
                  0001e9f1    00000003     --HOLE-- [fill = 0]
                  0001e9f4    00000039     lv_cont.obj (.text:lv_cont_get_fit_right)
                  0001ea2d    00000003     --HOLE-- [fill = 0]
                  0001ea30    00000039     lv_cont.obj (.text:lv_cont_get_fit_top)
                  0001ea69    00000003     --HOLE-- [fill = 0]
                  0001ea6c    00000039     lv_cont.obj (.text:lv_cont_get_layout)
                  0001eaa5    00000003     --HOLE-- [fill = 0]
                  0001eaa8    00000039     lv_label.obj (.text:lv_label_get_long_mode)
                  0001eae1    00000003     --HOLE-- [fill = 0]
                  0001eae4    00000038     drivers_msp432p401x.aem4f : PowerMSP432.oem4f (.text:Power_setConstraint)
                  0001eb1c    00000038     lv_ll.obj (.text:lv_ll_clear)
                  0001eb54    00000038     lv_mem.obj (.text:lv_mem_init)
                  0001eb8c    00000038     drivers_msp432p401x.aem4f : PowerMSP432.oem4f (.text:notify)
                  0001ebc4    00000004     --HOLE-- [fill = 0]
                  0001ebc8    00000038     sysbios.aem4f : BIOS.obj (.text:xdc_runtime_System_atexit__E)
                  0001ec00    00000036     lv_font_fmt_txt.obj (.text:kern_pair_16_compare)
                  0001ec36    00000036     lv_font_fmt_txt.obj (.text:kern_pair_8_compare)
                  0001ec6c    00000036     lv_hal_disp.obj (.text:lv_disp_buf_init)
                  0001eca2    00000036     lv_label.obj (.text:lv_label_dot_tmp_free)
                  0001ecd8    00000036     rtsv7M4_T_le_v4SPD16_eabi.lib : strncpy.c.obj (.text:strncpy)
                  0001ed0e    00000002     --HOLE-- [fill = 0]
                  0001ed10    00000035     lv_bar.obj (.text:lv_bar_get_max_value)
                  0001ed45    00000003     --HOLE-- [fill = 0]
                  0001ed48    00000035     lv_bar.obj (.text:lv_bar_get_min_value)
                  0001ed7d    00000003     --HOLE-- [fill = 0]
                  0001ed80    00000035     lv_btnm.obj (.text:lv_btnm_get_active_btn)
                  0001edb5    00000003     --HOLE-- [fill = 0]
                  0001edb8    00000035     lv_btnm.obj (.text:lv_btnm_get_map_array)
                  0001eded    00000003     --HOLE-- [fill = 0]
                  0001edf0    00000035     lv_label.obj (.text:lv_label_get_text)
                  0001ee25    00000003     --HOLE-- [fill = 0]
                  0001ee28    00000035     lv_obj.obj (.text:lv_obj_get_coords)
                  0001ee5d    00000003     --HOLE-- [fill = 0]
                  0001ee60    00000035     lv_page.obj (.text:lv_page_get_anim_time)
                  0001ee95    00000003     --HOLE-- [fill = 0]
                  0001ee98    00000035     lv_page.obj (.text:lv_page_get_scrl)
                  0001eecd    00000003     --HOLE-- [fill = 0]
                  0001eed0    00000035     lv_tabview.obj (.text:lv_tabview_get_anim_time)
                  0001ef05    00000003     --HOLE-- [fill = 0]
                  0001ef08    00000035     lv_tabview.obj (.text:lv_tabview_get_tab_act)
                  0001ef3d    00000001     --HOLE-- [fill = 0]
                  0001ef3e    00000034     lv_font_fmt_txt.obj (.text:decompress_line)
                  0001ef72    00000034     lv_area.obj (.text:lv_area_set)
                  0001efa6    00000034     lv_ddlist.obj (.text:lv_ddlist_anim_finish)
                  0001efda    00000002     --HOLE-- [fill = 0]
                  0001efdc    00000034     lv_obj.obj (.text:lv_event_mark_deleted)
                  0001f010    00000034     lv_ll.obj (.text:lv_ll_init)
                  0001f044    00000034     lv_txt.obj (.text:lv_txt_utf8_get_length)
                  0001f078    00000034     lv_btnm.obj (.text:make_one_button_toggled)
                  0001f0ac    00000034     ti_lvgl_disp_interface.obj (.text:spi_wr_array)
                  0001f0e0    00000034     release_pem4f.oem4f (.text:ti_sysbios_knl_Semaphore_create)
                  0001f114    00000032     lv_hal_disp.obj (.text:lv_disp_is_true_double_buf)
                  0001f146    00000032     lv_hal_tick.obj (.text:lv_tick_elaps)
                  0001f178    00000032     sysbios.aem4f : BIOS.obj (.text:ti_sysbios_hal_Hwi_initStack)
                  0001f1aa    00000002     --HOLE-- [fill = 0]
                  0001f1ac    00000031     lv_obj.obj (.text:lv_obj_get_drag_dir)
                  0001f1dd    00000003     --HOLE-- [fill = 0]
                  0001f1e0    00000031     lv_obj.obj (.text:lv_obj_get_height)
                  0001f211    00000003     --HOLE-- [fill = 0]
                  0001f214    00000031     lv_obj.obj (.text:lv_obj_get_width)
                  0001f245    00000003     --HOLE-- [fill = 0]
                  0001f248    00000031     lv_obj.obj (.text:lv_obj_set_design_cb)
                  0001f279    00000003     --HOLE-- [fill = 0]
                  0001f27c    00000031     lv_obj.obj (.text:lv_obj_set_event_cb)
                  0001f2ad    00000003     --HOLE-- [fill = 0]
                  0001f2b0    00000031     lv_obj.obj (.text:lv_obj_set_signal_cb)
                  0001f2e1    00000003     --HOLE-- [fill = 0]
                  0001f2e4    00000030     drivers_msp432p401x.aem4f : ADCMSP432.oem4f (.text:ADCMSP432_init)
                  0001f314    00000030     lv_area.obj (.text:lv_area_get_size)
                  0001f344    00000030     lv_hal_disp.obj (.text:lv_disp_get_hor_res)
                  0001f374    00000030     lv_hal_indev.obj (.text:lv_indev_drv_init)
                  0001f3a4    00000030     lv_mem.obj (.text:lv_mem_get_size)
                  0001f3d4    00000030     lv_task.obj (.text:lv_task_del)
                  0001f404    00000030     drivers_msp432p401x.aem4f : SPIMSP432DMA.oem4f (.text:mapPin)
                  0001f434    00000030     lv_theme_material.obj (.text:page_init)
                  0001f464    00000030     release_pem4f.oem4f (.text:ti_sysbios_BIOS_atExitFunc__I)
                  0001f494    00000030     release_pem4f.oem4f (.text:ti_sysbios_BIOS_startFunc__I)
                  0001f4c4    00000004     --HOLE-- [fill = 0]
                  0001f4c8    00000030     sysbios.aem4f : BIOS.obj (.text:ti_sysbios_family_arm_m3_TaskSupport_start__E)
                  0001f4f8    00000030     release_pem4f.oem4f (.text:ti_sysbios_gates_GateHwi_Object__create__S)
                  0001f528    00000030     release_pem4f.oem4f (.text:ti_sysbios_gates_GateMutex_Object__create__S)
                  0001f558    00000030     sysbios.aem4f : BIOS.obj (.text:ti_sysbios_gates_GateMutex_enter__E)
                  0001f588    00000030     release_pem4f.oem4f (.text:ti_sysbios_heaps_HeapMem_Object__create__S)
                  0001f5b8    00000030     release_pem4f.oem4f (.text:ti_sysbios_knl_Clock_construct)
                  0001f5e8    00000030     sysbios.aem4f : BIOS.obj (.text:ti_sysbios_knl_Mailbox_postInit__I)
                  0001f618    00000030     release_pem4f.oem4f (.text:ti_sysbios_knl_Semaphore_construct)
                  0001f648    00000030     sysbios.aem4f : BIOS.obj (.text:ti_sysbios_knl_Semaphore_pendTimeout__I)
                  0001f678    00000030                   : BIOS.obj (.text:ti_sysbios_knl_Task_processVitalTaskFlag__I)
                  0001f6a8    00000030                   : BIOS.obj (.text:ti_sysbios_knl_Task_restore__E)
                  0001f6d8    00000030                   : BIOS.obj (.text:ti_sysbios_knl_Task_unblockI__E)
                  0001f708    00000030                   : BIOS.obj (.text:timer_delete)
                  0001f738    00000030     lv_port_indev.obj (.text:touchpad_init)
                  0001f768    00000030     sysbios.aem4f : BIOS.obj (.text:xdc_runtime_System_processAtExit__E)
                  0001f798    0000002e     lv_hal_disp.obj (.text:lv_disp_get_ver_res)
                  0001f7c6    0000002e     lv_font.obj (.text:lv_font_get_glyph_width)
                  0001f7f4    00000004     --HOLE-- [fill = 0]
                  0001f7f8    0000002e     sysbios.aem4f : BIOS.obj (.text:pthread_setcancelstate)
                  0001f826    00000002     --HOLE-- [fill = 0]
                  0001f828    0000002d     lv_chart.obj (.text:lv_chart_refresh)
                  0001f855    00000003     --HOLE-- [fill = 0]
                  0001f858    0000002d     lv_label.obj (.text:lv_label_get_text_sel_end)
                  0001f885    00000003     --HOLE-- [fill = 0]
                  0001f888    0000002d     lv_label.obj (.text:lv_label_get_text_sel_start)
                  0001f8b5    00000003     --HOLE-- [fill = 0]
                  0001f8b8    0000002d     lv_obj.obj (.text:lv_obj_get_design_cb)
                  0001f8e5    00000003     --HOLE-- [fill = 0]
                  0001f8e8    0000002d     lv_obj.obj (.text:lv_obj_get_ext_attr)
                  0001f915    00000003     --HOLE-- [fill = 0]
                  0001f918    0000002d     lv_obj.obj (.text:lv_obj_get_parent)
                  0001f945    00000003     --HOLE-- [fill = 0]
                  0001f948    0000002d     lv_obj.obj (.text:lv_obj_get_signal_cb)
                  0001f975    00000001     --HOLE-- [fill = 0]
                  0001f976    0000002c     dpl_msp432p401x.aem4f : PowerMSP432_tirtos.oem4f (.text:PowerMSP432_updateFreqs)
                  0001f9a2    00000002     --HOLE-- [fill = 0]
                  0001f9a4    0000002c     msp432p4xx_driverlib.lib : rtc_c.o (.text:RTC_C_holdClock)
                  0001f9d0    0000002c     dpl_msp432p401x.aem4f : SemaphoreP_tirtos.oem4f (.text:SemaphoreP_createBinary)
                  0001f9fc    00000004     --HOLE-- [fill = 0]
                  0001fa00    0000002c     sysbios.aem4f : BIOS.obj (.text:_pthread_cleanupFxn)
                  0001fa2c    00000004     --HOLE-- [fill = 0]
                  0001fa30    0000002c                   : BIOS.obj (.text:_pthread_delete$43)
                  0001fa5c    00000004     --HOLE-- [fill = 0]
                  0001fa60    0000002c                   : BIOS.obj (.text:clockFxn$41)
                  0001fa8c    0000002c     lv_anim.obj (.text:lv_anim_core_init)
                  0001fab8    0000002c     lv_chart.obj (.text:lv_chart_is_tick_with_label)
                  0001fae4    0000002c     lv_img_decoder.obj (.text:lv_img_decoder_built_in_close)
                  0001fb10    0000002c     lv_mem.obj (.text:lv_mem_free)
                  0001fb3c    0000002c     release_pem4f.oem4f (.text:ti_sysbios_gates_GateHwi_Handle__label__S)
                  0001fb68    0000002c     release_pem4f.oem4f (.text:ti_sysbios_gates_GateMutex_Handle__label__S)
                  0001fb94    0000002c     release_pem4f.oem4f (.text:ti_sysbios_heaps_HeapMem_Handle__label__S)
                  0001fbc0    0000002c     release_pem4f.oem4f (.text:ti_sysbios_knl_Clock_doTick__I)
                  0001fbec    00000004     --HOLE-- [fill = 0]
                  0001fbf0    0000002c     sysbios.aem4f : BIOS.obj (.text:ti_sysbios_knl_Clock_getTimeout__E)
                  0001fc1c    0000002c     release_pem4f.oem4f (.text:ti_sysbios_knl_Queue_construct)
                  0001fc48    0000002c     lv_port_indev.obj (.text:touchpad_is_pressed)
                  0001fc74    0000002a     lv_draw_line.obj (.text:line_next_x)
                  0001fc9e    0000002a     lv_draw_line.obj (.text:line_next_y)
                  0001fcc8    0000002a     lv_circ.obj (.text:lv_circ_init)
                  0001fcf2    0000002a     lv_ll.obj (.text:lv_ll_get_next)
                  0001fd1c    0000002a     drivers_msp432p401x.aem4f : SPIMSP432DMA.oem4f (.text:perfChangeNotifyFxn)
                  0001fd46    00000002     --HOLE-- [fill = 0]
                  0001fd48    00000028     msp432p4xx_driverlib.lib : adc14.o (.text:ADC14_getResult)
                  0001fd70    00000028                              : pcm.o (.text:PCM_gotoLPM0)
                  0001fd98    00000028     drivers_msp432p401x.aem4f : PowerMSP432.oem4f (.text:Power_registerNotify)
                  0001fdc0    00000028     msp432p4xx_driverlib.lib : spi.o (.text:SPI_getInterruptStatus)
                  0001fde8    00000028     drivers_msp432p401x.aem4f : PowerMSP432.oem4f (.text:disableFaultCounter)
                  0001fe10    00000028                               : PowerMSP432.oem4f (.text:disableHFXT)
                  0001fe38    00000028     lv_bar.obj (.text:lv_bar_anim_ready)
                  0001fe60    00000028     lv_debug.obj (.text:lv_debug_check_style)
                  0001fe88    00000028     lv_draw.obj (.text:lv_draw_free_buf)
                  0001feb0    00000028     lv_ll.obj (.text:lv_ll_get_prev)
                  0001fed8    00000028     lv_hal_tick.obj (.text:lv_tick_get)
                  0001ff00    00000028     sysbios.aem4f : m3_Hwi_asm.obj (.text:ti_sysbios_family_arm_m3_Hwi_excHandlerAsm__I)
                  0001ff28    00000028                   : BIOS.obj (.text:ti_sysbios_knl_Clock_addI__E)
                  0001ff50    00000028                   : BIOS.obj (.text:ti_sysbios_knl_Swi_Module_startup__E)
                  0001ff78    00000026     drivers_msp432p401x.aem4f : List.oem4f (.text:List_put)
                  0001ff9e    00000026                               : List.oem4f (.text:List_remove)
                  0001ffc4    00000026     lv_btnm.obj (.text:get_button_width)
                  0001ffea    00000026     lv_circ.obj (.text:lv_circ_cont)
                  00020010    00000026     lv_ddlist.obj (.text:lv_cont_set_fit2)
                  00020036    00000026     lv_tabview.obj (.text:lv_cont_set_fit2)
                  0002005c    00000026     lv_tabview.obj (.text:tabpage_pressed_handler)
                  00020082    00000026     sysbios.aem4f : m3_Hwi_asm.obj (.text:ti_sysbios_family_arm_m3_Hwi_pendSV__I)
                  000200a8    00000024     msp432p4xx_driverlib.lib : wdt_a.o (.text:WDT_A_holdTimer)
                  000200cc    00000024     lv_chart.obj (.text:lv_chart_draw_axes)
                  000200f0    00000024     lv_indev.obj (.text:lv_indev_reset_long_press)
                  00020114    00000024     lv_ll.obj (.text:lv_ll_is_empty)
                  00020138    00000024     lv_obj.obj (.text:lv_obj_get_drag_parent)
                  0002015c    00000024     lv_hal_tick.obj (.text:lv_tick_inc)
                  00020180    00000024     sysbios.aem4f : BIOS.obj (.text:pthread_attr_init)
                  000201a4    00000024     ti_lvgl_ssd2119_disp.obj (.text:ssd2119_array)
                  000201c8    00000024     ti_lvgl_ssd2119_disp.obj (.text:ssd2119_cmd)
                  000201ec    00000024     ti_lvgl_ssd2119_disp.obj (.text:ssd2119_data)
                  00020210    00000024     ti_lvgl_ssd2119_disp.obj (.text:ssd2119_reset)
                  00020234    00000024     release_pem4f.oem4f (.text:ti_sysbios_BIOS_registerRTSLock__I)
                  00020258    00000024     release_pem4f.oem4f (.text:ti_sysbios_BIOS_removeRTSLock__I)
                  0002027c    00000004     --HOLE-- [fill = 0]
                  00020280    00000024     sysbios.aem4f : BIOS.obj (.text:ti_sysbios_family_arm_msp432_ClockFreqs_setFrequency__E)
                  000202a4    00000024     release_pem4f.oem4f (.text:ti_sysbios_gates_GateMutex_Object__delete__S)
                  000202c8    00000024     sysbios.aem4f : BIOS.obj (.text:ti_sysbios_knl_Clock_Module_startup__E)
                  000202ec    00000004     --HOLE-- [fill = 0]
                  000202f0    00000024                   : BIOS.obj (.text:ti_sysbios_knl_Clock_start__E)
                  00020314    00000004     --HOLE-- [fill = 0]
                  00020318    00000024                   : BIOS.obj (.text:ti_sysbios_knl_Semaphore_Instance_init__E)
                  0002033c    00000024     release_pem4f.oem4f (.text:ti_sysbios_knl_Semaphore_Object__delete__S)
                  00020360    00000024     sysbios.aem4f : BIOS.obj (.text:ti_sysbios_knl_Task_restoreHwi__E)
                  00020384    00000004     --HOLE-- [fill = 0]
                  00020388    00000024                   : BIOS.obj (.text:xdc_runtime_Error_policyMin__E)
                  000203ac    00000022     lv_cb.obj (.text:lv_cont_set_fit)
                  000203ce    00000022     lv_label.obj (.text:lv_label_get_dot_tmp)
                  000203f0    00000020     msp432p4xx_driverlib.lib : cs.o (.text:CS_setExternalClockSourceFrequency)
                  00020410    00000020     drivers_msp432p401x.aem4f : PowerMSP432.oem4f (.text:Power_unregisterNotify)
                  00020430    00000020     lv_btnm.obj (.text:button_get_tgl_state)
                  00020450    00000020     lv_btnm.obj (.text:button_is_click_trig)
                  00020470    00000020     lv_btnm.obj (.text:button_is_hidden)
                  00020490    00000020     lv_btnm.obj (.text:button_is_inactive)
                  000204b0    00000020     lv_btnm.obj (.text:button_is_repeat_disabled)
                  000204d0    00000020     lv_btnm.obj (.text:button_is_tgl_enabled)
                  000204f0    00000020     lv_page.obj (.text:edge_flash_anim)
                  00020510    00000020     lv_area.obj (.text:lv_area_set_height)
                  00020530    00000020     lv_area.obj (.text:lv_area_set_width)
                  00020550    00000020     lv_bar.obj (.text:lv_bar_anim)
                  00020570    00000020     lv_btn.obj (.text:lv_btn_ink_effect_anim)
                  00020590    00000020     lv_hal_disp.obj (.text:lv_disp_get_next)
                  000205b0    00000020     lv_hal_disp.obj (.text:lv_disp_is_double_buf)
                  000205d0    00000020     lv_hal_indev.obj (.text:lv_indev_get_next)
                  000205f0    00000020     lv_label.obj (.text:lv_label_set_offset_x)
                  00020610    00000020     lv_label.obj (.text:lv_label_set_offset_y)
                  00020630    00000020     lv_ddlist.obj (.text:lv_page_set_scrl_fit2)
                  00020650    00000020     release_pem4f.oem4f (.text:ti_sysbios_BIOS_rtsLock__I)
                  00020670    00000020     release_pem4f.oem4f (.text:ti_sysbios_family_arm_m3_Hwi_Object__delete__S)
                  00020690    00000020     sysbios.aem4f : BIOS.obj (.text:ti_sysbios_family_arm_m3_Hwi_clearInterrupt__E)
                  000206b0    00000020     release_pem4f.oem4f (.text:ti_sysbios_gates_GateHwi_Object__delete__S)
                  000206d0    00000020     release_pem4f.oem4f (.text:ti_sysbios_heaps_HeapMem_Object__delete__S)
                  000206f0    00000020     release_pem4f.oem4f (.text:ti_sysbios_knl_Clock_destruct)
                  00020710    00000020     sysbios.aem4f : BIOS.obj (.text:ti_sysbios_knl_Idle_run__E)
                  00020730    00000020     release_pem4f.oem4f (.text:ti_sysbios_knl_Semaphore_destruct)
                  00020750    00000020     release_pem4f.oem4f (.text:ti_sysbios_knl_Task_Object__delete__S)
                  00020770    0000001e     lv_font.obj (.text:lv_font_get_glyph_dsc)
                  0002078e    0000001e     sysbios.aem4f : m3_Hwi_asm_switch.obj (.text:ti_sysbios_family_xxx_Hwi_switchAndRunFunc)
                  000207ac    0000001c     ti_lvgl_ssd2119_disp.obj (.text:disp_init)
                  000207c8    0000001c     ti_drivers_config.obj (.text:dmaErrorFxn)
                  000207e4    0000001c     lv_area.obj (.text:lv_area_get_height)
                  00020800    0000001c     lv_bar.obj (.text:lv_area_get_height)
                  0002081c    0000001c     lv_btnm.obj (.text:lv_area_get_height)
                  00020838    0000001c     lv_cont.obj (.text:lv_area_get_height)
                  00020854    0000001c     lv_draw_rect.obj (.text:lv_area_get_height)
                  00020870    0000001c     lv_label.obj (.text:lv_area_get_height)
                  0002088c    0000001c     lv_obj.obj (.text:lv_area_get_height)
                  000208a8    0000001c     lv_page.obj (.text:lv_area_get_height)
                  000208c4    0000001c     lv_refr.obj (.text:lv_area_get_height)
                  000208e0    0000001c     lv_slider.obj (.text:lv_area_get_height)
                  000208fc    0000001c     lv_tabview.obj (.text:lv_area_get_height)
                  00020918    0000001c     lv_area.obj (.text:lv_area_get_width)
                  00020934    0000001c     lv_bar.obj (.text:lv_area_get_width)
                  00020950    0000001c     lv_btnm.obj (.text:lv_area_get_width)
                  0002096c    0000001c     lv_cont.obj (.text:lv_area_get_width)
                  00020988    0000001c     lv_draw_basic.obj (.text:lv_area_get_width)
                  000209a4    0000001c     lv_draw_label.obj (.text:lv_area_get_width)
                  000209c0    0000001c     lv_draw_rect.obj (.text:lv_area_get_width)
                  000209dc    0000001c     lv_label.obj (.text:lv_area_get_width)
                  000209f8    0000001c     lv_obj.obj (.text:lv_area_get_width)
                  00020a14    0000001c     lv_page.obj (.text:lv_area_get_width)
                  00020a30    0000001c     lv_refr.obj (.text:lv_area_get_width)
                  00020a4c    0000001c     lv_slider.obj (.text:lv_area_get_width)
                  00020a68    0000001c     lv_tabview.obj (.text:lv_area_get_width)
                  00020a84    0000001c     lv_theme_material.obj (.text:lv_color_hex)
                  00020aa0    0000001c     lv_disp.obj (.text:lv_disp_get_layer_sys)
                  00020abc    0000001c     lv_disp.obj (.text:lv_disp_get_layer_top)
                  00020ad8    0000001c     lv_disp.obj (.text:lv_disp_get_scr_act)
                  00020af4    0000001c     kentectouchwidgets.obj (.text:lv_slider_set_value)
                  00020b10    0000001c     lv_slider.obj (.text:lv_slider_set_value)
                  00020b2c    0000001c     ti_lvgl_ssd2119_disp.obj (.text:ssd2119_cmd_mode)
                  00020b48    0000001c     ti_lvgl_ssd2119_disp.obj (.text:ssd2119_data_mode)
                  00020b64    00000004     --HOLE-- [fill = 0]
                  00020b68    0000001c     sysbios.aem4f : BIOS.obj (.text:ti_sysbios_family_arm_m3_Hwi_excHandler__I)
                  00020b84    00000004     --HOLE-- [fill = 0]
                  00020b88    0000001c                   : BIOS.obj (.text:ti_sysbios_gates_GateMutex_Instance_init__E)
                  00020ba4    00000004     --HOLE-- [fill = 0]
                  00020ba8    0000001c                   : BIOS.obj (.text:ti_sysbios_knl_Clock_Instance_finalize__E)
                  00020bc4    0000001c     release_pem4f.oem4f (.text:ti_sysbios_knl_Queue_destruct)
                  00020be0    0000001c     sysbios.aem4f : BIOS.obj (.text:ti_sysbios_knl_Queue_put__E)
                  00020bfc    00000004     --HOLE-- [fill = 0]
                  00020c00    0000001c                   : BIOS.obj (.text:ti_sysbios_knl_Task_enter__I)
                  00020c1c    00000004     --HOLE-- [fill = 0]
                  00020c20    0000001c                   : BIOS.obj (.text:ti_sysbios_rts_ti_ReentSupport_getReent__F)
                  00020c3c    00000004     --HOLE-- [fill = 0]
                  00020c40    0000001c                   : BIOS.obj (.text:timerThreadFxn$53)
                  00020c5c    00000004     --HOLE-- [fill = 0]
                  00020c60    0000001c                   : BIOS.obj (.text:xdc_runtime_Memory_valloc__E)
                  00020c7c    00000004     --HOLE-- [fill = 0]
                  00020c80    0000001c                   : BIOS.obj (.text:xdc_runtime_System_abort__E)
                  00020c9c    0000001a     lv_ddlist.obj (.text:lv_ddlist_adjust_height)
                  00020cb6    0000001a     lv_ll.obj (.text:lv_ll_get_head)
                  00020cd0    0000001a     lv_ll.obj (.text:lv_ll_get_tail)
                  00020cea    00000002     --HOLE-- [fill = 0]
                  00020cec    00000018     release_pem4f.oem4f (.text:.bootCodeSection:ti_sysbios_family_arm_msp432_init_Boot_init__I)
                  00020d04    00000018     msp432p4xx_driverlib.lib : spi.o (.text:EUSCI_A_SPI_getInterruptStatus)
                  00020d1c    00000018                              : spi.o (.text:EUSCI_B_SPI_getInterruptStatus)
                  00020d34    00000018                              : sysctl_a.o (.text:SysCtl_A_disableNMISource)
[...]
0002175d  ti_sysbios_knl_Clock_Params__init__S                            
00021769  ti_sysbios_knl_Queue_Object__get__S                             
00021775  ti_sysbios_knl_Semaphore_Params__init__S                        
00021781  ti_sysbios_knl_Task_Params__init__S                             
00021791  ti_sysbios_knl_Task_self__E                                     
000217a1  ti_sysbios_rts_ti_ReentSupport_taskRegHook__I                   
000217b1  xdc_runtime_Gate_enterSystem__E                                 
000217c1  xdc_runtime_Startup_rtsDone__E                                  
000217cd  ADC_Params_init                                                 
000217d7  ADC_close                                                       
000217e1  ADC_convert                                                     
000217eb  SPI_transfer                                                    
000217f5  lv_indev_init                                                   
000217ff  xdc_runtime_Memory_HeapProxy_alloc__E                           
00021809  xdc_runtime_Memory_HeapProxy_free__E                            
00021821  pthread_attr_setstacksize                                       
00021829  ti_sysbios_family_arm_m3_Hwi_doSwiRestore__I                    
00021831  ti_sysbios_family_arm_m3_Hwi_startup__E                         
00021831  ti_sysbios_hal_Hwi_HwiProxy_startup__E                          
00021831  ti_sysbios_hal_Hwi_startup__E                                   
00021839  ti_sysbios_family_arm_m3_Hwi_doTaskRestore__I                   
00021841  HwiP_restore                                                    
00021841  ti_sysbios_family_arm_m3_Hwi_restoreFxn__E                      
00021841  ti_sysbios_hal_Hwi_HwiProxy_restore__E                          
00021849  ti_sysbios_gates_GateHwi_leave__E                               
00021851  ti_sysbios_heaps_HeapMem_isBlocking__E                          
00021859  ti_sysbios_knl_Queue_Instance_init__E                           
00021861  ti_sysbios_knl_Swi_startup__E                                   
00021869  xdc_runtime_System_Module_startup__E                            
00021871  __aeabi_errno_addr                                              
00021879  ti_sysbios_gates_GateHwi_query__E                               
00021879  xdc_runtime_Main_Module_GateProxy_query__E                      
00021879  xdc_runtime_System_Module_GateProxy_query__E                    
00021881  ti_sysbios_BIOS_RtsGateProxy_query__E                           
00021881  ti_sysbios_gates_GateMutex_query__E                             
00021881  ti_sysbios_heaps_HeapMem_Module_GateProxy_query__E              
00021889  ti_sysbios_knl_Task_startup__E                                  
00021891  ti_sysbios_BIOS_linkedWithIncorrectBootLibrary__E               
00021899  ti_sysbios_gates_GateHwi_Instance_init__E                       
000218a1  ti_sysbios_knl_Clock_logTick__E                                 
000218a9  xdc_runtime_SysCallback_defaultAbort                            
000218b1  xdc_runtime_SysCallback_defaultExit                             
000218b9  xdc_runtime_System_abortSpin__E                                 
000218c1  xdc_runtime_System_exitSpin__E                                  
00024603  xdc_runtime_Error_policy__C                                     
00024d54  ti_sysbios_knl_Task_Object__PARAMS__C                           
00024d90  PowerMSP432_config                                              
00024dc8  ti_sysbios_family_arm_m3_Hwi_Object__PARAMS__C                  
00024e50  ti_sysbios_heaps_HeapMem_Module__FXNS__C                        
00024e78  spiMSP432DMAHWAttrs                                             
00024e9c  ti_sysbios_gates_GateHwi_Module__FXNS__C                        
00024ec0  ti_sysbios_gates_GateMutex_Module__FXNS__C                      
00024ee4  ti_sysbios_heaps_HeapMem_Object__PARAMS__C                      
00024f08  ti_sysbios_knl_Clock_Object__PARAMS__C                          
00024f2c  ti_sysbios_knl_Semaphore_Object__PARAMS__C                      
00024f50  xdc_runtime_Startup_sfxnTab__A                                  
00024f74  SPI_defaultParams                                               
00024f94  adcMSP432HWAttrs                                                
00024fb4  ti_sysbios_family_arm_m3_Hwi_Object__DESC__C                    
00024fd4  ti_sysbios_gates_GateHwi_Object__DESC__C                        
00024ff4  ti_sysbios_gates_GateMutex_Object__DESC__C                      
00025014  ti_sysbios_heaps_HeapMem_Object__DESC__C                        
00025034  ti_sysbios_knl_Clock_Object__DESC__C                            
00025054  ti_sysbios_knl_Queue_Object__DESC__C                            
00025074  ti_sysbios_knl_Semaphore_Object__DESC__C                        
00025094  ti_sysbios_knl_Task_Object__DESC__C                             
000250b4  ADCMSP432_fxnTable                                              
000250cc  ADC_config                                                      
000250e4  SPIMSP432DMA_fxnTable                                           
000250fc  ti_sysbios_gates_GateHwi_Object__PARAMS__C                      
00025114  ti_sysbios_gates_GateMutex_Object__PARAMS__C                    
0002512c  ti_sysbios_knl_Queue_Object__PARAMS__C                          
00025144  ti_sysbios_knl_Task_hooks__A                                    
0002515c  GPIOMSP432_config                                               
00025170  xdc_runtime_Startup_sfxnRts__A                                  
000251d0  SPI_config                                                      
000251dc  udmaMSP432HWAttrs                                               
000251e8  xdc_runtime_Startup_firstFxns__A                                
000251fc  ADC_defaultParams                                               
00025204  UDMAMSP432_config                                               
00025214  ti_sysbios_knl_Idle_funcList__A                                 
0002521c  ti_sysbios_knl_Idle_funcList__C                                 
00025224  ti_sysbios_knl_Task_hooks__C                                    
0002522c  xdc_runtime_Startup_firstFxns__C                                
00025234  xdc_runtime_Startup_lastFxns__C                                 
00025254  ti_sysbios_family_arm_m3_Hwi_E_alreadyDefined__C                
00025258  ti_sysbios_family_arm_m3_Hwi_E_badIntNum__C                     
0002525c  ti_sysbios_family_arm_m3_Hwi_NUM_INTERRUPTS__C                  
00025260  ti_sysbios_family_arm_m3_Hwi_Object__count__C                   
00025264  ti_sysbios_family_arm_m3_Hwi_ccr__C                             
00025268  ti_sysbios_family_arm_m3_Hwi_excHandlerFunc__C                  
0002526c  ti_sysbios_family_arm_m3_Hwi_nullIsrFunc__C                     
00025270  ti_sysbios_family_arm_m3_Hwi_priGroup__C                        
00025274  ti_sysbios_family_arm_m3_Hwi_swiDisable__C                      
00025278  ti_sysbios_family_arm_m3_Hwi_swiRestore__C                      
0002527c  ti_sysbios_family_arm_m3_TaskSupport_stackAlignment__C          
00025280  ti_sysbios_family_arm_msp432_Timer_numTimerDevices__C           
00025284  ti_sysbios_family_arm_msp432_Timer_startupNeeded__C             
00025288  ti_sysbios_gates_GateMutex_Instance_State_sem__O                
0002528c  ti_sysbios_heaps_HeapMem_E_memory__C                            
00025290  ti_sysbios_heaps_HeapMem_Module__gateObj__C                     
00025294  ti_sysbios_heaps_HeapMem_Object__count__C                       
00025298  ti_sysbios_heaps_HeapMem_primaryHeapBaseAddr__C                 
0002529c  ti_sysbios_heaps_HeapMem_primaryHeapEndAddr__C                  
000252a0  ti_sysbios_heaps_HeapMem_reqAlign__C                            
000252a4  ti_sysbios_knl_Clock_Module_State_clockQ__O                     
000252a8  ti_sysbios_knl_Clock_tickPeriod__C                              
000252ac  ti_sysbios_knl_Mailbox_Instance_State_freeQue__O                
000252b0  ti_sysbios_knl_Mailbox_Object__count__C                         
000252b4  ti_sysbios_knl_Mailbox_maxTypeAlign__C                          
000252b8  ti_sysbios_knl_Semaphore_Instance_State_pendQ__O                
000252bc  ti_sysbios_knl_Swi_Object__count__C                             
000252c0  ti_sysbios_knl_Task_Module_State_inactiveQ__O                   
000252c4  ti_sysbios_knl_Task_Object__count__C                            
000252c8  ti_sysbios_knl_Task_Object__heap__C                             
000252cc  ti_sysbios_knl_Task_allBlockedFunc__C                           
000252d0  ti_sysbios_knl_Task_defaultStackHeap__C                         
000252d4  ti_sysbios_knl_Task_defaultStackSize__C                         
000252d8  ti_sysbios_knl_Task_numConstructedTasks__C                      
000252dc  xdc_runtime_Error_E_memory__C                                   
000252e0  xdc_runtime_Error_policyFxn__C                                  
000252e4  xdc_runtime_IGateProvider_Interface__BASE__C                    
000252e8  xdc_runtime_IHeap_Interface__BASE__C                            
000252ec  xdc_runtime_IModule_Interface__BASE__C                          
000252f0  xdc_runtime_Memory_defaultHeapInstance__C                       
000252f4  xdc_runtime_Startup_execImpl__C                                 
000252f8  xdc_runtime_Startup_maxPasses__C                                
000252fc  xdc_runtime_Startup_sfxnRts__C                                  
00025300  xdc_runtime_Startup_sfxnTab__C                                  
00025304  xdc_runtime_SysCallback_abortFxn__C                             
00025308  xdc_runtime_SysCallback_exitFxn__C                              
0002530c  xdc_runtime_System_Module__gateObj__C                           
00025310  xdc_runtime_System_abortFxn__C                                  
00025314  xdc_runtime_System_exitFxn__C                                   
00025318  xdc_runtime_System_maxAtexitHandlers__C                         
00025342  ADC_count                                                       
00025343  SPI_count                                                       
00025344  ti_sysbios_family_arm_m3_Hwi_Module__id__C                      
00025346  ti_sysbios_family_arm_msp432_init_Boot_bypassHFXT__C            
00025348  ti_sysbios_family_arm_msp432_init_Boot_bypassLFXT__C            
0002534a  ti_sysbios_family_arm_msp432_init_Boot_enableHFXT__C            
0002534c  ti_sysbios_family_arm_msp432_init_Boot_enableLFXT__C            
0002534e  ti_sysbios_heaps_HeapMem_Module__id__C                          
00025350  xdc_runtime_Memory_Module__id__C                                
00025358  __TI_static_base__                                              
0002562c  __TI_Handler_Table_Base                                         
00025638  __TI_Handler_Table_Limit                                        
00025640  __TI_CINIT_Base                                                 
00025650  __TI_CINIT_Limit                                                
20000000  __start___llvm_prf_cnts                                         
20000000  __stop___llvm_prf_cnts                                          
20000000  ti_sysbios_family_arm_m3_Hwi_ramVectors                         
20000140  __primary_heap_start__                                          
20008140  __primary_heap_end__                                            
2000c400  ti_sysbios_knl_Task_Instance_State_0_stack__A                   
2000c600  ti_sysbios_family_arm_m3_Hwi_dispatchTable                      
2000c900  spiMSP432DMAObjects                                             
2000d388  lv_style_btn_ina                                                
2000d3c8  lv_style_btn_pr                                                 
2000d408  lv_style_btn_rel                                                
2000d448  lv_style_btn_tgl_pr                                             
2000d488  lv_style_btn_tgl_rel                                            
2000d4c8  lv_style_plain                                                  
2000d508  lv_style_plain_color                                            
2000d548  lv_style_pretty                                                 
2000d588  lv_style_pretty_color                                           
2000d5c8  lv_style_scr                                                    
2000d608  lv_style_transp                                                 
2000d648  lv_style_transp_fit                                             
2000d688  lv_style_transp_tight                                           
2000d6f8  ppi32Points                                                     
2000d7d8  _lv_anim_ll                                                     
2000d7e4  _lv_disp_ll                                                     
2000d7f0  _lv_img_defoder_ll                                              
2000d7fc  _lv_indev_ll                                                    
2000d808  _lv_task_ll                                                     
2000d864  params                                                          
2000d890  _lv_draw_buf                                                    
2000d894  _lv_img_cache_array                                             
2000d898  _lv_task_act                                                    
2000d89c  adc                                                             
2000d8a0  adcMSP432Objects                                                
2000d8a4  calibrationDot                                                  
2000d8a8  i32Idx                                                          
2000d8ac  indev_touchpad                                                  
2000d8b0  m0                                                              
2000d8b4  m1                                                              
2000d8b8  m2                                                              
2000d8bc  m3                                                              
2000d8c0  m4                                                              
2000d8c4  m5                                                              
2000d8c8  m6                                                              
2000d8cc  masterSpi                                                       
2000d8d0  res                                                             
2000d8d4  ti_sysbios_knl_Task_Instance_State_0_hookEnv__A                 
2000d8da  udmaMSP432Object                                                
2000d8dc  PowerMSP432_perfLevels                                          
2000daa4  ti_sysbios_knl_Swi_Module_State_0_readyQ__A                     
2000db24  ti_sysbios_knl_Task_Module_State_0_readyQ__A                    
2000dba4  ti_sysbios_gates_GateMutex_Object__table__V                     
2000dbf8  ti_sysbios_knl_Task_Object__table__V                            
2000dc44  ti_sysbios_family_arm_msp432_Timer_Object__table__V             
2000dc88  ti_sysbios_knl_Task_Module__state__V                            
2000dccc  ti_sysbios_family_arm_m3_Hwi_Module__state__V                   
2000dd00  ti_sysbios_knl_Swi_Object__table__V                             
2000dd30  PowerMSP432_module                                              
2000dd5c  ti_sysbios_knl_Clock_Module__state__V                           
2000dd88  ti_sysbios_BIOS_Module__state__V                                
2000ddac  gpioCallbackFunctions                                           
2000ddcc  gpioPinConfigs                                                  
2000ddec  lv_txt_encoded_size                                             
2000ddf0  lv_txt_unicode_to_encoded                                       
2000ddf4  lv_txt_encoded_conv_wc                                          
2000ddf8  lv_txt_encoded_next                                             
2000ddfc  lv_txt_encoded_prev                                             
2000de00  lv_txt_encoded_get_byte_id                                      
2000de04  lv_txt_encoded_get_char_id                                      
2000de08  lv_txt_get_encoded_length                                       
2000de0c  ti_sysbios_family_arm_msp432_Timer_Module_State_0_device__A     
2000de2c  xdc_runtime_Error_IgnoreBlock                                   
2000de68  g_pi32TouchParameters                                           
2000dea0  ti_sysbios_knl_Swi_Module__state__V                             
2000debc  ti_sysbios_family_arm_m3_Hwi_Object__table__V                   
2000ded4  ti_sysbios_heaps_HeapMem_Object__table__V                       
2000deec  lv_font_roboto_16                                               
2000df00  _tz                                                             
2000df30  ti_sysbios_family_arm_msp432_Timer_Module_State_0_handles__A    
2000df40  g_i16TouchX                                                     
2000df42  g_i16TouchY                                                     
2000df48  old_x                                                           
2000df4a  old_y                                                           
2000df4c  ti_sysbios_family_arm_msp432_ClockFreqs_Module__state__V        
2000df58  ti_sysbios_family_arm_msp432_Timer_Module__state__V             
2000df64  _lock                                                           
2000df68  _unlock                                                         
2000df74  ti_sysbios_family_arm_m3_Hwi_Module__root__V                    
2000df7c  ti_sysbios_gates_GateHwi_Module__root__V                        
2000df84  ti_sysbios_gates_GateMutex_Module__root__V                      
2000df8c  ti_sysbios_heaps_HeapMem_Module__root__V                        
2000df94  ti_sysbios_knl_Clock_Module__root__V                            
2000df9c  ti_sysbios_knl_Queue_Module__root__V                            
2000dfa4  ti_sysbios_knl_Semaphore_Module__root__V                        
2000dfac  ti_sysbios_knl_Task_Module__root__V                             
2000dfb4  xdc_runtime_Startup_Module__state__V                            
2000dfbc  xdc_runtime_System_Module_State_0_atexitHandlers__A             
2000dfc4  xdc_runtime_System_Module__state__V                             
2000dfdc  main_func_sp                                                    
2000dfe4  ti_sysbios_family_arm_m3_Hwi_Module_State_0_excContext__A       
2000dfe8  ti_sysbios_family_arm_m3_Hwi_Module_State_0_excStack__A         
2000dfec  ti_sysbios_gates_GateHwi_Object__table__V                       
2000dff0  ti_sysbios_knl_Task_Module_State_0_idleTask__A                  
2000dff4  ti_sysbios_rts_ti_ReentSupport_Module__state__V                 
2000dff8  xdc_runtime_Memory_Module__state__V                             
2000dffe  ti_sysbios_family_arm_m3_Hwi_Module_State_0_excActive__A        
2000fc00  __stack                                                         
20010000  __STACK_END                                                     
4000480c  WDTCTL_SYM                                                      
e000e000  ti_sysbios_family_arm_m3_Hwi_nvic                               
ffffffff  __TI_pprof_out_hndl                                             
ffffffff  __TI_prof_data_size                                             
ffffffff  __TI_prof_data_start                                            
ffffffff  __binit__                                                       
ffffffff  __c_args__                                                      
ffffffff  binit                                                           
UNDEFED   SHT$$INIT_ARRAY$$Base                                           
UNDEFED   SHT$$INIT_ARRAY$$Limit                                          

[892 symbols]
