******************************************************************************
                  TI ARM Linker PC v20.2.4                     
******************************************************************************
>> Linked Tue Apr 20 12:52:53 2021

OUTPUT FILE NAME:   <TESTscreen.out>
ENTRY POINT SYMBOL: "_c_int00"  address: 00017dcd


MEMORY CONFIGURATION

         name            origin    length      used     unused   attr    fill
----------------------  --------  ---------  --------  --------  ----  --------
  MAIN                  00000000   00040000  00020922  0001f6de  R  X
  INFO                  00200000   00004000  00000000  00004000  R  X
  SRAM_CODE             01000000   00010000  0000e2d7  00001d29  RW X
  SRAM_DATA             20000000   00010000  0000e2d7  00001d29  RW  


SEGMENT ALLOCATION MAP

run origin  load origin   length   init length attrs members
----------  ----------- ---------- ----------- ----- -------
00000000    00000000    00020928   00020928    r-x
  00000000    00000000    0000003c   0000003c    r-- .resetVecs
  00000040    00000040    0001cb82   0001cb82    r-x .text
  0001cbc4    0001cbc4    00003a6c   00003a6c    r-- .const
  00020630    00020630    000002f8   000002f8    r-- .cinit
20000140    20000140    00008000   00000000    r--
  20000140    20000140    00008000   00000000    r-- .priheap
20008200    20008200    00005d98   00000000    rw-
  20008200    20008200    0000566f   00000000    rw- .bss
  2000d870    2000d870    00000728   00000000    rw- .data
2000fc00    2000fc00    00000400   00000000    rw-
  2000fc00    2000fc00    00000400   00000000    rw- .stack


SECTION ALLOCATION MAP

 output                                  attributes/
section   page    origin      length       input sections
--------  ----  ----------  ----------   ----------------
.text      0    00000040    0001cb82     
                  00000040    000007e4     lv_slider.obj (.text:lv_slider_design)
                  00000824    00000758     lv_draw_basic.obj (.text:lv_draw_letter)
                  00000f7c    0000066c     lv_draw_rect.obj (.text:lv_draw_rect_main_corner)
                  000015e8    00000660     lv_style.obj (.text:lv_style_init)
                  00001c48    0000065a     lv_draw_rect.obj (.text:lv_draw_rect_border_straight)
                  000022a2    00000002     ti_drivers_config.obj (.text:Board_initHook)
                  000022a4    00000628     lv_draw_label.obj (.text:lv_draw_label)
                  000028cc    000005e6     lv_btnm.obj (.text:lv_btnm_signal)
                  00002eb2    00000002     dpl_msp432p401x.aem4f : PowerMSP432_tirtos.oem4f (.text:PowerMSP432_initPolicy)
                  00002eb4    000005d0     lv_page.obj (.text:lv_page_scrollable_signal)
                  00003484    00000578     lv_tabview.obj (.text:tabview_realign)
                  000039fc    00000526     lv_page.obj (.text:lv_page_sb_refresh)
                  00003f22    00000002     rtsv7M4_T_le_v4SPD16_eabi.lib : _lock.c.obj (.text:_nop)
                  00003f24    00000520     lv_obj.obj (.text:lv_obj_create)
                  00004444    000004e4     lv_label.obj (.text:lv_label_refr_text)
                  00004928    000004c4     lv_draw_rect.obj (.text:lv_draw_rect_border_corner)
                  00004dec    00000472     lv_obj.obj (.text:lv_obj_align)
                  0000525e    00000002     lv_theme_material.obj (.text:arc_init)
                  00005260    00000444     lv_obj.obj (.text:lv_obj_align_origo)
                  000056a4    00000444     lv_slider.obj (.text:lv_slider_signal)
                  00005ae8    0000041c     lv_indev.obj (.text:indev_proc_press)
                  00005f04    00000400     lv_port_indev.obj (.text:touchpad_read)
                  00006304    000003d0     lv_cont.obj (.text:lv_cont_refr_autofit)
                  000066d4    000003c8     lv_tabview.obj (.text:lv_tabview_create)
                  00006a9c    000003b6     lv_btnm.obj (.text:lv_btnm_set_map)
                  00006e52    00000002     lv_theme_material.obj (.text:calendar_init)
                  00006e54    000003a0     lv_page.obj (.text:lv_page_signal)
                  000071f4    0000039e     lv_btnm.obj (.text:lv_btnm_design)
                  00007592    00000002     lv_theme_material.obj (.text:gauge_init)
                  00007594    00000384     lv_tabview.obj (.text:lv_tabview_add_tab)
                  00007918    0000036e     lv_page.obj (.text:lv_page_design)
                  00007c86    00000002     lv_theme_material.obj (.text:kb_init)
                  00007c88    00000364     lv_bar.obj (.text:lv_bar_design)
                  00007fec    00000360     lv_ddlist.obj (.text:lv_ddlist_design)
                  0000834c    00000358     lv_tabview.obj (.text:lv_tabview_set_tab_act)
                  000086a4    0000030c     lv_ddlist.obj (.text:lv_ddlist_create)
                  000089b0    000002f8     drivers_msp432p401x.aem4f : PowerMSP432.oem4f (.text:Power_sleep)
                  00008ca8    000002ec     lv_label.obj (.text:lv_label_get_letter_on)
                  00008f94    000002d0     lv_img_decoder.obj (.text:lv_img_decoder_built_in_line_alpha)
                  00009264    000002d0     lv_label.obj (.text:lv_label_design)
                  00009534    000002d0     lv_page.obj (.text:lv_page_create)
                  00009804    000002ca     lv_cont.obj (.text:lv_cont_layout_pretty)
                  00009ace    00000002     lv_theme_material.obj (.text:led_init)
                  00009ad0    000002c4     lv_indev.obj (.text:indev_drag)
                  00009d94    000002bc     kentectouchwidgets.obj (.text:mainThread)
                  0000a050    000002b0     lv_theme_material.obj (.text:tabview_init)
                  0000a300    000002a0     rtsv7M4_T_le_v4SPD16_eabi.lib : mktime.c.obj (.text:__mktime32)
                  0000a5a0    0000028c     drivers_msp432p401x.aem4f : SPIMSP432DMA.oem4f (.text:SPIMSP432DMA_open)
                  0000a82c    0000028a     msp432p4xx_driverlib.lib : pcm.o (.text:__PCM_setPowerStateAdvanced)
                  0000aab6    00000002     lv_theme_material.obj (.text:list_init)
                  0000aab8    00000288     drivers_msp432p401x.aem4f : PowerMSP432.oem4f (.text:initPerfControl)
                  0000ad40    00000280     lv_img_decoder.obj (.text:lv_img_decoder_built_in_line_indexed)
                  0000afc0    0000024c     lv_label.obj (.text:lv_label_create)
                  0000b20c    00000240     lv_indev.obj (.text:indev_proc_release)
                  0000b44c    00000240     lv_tabview.obj (.text:tabpage_pressing_handler)
                  0000b68c    0000023c     lv_font_fmt_txt.obj (.text:get_glyph_dsc_id)
                  0000b8c8    00000234     lv_ddlist.obj (.text:lv_ddlist_signal)
                  0000bafc    0000021c     lv_draw_basic.obj (.text:sw_color_fill)
                  0000bd18    0000020c     lv_indev.obj (.text:indev_drag_throw)
                  0000bf24    000001f2     lv_draw_rect.obj (.text:lv_draw_rect_main_mid)
                  0000c116    00000002     lv_theme_material.obj (.text:lmeter_init)
                  0000c118    000001f0     lv_theme_material.obj (.text:basic_init)
                  0000c308    000001f0     lv_theme_material.obj (.text:btn_init)
                  0000c4f8    000001f0     lv_txt.obj (.text:lv_txt_get_next_word)
                  0000c6e8    000001de     lv_txt.obj (.text:lv_txt_utf8_next)
                  0000c8c6    00000002     lv_refr.obj (.text:lv_refr_init)
                  0000c8c8    000001d4     lv_refr.obj (.text:lv_refr_area)
                  0000ca9c    000001cc     lv_btnm.obj (.text:lv_btnm_create)
                  0000cc68    000001cc     lv_label.obj (.text:lv_label_signal)
                  0000ce34    000001ca     lv_color.obj (.text:lv_color_hsv_to_rgb)
                  0000cffe    00000002     lv_theme_material.obj (.text:mbox_init)
                  0000d000    000001c8     lv_theme_material.obj (.text:btnm_init)
                  0000d1c8    000001b8     ti_lvgl_ssd2119_disp.obj (.text:disp_flush)
                  0000d380    000001b0     lv_refr.obj (.text:lv_disp_refr_task)
                  0000d530    000001b0     lv_task.obj (.text:lv_task_handler)
                  0000d6e0    000001a8     lv_port_indev.obj (.text:touchpad_get_xy)
                  0000d888    0000019e     lv_img_decoder.obj (.text:lv_img_decoder_built_in_open)
                  0000da26    00000002     lv_theme_material.obj (.text:preload_init)
                  0000da28    00000190     lv_bar.obj (.text:lv_bar_create)
                  0000dbb8    00000190     lv_font_fmt_txt.obj (.text:rle_next)
                  0000dd48    0000018a     lv_tabview.obj (.text:tabpage_press_lost_handler)
                  0000ded2    00000002     lv_theme_material.obj (.text:roller_init)
                  0000ded4    00000188     ti_lvgl_ssd2119_disp.obj (.text:ssd2119_reg_init)
                  0000e05c    00000180     lv_tabview.obj (.text:lv_tabview_signal)
                  0000e1dc    0000017c     lv_cont.obj (.text:lv_cont_layout_grid)
                  0000e358    00000170     drivers_msp432p401x.aem4f : GPIOMSP432.oem4f (.text:GPIO_setConfig)
                  0000e4c8    0000016c     lv_ddlist.obj (.text:release_handler)
                  0000e634    00000160     msp432p4xx_driverlib.lib : adc14.o (.text:_getIndexForMemRegister)
                  0000e794    00000160     lv_cont.obj (.text:lv_cont_layout_row)
                  0000e8f4    0000015c     msp432p4xx_driverlib.lib : pcm.o (.text:__PCM_setPowerModeAdvanced)
                  0000ea50    0000015c     lv_cont.obj (.text:lv_cont_create)
                  0000ebac    0000014c     lv_ddlist.obj (.text:lv_ddlist_refr_size)
                  0000ecf8    00000144     lv_slider.obj (.text:lv_slider_create)
                  0000ee3c    0000013c     lv_bar.obj (.text:lv_bar_set_value)
                  0000ef78    0000013a     lv_refr.obj (.text:lv_refr_obj)
                  0000f0b2    00000002     rtsv7M4_T_le_v4SPD16_eabi.lib : div0.asm.obj (.text)
                  0000f0b4    00000130     lv_font_fmt_txt.obj (.text:get_kern_value)
                  0000f1e4    00000130     drivers_msp432p401x.aem4f : UDMAMSP432.oem4f (.text:setupInterrupt)
                  0000f314    00000004     msp432p4xx_driverlib.lib : cpu.o (.text:CPU_wfi)
                  0000f318    00000130     sysbios.aem4f : BIOS.obj (.text:ti_sysbios_knl_Semaphore_pend__E)
                  0000f448    0000012c     drivers_msp432p401x.aem4f : SPIMSP432DMA.oem4f (.text:SPIMSP432DMA_transfer)
                  0000f574    0000012c     lv_hal_disp.obj (.text:lv_disp_drv_register)
                  0000f6a0    00000128     lv_theme_material.obj (.text:cb_init)
                  0000f7c8    00000128     lv_font_fmt_txt.obj (.text:lv_font_get_bitmap_fmt_txt)
                  0000f8f0    00000124     lv_txt.obj (.text:lv_txt_get_size)
                  0000fa14    0000011e     lv_label.obj (.text:lv_label_set_text)
                  0000fb32    0000011c     lv_refr.obj (.text:lv_inv_area)
                  0000fc4e    00000002     lv_theme_material.obj (.text:spinbox_init)
                  0000fc50    00000119     lv_obj.obj (.text:lv_obj_del)
                  0000fd69    00000001     --HOLE-- [fill = 0]
                  0000fd6a    00000116     lv_cont.obj (.text:lv_cont_layout_center)
                  0000fe80    00000110     lv_font_fmt_txt.obj (.text:decompress)
                  0000ff90    00000110     lv_indev.obj (.text:lv_indev_read_task)
                  000100a0    0000010e     lv_btnm.obj (.text:allocate_btn_areas_and_controls)
                  000101ae    00000002     lv_theme_material.obj (.text:sw_init)
                  000101b0    0000010d     lv_obj.obj (.text:lv_obj_set_size)
                  000102bd    00000001     --HOLE-- [fill = 0]
                  000102be    00000002     lv_theme_material.obj (.text:ta_init)
                  000102c0    00000109     lv_ddlist.obj (.text:lv_ddlist_set_options)
                  000103c9    00000001     --HOLE-- [fill = 0]
                  000103ca    00000002     lv_theme_material.obj (.text:table_init)
                  000103cc    00000109     lv_tabview.obj (.text:lv_tabview_set_style)
                  000104d5    00000001     --HOLE-- [fill = 0]
                  000104d6    00000002     release_pem4f.oem4f (.text:ti_sysbios_BIOS_nullFunc__I)
                  000104d8    00000108     msp432p4xx_driverlib.lib : pcm.o (.text:__PCM_setCoreVoltageLevelAdvanced)
                  000105e0    00000108     sysbios.aem4f : BIOS.obj (.text:ti_sysbios_knl_Task_postInit__I)
                  000106e8    00000108                   : BIOS.obj (.text:xdc_runtime_Startup_startMods__I)
                  000107f0    00000106     lv_img_decoder.obj (.text:lv_img_decoder_built_in_read_line)
                  000108f6    00000104     drivers_msp432p401x.aem4f : SPIMSP432DMA.oem4f (.text:SPIMSP432DMA_transferCancel)
                  000109fa    00000002     lv_theme_material.obj (.text:tileview_init)
                  000109fc    00000104     lv_anim.obj (.text:anim_task)
                  00010b00    00000104     lv_refr.obj (.text:lv_refr_join_area)
                  00010c04    00000004     dpl_msp432p401x.aem4f : HwiP_tirtos.oem4f (.text:HwiP_clearInterrupt)
                  00010c08    00000104     sysbios.aem4f : BIOS.obj (.text:ti_sysbios_knl_Task_Instance_finalize__E)
                  00010d0c    00000101     lv_obj.obj (.text:lv_obj_invalidate)
                  00010e0d    00000001     --HOLE-- [fill = 0]
                  00010e0e    00000002     lv_theme_material.obj (.text:win_init)
                  00010e10    00000101     lv_obj.obj (.text:lv_obj_set_pos)
                  00010f11    00000003     --HOLE-- [fill = 0]
                  00010f14    000000fc     drivers_msp432p401x.aem4f : ADCMSP432.oem4f (.text:ADCMSP432_convert)
                  00011010    000000fc                               : SPIMSP432DMA.oem4f (.text:configDMA)
                  0001110c    000000fc     lv_task.obj (.text:lv_task_create_basic)
                  00011208    000000fc     lv_txt.obj (.text:lv_txt_get_next_line)
                  00011304    00000004     dpl_msp432p401x.aem4f : HwiP_tirtos.oem4f (.text:HwiP_disable)
                  00011308    000000f8     sysbios.aem4f : BIOS.obj (.text:ti_sysbios_family_arm_msp432_init_Boot_configureClocksHigh)
                  00011400    000000f8                   : BIOS.obj (.text:timer_create)
                  000114f8    000000f0     msp432p4xx_driverlib.lib : dma.o (.text:DMA_setChannelTransfer)
                  000115e8    000000f0     sysbios.aem4f : BIOS.obj (.text:pthread_create)
                  000116d8    000000f0                   : m3_Hwi_asm.obj (.text:ti_sysbios_family_arm_m3_Hwi_dispatch__I)
                  000117c8    000000ee     lv_cont.obj (.text:lv_cont_layout_col)
                  000118b6    00000002     --HOLE-- [fill = 0]
                  000118b8    000000ec     lv_font_fmt_txt.obj (.text:bits_write)
                  000119a4    000000ec     lv_port_indev.obj (.text:lv_port_indev_init)
                  00011a90    000000e8     lv_obj.obj (.text:lv_event_send_func)
                  00011b78    000000e4     msp432p4xx_driverlib.lib : cs.o (.text:CS_startHFXTWithTimeout)
                  00011c5c    000000e4     lv_anim.obj (.text:anim_ready_handler)
                  00011d40    000000e0     msp432p4xx_driverlib.lib : cs.o (.text:CS_startLFXTWithTimeout)
                  00011e20    000000e0     sysbios.aem4f : BIOS.obj (.text:clock_gettime)
                  00011f00    000000e0     lv_theme_material.obj (.text:lv_theme_material_init)
                  00011fe0    000000e0     sysbios.aem4f : BIOS.obj (.text:ti_sysbios_knl_Task_Instance_init__E)
                  000120c0    000000de     lv_obj.obj (.text:lv_obj_design)
                  0001219e    00000002     --HOLE-- [fill = 0]
                  000121a0    000000dc     drivers_msp432p401x.aem4f : UDMAMSP432.oem4f (.text:UDMAMSP432_close)
                  0001227c    000000dc     msp432p4xx_driverlib.lib : cs.o (.text:_CSGetHFXTFrequency)
                  00012358    000000dc     lv_theme_material.obj (.text:bar_init)
                  00012434    000000d8     lv_ddlist.obj (.text:lv_ddlist_refr_width)
                  0001250c    000000d8     lv_txt.obj (.text:lv_txt_get_width)
                  000125e4    000000d4     lv_label.obj (.text:lv_label_set_long_mode)
                  000126b8    000000d1     lv_cont.obj (.text:lv_cont_set_fit4)
                  00012789    00000001     --HOLE-- [fill = 0]
                  0001278a    00000006     drivers_msp432p401x.aem4f : ADCMSP432.oem4f (.text:ADCMSP432_control)
                  00012790    000000d0     sysbios.aem4f : BIOS.obj (.text:ti_sysbios_heaps_HeapMem_alloc__E)
                  00012860    000000d0                   : BIOS.obj (.text:timer_settime)
                  00012930    000000c8     lv_cont.obj (.text:lv_cont_signal)
                  000129f8    000000c8     lv_debug.obj (.text:lv_debug_log_error)
                  00012ac0    000000c8     lv_draw_basic.obj (.text:lv_draw_fill)
                  00012b88    000000c6     lv_obj.obj (.text:delete_children)
                  00012c4e    000000c6     lv_area.obj (.text:lv_area_intersect)
                  00012d14    000000c5     lv_page.obj (.text:lv_page_set_sb_mode)
                  00012dd9    00000003     --HOLE-- [fill = 0]
                  00012ddc    000000c4     lv_theme_material.obj (.text:ddlist_init)
                  00012ea0    000000c4     lv_img_cache.obj (.text:lv_img_cache_set_size)
                  00012f64    000000c4     lv_txt.obj (.text:lv_txt_unicode_to_utf8)
                  00013028    000000c4     sysbios.aem4f : BIOS.obj (.text:ti_sysbios_knl_Task_sleep__E)
                  000130ec    000000c2     lv_img_decoder.obj (.text:lv_img_decoder_built_in_info)
                  000131ae    00000002     --HOLE-- [fill = 0]
                  000131b0    000000c0     lv_ddlist.obj (.text:lv_ddlist_scrl_signal)
                  00013270    000000bc     lv_font_fmt_txt.obj (.text:lv_font_get_glyph_dsc_fmt_txt)
                  0001332c    000000b9     lv_obj.obj (.text:lv_obj_set_parent)
                  000133e5    00000003     --HOLE-- [fill = 0]
                  000133e8    000000b8     sysbios.aem4f : BIOS.obj (.text:ti_sysbios_family_arm_m3_Hwi_Instance_init__E)
                  000134a0    000000b5     lv_tabview.obj (.text:lv_tabview_get_style)
                  00013555    00000003     --HOLE-- [fill = 0]
                  00013558    000000b4     msp432p4xx_driverlib.lib : adc14.o (.text:ADC14_configureConversionMemory)
                  0001360c    000000b4     lv_tabview.obj (.text:tabpage_scrl_signal)
                  000136c0    000000b2     lv_page.obj (.text:lv_page_on_edge)
                  00013772    00000002     --HOLE-- [fill = 0]
                  00013774    000000b1     lv_bar.obj (.text:lv_bar_set_range)
                  00013825    00000001     --HOLE-- [fill = 0]
                  00013826    000000b0     msp432p4xx_driverlib.lib : spi.o (.text:SPI_initMaster)
                  000138d6    00000002     --HOLE-- [fill = 0]
                  000138d8    000000b0     lv_label.obj (.text:lv_label_revert_dots)
                  00013988    000000ad     lv_btnm.obj (.text:lv_btnm_set_style)
                  00013a35    00000003     --HOLE-- [fill = 0]
                  00013a38    000000ad     lv_page.obj (.text:lv_page_set_style)
                  00013ae5    00000003     --HOLE-- [fill = 0]
                  00013ae8    000000ac     drivers_msp432p401x.aem4f : GPIOMSP432.oem4f (.text:GPIO_init)
                  00013b94    000000ac     lv_draw_basic.obj (.text:lv_color_mix)
                  00013c40    000000ac     lv_draw_rect.obj (.text:lv_color_mix)
                  00013cec    000000ac     lv_tabview.obj (.text:tabpage_signal)
                  00013d98    000000aa     sysbios.aem4f : BIOS.obj (.text:xdc_runtime_Core_createObject__I)
                  00013e42    000000a8     lv_btnm.obj (.text:get_button_from_point)
                  00013eea    00000006     drivers_msp432p401x.aem4f : SPIMSP432DMA.oem4f (.text:SPIMSP432DMA_control)
                  00013ef0    000000a8     sysbios.aem4f : BIOS.obj (.text:ti_sysbios_family_arm_msp432_Timer_periodicStub__E)
                  00013f98    000000a6     lv_btnm.obj (.text:maps_are_identical)
                  0001403e    00000002     --HOLE-- [fill = 0]
                  00014040    000000a4     lv_draw_img.obj (.text:lv_img_color_format_get_px_size)
                  000140e4    000000a4     lv_hal_indev.obj (.text:lv_indev_drv_register)
                  00014188    000000a4     sysbios.aem4f : BIOS.obj (.text:ti_sysbios_knl_Task_setPri__E)
                  0001422c    000000a0     auto_init.aem4f : auto_init.oem4f (.text)
                  000142cc    0000009e     lv_ll.obj (.text:lv_ll_rem)
                  0001436a    00000002     --HOLE-- [fill = 0]
                  0001436c    0000009c     drivers_msp432p401x.aem4f : PowerMSP432.oem4f (.text:Power_init)
                  00014408    0000009c     lv_draw_label.obj (.text:hex_char_to_num)
                  000144a4    0000009c     lv_theme_material.obj (.text:label_init)
                  00014540    0000009c     lv_draw_rect.obj (.text:lv_draw_rect)
                  000145dc    0000009c     lv_img_cache.obj (.text:lv_img_cache_invalidate_src)
                  00014678    0000009c     rtsv7M4_T_le_v4SPD16_eabi.lib : memcpy_t2.asm.obj (.text)
                  00014714    00000099     lv_btnm.obj (.text:lv_btnm_get_style)
                  000147ad    00000001     --HOLE-- [fill = 0]
                  000147ae    00000098     lv_ll.obj (.text:lv_ll_chg_list)
                  00014846    00000096     lv_area.obj (.text:lv_area_join)
                  000148dc    00000096     rtsv7M4_T_le_v4SPD16_eabi.lib : ull_div_t2.asm.obj (.text)
                  00014972    00000002     --HOLE-- [fill = 0]
                  00014974    00000094     drivers_msp432p401x.aem4f : UDMAMSP432.oem4f (.text:UDMAMSP432_init)
                  00014a08    00000094                               : UDMAMSP432.oem4f (.text:UDMAMSP432_open)
                  00014a9c    00000004     dpl_msp432p401x.aem4f : HwiP_tirtos.oem4f (.text:HwiP_disableInterrupt)
                  00014aa0    00000094     sysbios.aem4f : BIOS.obj (.text:_pthread_removeThreadKeys)
                  00014b34    00000094     lv_ddlist.obj (.text:lv_ddlist_pos_current_option)
                  00014bc8    00000094     lv_obj.obj (.text:lv_obj_get_disp)
                  00014c5c    00000004     dpl_msp432p401x.aem4f : HwiP_tirtos.oem4f (.text:HwiP_enableInterrupt)
                  00014c60    00000094     sysbios.aem4f : BIOS.obj (.text:ti_sysbios_family_arm_m3_Hwi_initNVIC__E)
                  00014cf4    00000004     drivers_msp432p401x.aem4f : SPIMSP432DMA.oem4f (.text:SPIMSP432DMA_init)
                  00014cf8    00000094     sysbios.aem4f : BIOS.obj (.text:ti_sysbios_knl_Task_exit__E)
                  00014d8c    00000092     lv_cont.obj (.text:lv_cont_refr_layout)
                  00014e1e    00000002     --HOLE-- [fill = 0]
                  00014e20    00000090     lv_indev.obj (.text:indev_proc_reset_query_handler)
                  00014eb0    00000090     sysbios.aem4f : BIOS.obj (.text:ti_sysbios_knl_Task_Module_startup__E)
                  00014f40    0000008e     lv_refr.obj (.text:lv_refr_get_top_obj)
                  00014fce    00000002     --HOLE-- [fill = 0]
                  00014fd0    0000008c     drivers_msp432p401x.aem4f : ADCMSP432.oem4f (.text:ADCMSP432_open)
                  0001505c    0000008c     lv_anim.obj (.text:lv_anim_create)
                  000150e8    0000008c     lv_draw.obj (.text:lv_draw_get_buf)
                  00015174    0000008c     sysbios.aem4f : m3_TaskSupport_asm.obj (.text:ti_sysbios_family_arm_m3_TaskSupport_buildTaskStack)
                  00015200    0000008c                   : BIOS.obj (.text:xdc_runtime_Memory_alloc__E)
                  0001528c    0000008a     lv_mem.obj (.text:ent_trunc)
                  00015316    0000008a     lv_tabview.obj (.text:tab_btnm_event_cb)
                  000153a0    00000087     lv_obj.obj (.text:lv_obj_signal)
                  00015427    00000001     --HOLE-- [fill = 0]
                  00015428    00000086     lv_indev.obj (.text:indev_search_obj)
                  000154ae    00000086     drivers_msp432p401x.aem4f : SPIMSP432DMA.oem4f (.text:initHw)
                  00015534    00000086     lv_draw_rect.obj (.text:lv_draw_cont_radius_corr)
                  000155ba    00000086     lv_mem.obj (.text:lv_mem_realloc)
                  00015640    00000086     sysbios.aem4f : BIOS.obj (.text:xdc_runtime_Core_constructObject__I)
                  000156c6    00000002     --HOLE-- [fill = 0]
                  000156c8    00000085     lv_ddlist.obj (.text:lv_ddlist_set_style)
                  0001574d    00000003     --HOLE-- [fill = 0]
                  00015750    00000085     lv_page.obj (.text:lv_page_get_style)
                  000157d5    00000003     --HOLE-- [fill = 0]
                  000157d8    00000085     lv_tabview.obj (.text:lv_tabview_get_tab)
                  0001585d    00000003     --HOLE-- [fill = 0]
                  00015860    00000084     msp432p4xx_driverlib.lib : pcm.o (.text:PCM_gotoLPM3)
                  000158e4    00000084     lv_refr.obj (.text:lv_refr_obj_and_children)
                  00015968    00000084     lv_txt.obj (.text:lv_txt_utf8_prev)
                  000159ec    00000084     drivers_msp432p401x.aem4f : PowerMSP432.oem4f (.text:restartHFXT)
                  00015a70    00000084     sysbios.aem4f : BIOS.obj (.text:ti_sysbios_family_arm_m3_Hwi_postInit__I)
                  00015af4    00000004     dpl_msp432p401x.aem4f : SemaphoreP_tirtos.oem4f (.text:SemaphoreP_post)
                  00015af8    00000084     sysbios.aem4f : BIOS.obj (.text:ti_sysbios_heaps_HeapMem_free__E)
                  00015b7c    00000082     lv_btnm.obj (.text:invalidate_button_area)
                  00015bfe    00000002     --HOLE-- [fill = 0]
                  00015c00    00000082     lv_obj.obj (.text:lv_obj_report_style_mod)
                  00015c82    00000002     --HOLE-- [fill = 0]
                  00015c84    00000081     lv_obj.obj (.text:lv_obj_set_hidden)
                  00015d05    00000003     --HOLE-- [fill = 0]
                  00015d08    00000080     lv_bar.obj (.text:lv_bar_signal)
                  00015d88    00000080     lv_label.obj (.text:lv_label_set_dot_tmp)
                  00015e08    00000080     sysbios.aem4f : BIOS.obj (.text:ti_sysbios_knl_Clock_workFunc__E)
                  00015e88    0000007e     lv_indev.obj (.text:indev_pointer_proc)
                  00015f06    0000007e     lv_ll.obj (.text:lv_ll_ins_prev)
                  00015f84    0000007d     lv_label.obj (.text:lv_label_set_static_text)
                  00016001    00000001     --HOLE-- [fill = 0]
                  00016002    0000007c     lv_ll.obj (.text:lv_ll_move_before)
                  0001607e    00000002     --HOLE-- [fill = 0]
                  00016080    0000007c     lv_page.obj (.text:lv_page_start_edge_flash)
                  000160fc    0000007c     lv_refr.obj (.text:lv_refr_area_part)
                  00016178    0000007c     lv_task.obj (.text:lv_task_set_prio)
                  000161f4    0000007a     rtsv7M4_T_le_v4SPD16_eabi.lib : memset_t2.asm.obj (.text)
                  0001626e    00000002     --HOLE-- [fill = 0]
                  00016270    00000079     lv_slider.obj (.text:lv_slider_get_style)
                  000162e9    00000003     --HOLE-- [fill = 0]
                  000162ec    00000078     lv_page.obj (.text:lv_page_scroll_hor)
                  00016364    00000078     lv_page.obj (.text:lv_page_scroll_ver)
                  000163dc    00000078     lv_refr.obj (.text:lv_refr_vdb_flush)
                  00016454    00000078     lv_page.obj (.text:scrl_def_event_cb)
                  000164cc    00000076     lv_txt.obj (.text:lv_txt_is_cmd)
                  00016542    00000002     --HOLE-- [fill = 0]
                  00016544    00000075     lv_slider.obj (.text:lv_slider_set_style)
                  000165b9    00000001     --HOLE-- [fill = 0]
                  000165ba    00000074     lv_indev.obj (.text:indev_button_proc)
                  0001662e    00000002     --HOLE-- [fill = 0]
                  00016630    00000074     lv_anim.obj (.text:lv_anim_del)
                  000166a4    00000074     lv_utils.obj (.text:lv_utils_bsearch)
                  00016718    00000074     lv_obj.obj (.text:refresh_children_position)
                  0001678c    00000071     lv_obj.obj (.text:lv_obj_realign)
                  000167fd    00000003     --HOLE-- [fill = 0]
                  00016800    00000070     lv_img_decoder.obj (.text:lv_img_decoder_init)
                  00016870    00000070     lv_obj.obj (.text:lv_obj_get_style)
                  000168e0    00000070     lv_refr.obj (.text:lv_refr_areas)
                  00016950    00000070     lv_theme_material.obj (.text:slider_init)
                  000169c0    00000070     sysbios.aem4f : BIOS.obj (.text:ti_sysbios_heaps_HeapMem_initPrimary__I)
                  00016a30    0000006e     rtsv7M4_T_le_v4SPD16_eabi.lib : ll_div_t2.asm.obj (.text)
                  00016a9e    00000002     --HOLE-- [fill = 0]
                  00016aa0    0000006c     lv_theme_material.obj (.text:img_init)
                  00016b0c    0000006c     lv_task.obj (.text:lv_task_exec)
                  00016b78    0000006c     sysbios.aem4f : BIOS.obj (.text:ti_sysbios_family_arm_msp432_Seconds_get__E)
                  00016be4    00000004     release_pem4f.oem4f (.text:ti_sysbios_BIOS_RtsGateProxy_enter__E)
                  00016be8    0000006c     sysbios.aem4f : BIOS.obj (.text:ti_sysbios_knl_Swi_restoreHwi__E)
                  00016c54    0000006a     lv_font_fmt_txt.obj (.text:get_bits)
                  00016cbe    0000006a     lv_anim.obj (.text:lv_anim_speed_to_time)
                  00016d28    0000006a     lv_txt.obj (.text:lv_txt_utf8_conv_wc)
                  00016d92    00000002     --HOLE-- [fill = 0]
                  00016d94    00000069     lv_bar.obj (.text:lv_bar_get_style)
                  00016dfd    00000003     --HOLE-- [fill = 0]
                  00016e00    00000069     lv_btnm.obj (.text:lv_btnm_get_btn_ctrl)
                  00016e69    00000003     --HOLE-- [fill = 0]
                  00016e6c    00000069     lv_label.obj (.text:lv_label_set_body_draw)
                  00016ed5    00000003     --HOLE-- [fill = 0]
                  00016ed8    00000069     lv_obj.obj (.text:lv_obj_move_foreground)
                  00016f41    00000003     --HOLE-- [fill = 0]
                  00016f44    00000068     drivers_msp432p401x.aem4f : GPIOMSP432.oem4f (.text:GPIO_hwiIntFxn)
                  00016fac    00000068                               : PowerMSP432.oem4f (.text:PowerMSP432_getFreqs)
                  00017014    00000068     rtsv7M4_T_le_v4SPD16_eabi.lib : copy_decompress_lzss.c.obj (.text:decompress:lzss:__TI_decompress_lzss)
                  0001707c    00000066     lv_task.obj (.text:lv_task_create)
                  000170e2    00000004     release_pem4f.oem4f (.text:ti_sysbios_BIOS_RtsGateProxy_leave__E)
                  000170e6    00000002     --HOLE-- [fill = 0]
                  000170e8    00000066     sysbios.aem4f : BIOS.obj (.text:xdc_runtime_Core_deleteObject__I)
                  0001714e    00000002     --HOLE-- [fill = 0]
                  00017150    00000065     lv_bar.obj (.text:lv_bar_set_style)
                  000171b5    00000003     --HOLE-- [fill = 0]
                  000171b8    00000065     lv_btnm.obj (.text:lv_btnm_set_pressed)
                  0001721d    00000003     --HOLE-- [fill = 0]
                  00017220    00000065     lv_ddlist.obj (.text:lv_ddlist_get_style)
                  00017285    00000001     --HOLE-- [fill = 0]
                  00017286    00000064     drivers_msp432p401x.aem4f : SPIMSP432DMA.oem4f (.text:SPIMSP432DMA_close)
                  000172ea    00000002     --HOLE-- [fill = 0]
                  000172ec    00000064     main_tirtos.obj (.text:main)
                  00017350    00000064     sysbios.aem4f : BIOS.obj (.text:pthread_cancel)
                  000173b4    00000004     release_pem4f.oem4f (.text:ti_sysbios_family_arm_m3_Hwi_delete)
                  000173b8    00000064     sysbios.aem4f : BIOS.obj (.text:pthread_exit)
                  0001741c    00000004     release_pem4f.oem4f (.text:ti_sysbios_family_arm_m3_TaskSupport_Module__startupDone__S)
                  00017420    00000064     sysbios.aem4f : BIOS.obj (.text:ti_sysbios_family_arm_m3_Hwi_dispatchC__I)
                  00017484    00000062     lv_obj.obj (.text:lv_obj_set_style)
                  000174e6    00000002     --HOLE-- [fill = 0]
                  000174e8    00000061     lv_btnm.obj (.text:lv_btnm_clear_btn_ctrl)
                  00017549    00000003     --HOLE-- [fill = 0]
                  0001754c    00000061     lv_btnm.obj (.text:lv_btnm_clear_btn_ctrl_all)
                  000175ad    00000003     --HOLE-- [fill = 0]
                  000175b0    00000061     lv_btnm.obj (.text:lv_btnm_set_btn_ctrl)
                  00017611    00000003     --HOLE-- [fill = 0]
                  00017614    00000061     lv_cont.obj (.text:lv_cont_set_layout)
                  00017675    00000003     --HOLE-- [fill = 0]
                  00017678    00000061     lv_label.obj (.text:lv_label_set_recolor)
                  000176d9    00000003     --HOLE-- [fill = 0]
                  000176dc    00000060     drivers_msp432p401x.aem4f : ADCMSP432.oem4f (.text:ADCMSP432_convertToMicroVolts)
                  0001773c    00000060                               : GPIOMSP432.oem4f (.text:GPIO_setCallback)
                  0001779c    00000004     release_pem4f.oem4f (.text:ti_sysbios_heaps_HeapMem_Module_GateProxy_enter__E)
                  000177a0    00000060     sysbios.aem4f : BIOS.obj (.text:ti_sysbios_knl_Semaphore_post__E)
                  00017800    00000060                   : BIOS.obj (.text:ti_sysbios_knl_Swi_run__I)
                  00017860    0000005e     msp432p4xx_driverlib.lib : pcm.o (.text:PCM_getCoreVoltageLevel)
                  000178be    0000005c     lv_area.obj (.text:lv_area_is_in)
                  0001791a    0000005c     lv_area.obj (.text:lv_area_is_point_on)
                  00017976    0000005c     lv_circ.obj (.text:lv_circ_next)
                  000179d2    0000005c     lv_hal_indev.obj (.text:lv_indev_read)
                  00017a2e    00000002     --HOLE-- [fill = 0]
                  00017a30    0000005c     lv_page.obj (.text:lv_scrl_design)
                  00017a8c    00000004     release_pem4f.oem4f (.text:ti_sysbios_heaps_HeapMem_Module_GateProxy_leave__E)
                  00017a90    0000005c     sysbios.aem4f : BIOS.obj (.text:ti_sysbios_knl_Swi_schedule__I)
                  00017aec    00000004     release_pem4f.oem4f (.text:ti_sysbios_knl_Clock_TimerProxy_getMaxTicks__E)
                  00017af0    0000005c     sysbios.aem4f : BIOS.obj (.text:ti_sysbios_knl_Task_startCore__E)
                  00017b4c    00000004     release_pem4f.oem4f (.text:ti_sysbios_knl_Semaphore_delete)
                  00017b50    0000005c     sysbios.aem4f : BIOS.obj (.text:xdc_runtime_Startup_exec__E)
                  00017bac    0000005a     msp432p4xx_driverlib.lib : pcm.o (.text:PCM_getPowerMode)
                  00017c06    0000005a     drivers_msp432p401x.aem4f : ADCMSP432.oem4f (.text:initHw)
                  00017c60    0000005a     lv_ll.obj (.text:lv_ll_ins_tail)
                  00017cba    00000002     --HOLE-- [fill = 0]
                  00017cbc    00000059     lv_label.obj (.text:lv_label_set_align)
                  00017d15    00000003     --HOLE-- [fill = 0]
                  00017d18    00000059     lv_obj.obj (.text:lv_obj_set_drag)
                  00017d71    00000003     --HOLE-- [fill = 0]
                  00017d74    00000058     drivers_msp432p401x.aem4f : GPIOMSP432.oem4f (.text:GPIO_write)
                  00017dcc    00000058     boot.aem4f : boot.oem4f (.text)
                  00017e24    00000058     lv_txt.obj (.text:lv_txt_utf8_get_byte_id)
                  00017e7c    00000058     drivers_msp432p401x.aem4f : SPIMSP432DMA.oem4f (.text:spiHwiFxn)
                  00017ed4    00000058     sysbios.aem4f : m3_Hwi_asm_switch.obj (.text:ti_sysbios_family_arm_m3_Hwi_initStacks__E)
                  00017f2c    00000056     lv_anim.obj (.text:lv_anim_path_linear)
                  00017f82    00000002     --HOLE-- [fill = 0]
                  00017f84    00000055     lv_obj.obj (.text:lv_obj_get_opa_scale)
                  00017fd9    00000003     --HOLE-- [fill = 0]
                  00017fdc    00000055     lv_obj.obj (.text:lv_obj_get_x)
                  00018031    00000003     --HOLE-- [fill = 0]
                  00018034    00000055     lv_obj.obj (.text:lv_obj_get_y)
                  00018089    00000003     --HOLE-- [fill = 0]
                  0001808c    00000054     msp432p4xx_driverlib.lib : pcm.o (.text:PCM_shutdownDevice)
                  000180e0    00000054     lv_hal_disp.obj (.text:lv_disp_drv_init)
                  00018134    00000054     lv_mem.obj (.text:lv_mem_alloc)
                  00018188    00000054     release_pem4f.oem4f (.text:ti_sysbios_family_arm_m3_Hwi_create)
                  000181dc    00000004     release_pem4f.oem4f (.text:ti_sysbios_knl_Task_delete)
                  000181e0    00000054     sysbios.aem4f : BIOS.obj (.text:ti_sysbios_family_arm_msp432_Timer_initDevice__I)
                  00018234    00000004     release_pem4f.oem4f (.text:xdc_runtime_System_Module_GateProxy_enter__E)
                  00018238    00000054     sysbios.aem4f : BIOS.obj (.text:timer_gettime)
                  0001828c    00000052     lv_area.obj (.text:lv_area_is_on)
                  000182de    00000052     lv_ll.obj (.text:lv_ll_ins_head)
                  00018330    00000050     drivers_msp432p401x.aem4f : UDMAMSP432.oem4f (.text:UDMAMSP432_hwiFxn)
                  00018380    00000050     lv_page.obj (.text:edge_flash_anim_end)
                  000183d0    00000050     lv_txt.obj (.text:is_break_char)
                  00018420    00000050     lv_draw_img.obj (.text:lv_img_src_get_type)
                  00018470    00000050     lv_obj.obj (.text:lv_init)
                  000184c0    00000050     sysbios.aem4f : BIOS.obj (.text:ti_sysbios_family_arm_m3_Hwi_Module_startup__E)
                  00018510    00000050     release_pem4f.oem4f (.text:ti_sysbios_knl_Task_create)
                  00018560    0000004e     lv_color.obj (.text:lv_color_make)
                  000185ae    0000004e     lv_draw_label.obj (.text:lv_color_make)
                  000185fc    0000004e     lv_img_decoder.obj (.text:lv_color_make)
                  0001864a    0000004e     lv_style.obj (.text:lv_color_make)
                  00018698    0000004e     lv_theme_material.obj (.text:lv_color_make)
                  000186e6    00000002     --HOLE-- [fill = 0]
                  000186e8    0000004d     lv_obj.obj (.text:lv_event_send)
                  00018735    00000003     --HOLE-- [fill = 0]
                  00018738    0000004d     lv_label.obj (.text:lv_label_get_align)
                  00018785    00000003     --HOLE-- [fill = 0]
                  00018788    0000004d     lv_obj.obj (.text:lv_obj_get_child)
                  000187d5    00000003     --HOLE-- [fill = 0]
                  000187d8    0000004d     lv_obj.obj (.text:lv_obj_get_child_back)
                  00018825    00000003     --HOLE-- [fill = 0]
                  00018828    0000004d     lv_tabview.obj (.text:lv_tabview_set_sliding)
                  00018875    00000003     --HOLE-- [fill = 0]
                  00018878    0000004c     dpl_msp432p401x.aem4f : PowerMSP432_tirtos.oem4f (.text:PowerMSP432_sleepPolicy)
                  000188c4    0000004c     rtsv7M4_T_le_v4SPD16_eabi.lib : cpy_tbl.c.obj (.text:copy_in)
                  00018910    0000004c     lv_indev.obj (.text:lv_indev_get_vect)
                  0001895c    0000004c     ti_lvgl_ssd2119_disp.obj (.text:lv_port_disp_init)
                  000189a8    0000004c     lv_font_fmt_txt.obj (.text:rle_init)
                  000189f4    00000004     release_pem4f.oem4f (.text:xdc_runtime_System_Module_GateProxy_leave__E)
                  000189f8    0000004c     sysbios.aem4f : BIOS.obj (.text:ti_sysbios_family_arm_msp432_Timer_postInit__I)
                  00018a44    00000004     --HOLE-- [fill = 0]
                  00018a48    0000004c                   : BIOS.obj (.text:ti_sysbios_family_arm_msp432_Timer_start__E)
                  00018a94    00000004     --HOLE-- [fill = 0]
                  00018a98    0000004c                   : BIOS.obj (.text:ti_sysbios_heaps_HeapMem_getStats__E)
                  00018ae4    00000004     --HOLE-- [fill = 0]
                  00018ae8    0000004c                   : BIOS.obj (.text:ti_sysbios_knl_Swi_runLoop__I)
                  00018b34    00000004     --HOLE-- [fill = 0]
                  00018b38    0000004c                   : BIOS.obj (.text:ti_sysbios_knl_Task_allBlockedFunction__I)
                  00018b84    00000004     --HOLE-- [fill = 0]
                  00018b88    0000004c                   : BIOS.obj (.text:ti_sysbios_knl_Task_schedule__I)
                  00018bd4    0000004a     lv_hal_disp.obj (.text:lv_disp_pop_from_inv_buf)
                  00018c1e    0000004a     lv_obj.obj (.text:report_style_mod_core)
                  00018c68    00000049     lv_bar.obj (.text:lv_bar_get_value)
                  00018cb1    00000003     --HOLE-- [fill = 0]
                  00018cb4    00000049     lv_obj.obj (.text:lv_obj_clear_protect)
                  00018cfd    00000003     --HOLE-- [fill = 0]
                  00018d00    00000049     lv_obj.obj (.text:lv_obj_get_height_fit)
                  00018d49    00000003     --HOLE-- [fill = 0]
                  00018d4c    00000049     lv_obj.obj (.text:lv_obj_get_width_fit)
                  00018d95    00000003     --HOLE-- [fill = 0]
                  00018d98    00000049     lv_obj.obj (.text:lv_obj_set_auto_realign)
                  00018de1    00000003     --HOLE-- [fill = 0]
                  00018de4    00000049     lv_obj.obj (.text:lv_obj_set_click)
                  00018e2d    00000003     --HOLE-- [fill = 0]
                  00018e30    00000049     lv_obj.obj (.text:lv_obj_set_drag_throw)
                  00018e79    00000003     --HOLE-- [fill = 0]
                  00018e7c    00000049     lv_slider.obj (.text:lv_slider_get_value)
                  00018ec5    00000003     --HOLE-- [fill = 0]
                  00018ec8    00000048     drivers_msp432p401x.aem4f : PowerMSP432.oem4f (.text:Power_releaseConstraint)
                  00018f10    00000048     lv_mem.obj (.text:ent_get_next)
                  00018f58    00000048     lv_img_decoder.obj (.text:lv_img_decoder_create)
                  00018fa0    00000048     lv_txt.obj (.text:lv_txt_utf8_size)
                  00018fe8    00000048     lv_obj.obj (.text:refresh_children_style)
                  00019030    00000048     ti_lvgl_disp_interface.obj (.text:spi_wr_word)
                  00019078    00000048     sysbios.aem4f : BIOS.obj (.text:ti_sysbios_family_arm_m3_Hwi_disableInterrupt__E)
                  000190c0    00000048                   : BIOS.obj (.text:ti_sysbios_family_arm_m3_Hwi_enableInterrupt__E)
                  00019108    00000048                   : BIOS.obj (.text:ti_sysbios_knl_Mailbox_Module_startup__E)
                  00019150    00000048                   : BIOS.obj (.text:xdc_runtime_Core_assignParams__I)
                  00019198    00000046     lv_area.obj (.text:lv_area_set_pos)
                  000191de    00000046     lv_obj.obj (.text:lv_obj_handle_get_type_signal)
                  00019224    00000045     lv_label.obj (.text:lv_label_get_body_draw)
                  00019269    00000003     --HOLE-- [fill = 0]
                  0001926c    00000045     lv_label.obj (.text:lv_label_get_recolor)
                  000192b1    00000003     --HOLE-- [fill = 0]
                  000192b4    00000045     lv_obj.obj (.text:lv_obj_is_protected)
                  000192f9    00000003     --HOLE-- [fill = 0]
                  000192fc    00000045     lv_tabview.obj (.text:lv_tabview_get_sliding)
                  00019341    00000003     --HOLE-- [fill = 0]
                  00019344    00000044     drivers_msp432p401x.aem4f : ADC.oem4f (.text:ADC_init)
                  00019388    00000044                               : SPI.oem4f (.text:SPI_init)
                  000193cc    00000044     lv_ddlist.obj (.text:lv_ddlist_get_txt_flag)
                  00019410    00000044     sysbios.aem4f : BIOS.obj (.text:ti_sysbios_family_arm_m3_Hwi_getStackInfo__E)
                  00019454    00000004     --HOLE-- [fill = 0]
                  00019458    00000044                   : BIOS.obj (.text:ti_sysbios_knl_Swi_post__E)
                  0001949c    00000042     lv_indev.obj (.text:lv_indev_reset)
                  000194de    00000042     lv_ll.obj (.text:node_set_next)
                  00019520    00000041     lv_obj.obj (.text:lv_obj_allocate_ext_attr)
                  00019561    00000003     --HOLE-- [fill = 0]
                  00019564    00000041     lv_obj.obj (.text:lv_obj_get_drag)
                  000195a5    00000003     --HOLE-- [fill = 0]
                  000195a8    00000041     lv_obj.obj (.text:lv_obj_get_drag_throw)
                  000195e9    00000003     --HOLE-- [fill = 0]
                  000195ec    00000041     lv_obj.obj (.text:lv_obj_get_hidden)
                  0001962d    00000003     --HOLE-- [fill = 0]
                  00019630    00000041     lv_obj.obj (.text:lv_obj_get_screen)
                  00019671    00000003     --HOLE-- [fill = 0]
                  00019674    00000041     lv_obj.obj (.text:lv_obj_refresh_ext_draw_pad)
                  000196b5    00000003     --HOLE-- [fill = 0]
                  000196b8    00000041     lv_obj.obj (.text:lv_obj_refresh_style)
                  000196f9    00000003     --HOLE-- [fill = 0]
                  000196fc    00000040     drivers_msp432p401x.aem4f : ADCMSP432.oem4f (.text:ADCMSP432_close)
                  0001973c    00000040                               : ADC.oem4f (.text:ADC_open)
                  0001977c    00000040     dpl_msp432p401x.aem4f : HwiP_tirtos.oem4f (.text:HwiP_create)
                  000197bc    00000040     drivers_msp432p401x.aem4f : SPI.oem4f (.text:SPI_open)
                  000197fc    00000040     msp432p4xx_driverlib.lib : spi.o (.text:is_A_Module)
                  0001983c    00000040     lv_theme_material.obj (.text:lv_color_hex3)
                  0001987c    00000040     lv_indev.obj (.text:lv_indev_is_dragging)
                  000198bc    00000040     lv_txt.obj (.text:lv_txt_utf8_get_char_id)
                  000198fc    00000004     --HOLE-- [fill = 0]
                  00019900    00000040     sysbios.aem4f : BIOS.obj (.text:ti_sysbios_family_arm_msp432_Timer_Module_startup__E)
                  00019940    00000040                   : BIOS.obj (.text:ti_sysbios_family_arm_msp432_Timer_startup__E)
                  00019980    00000040                   : BIOS.obj (.text:ti_sysbios_heaps_HeapMem_Instance_init__E)
                  000199c0    00000040                   : BIOS.obj (.text:ti_sysbios_knl_Clock_Instance_init__E)
                  00019a00    0000003e     lv_indev.obj (.text:lv_indev_get_point)
                  00019a3e    0000003e     lv_ll.obj (.text:node_set_prev)
                  00019a7c    0000003d     lv_obj.obj (.text:lv_obj_get_auto_realign)
                  00019ab9    00000003     --HOLE-- [fill = 0]
                  00019abc    0000003d     lv_obj.obj (.text:lv_obj_get_click)
                  00019af9    00000003     --HOLE-- [fill = 0]
                  00019afc    0000003d     lv_obj.obj (.text:lv_obj_set_height)
                  00019b39    00000003     --HOLE-- [fill = 0]
                  00019b3c    0000003d     lv_obj.obj (.text:lv_obj_set_protect)
                  00019b79    00000003     --HOLE-- [fill = 0]
                  00019b7c    0000003d     lv_obj.obj (.text:lv_obj_set_width)
                  00019bb9    00000003     --HOLE-- [fill = 0]
                  00019bbc    0000003d     lv_obj.obj (.text:lv_obj_set_x)
                  00019bf9    00000003     --HOLE-- [fill = 0]
                  00019bfc    0000003d     lv_obj.obj (.text:lv_obj_set_y)
                  00019c39    00000003     --HOLE-- [fill = 0]
                  00019c3c    0000003d     lv_page.obj (.text:lv_page_set_anim_time)
                  00019c79    00000001     --HOLE-- [fill = 0]
                  00019c7a    0000003c     lv_mem.obj (.text:ent_alloc)
                  00019cb6    00000002     --HOLE-- [fill = 0]
                  00019cb8    0000003c     lv_indev.obj (.text:indev_reset_check)
                  00019cf4    0000003c     ti_lvgl_disp_interface.obj (.text:spi_init)
                  00019d30    0000003c     sysbios.aem4f : BIOS.obj (.text:ti_sysbios_family_arm_m3_Hwi_Instance_finalize__E)
                  00019d6c    00000004     --HOLE-- [fill = 0]
                  00019d70    0000003c                   : BIOS.obj (.text:ti_sysbios_family_arm_msp432_Seconds_Module_startup__E)
                  00019dac    00000004     --HOLE-- [fill = 0]
                  00019db0    0000003c                   : BIOS.obj (.text:ti_sysbios_knl_Swi_restore__E)
                  00019dec    00000004     --HOLE-- [fill = 0]
                  00019df0    0000003c                   : BIOS.obj (.text:usleep)
                  00019e2c    0000003a     lv_img_decoder.obj (.text:lv_img_decoder_close)
                  00019e66    00000002     --HOLE-- [fill = 0]
                  00019e68    00000039     lv_cont.obj (.text:lv_cont_get_fit_bottom)
                  00019ea1    00000003     --HOLE-- [fill = 0]
                  00019ea4    00000039     lv_cont.obj (.text:lv_cont_get_fit_left)
                  00019edd    00000003     --HOLE-- [fill = 0]
                  00019ee0    00000039     lv_cont.obj (.text:lv_cont_get_fit_right)
                  00019f19    00000003     --HOLE-- [fill = 0]
                  00019f1c    00000039     lv_cont.obj (.text:lv_cont_get_fit_top)
                  00019f55    00000003     --HOLE-- [fill = 0]
                  00019f58    00000039     lv_cont.obj (.text:lv_cont_get_layout)
                  00019f91    00000003     --HOLE-- [fill = 0]
                  00019f94    00000039     lv_label.obj (.text:lv_label_get_long_mode)
                  00019fcd    00000003     --HOLE-- [fill = 0]
                  00019fd0    00000038     drivers_msp432p401x.aem4f : PowerMSP432.oem4f (.text:Power_setConstraint)
                  0001a008    00000038     lv_mem.obj (.text:lv_mem_init)
                  0001a040    00000038     drivers_msp432p401x.aem4f : PowerMSP432.oem4f (.text:notify)
                  0001a078    00000038     sysbios.aem4f : BIOS.obj (.text:xdc_runtime_System_atexit__E)
                  0001a0b0    00000036     lv_font_fmt_txt.obj (.text:kern_pair_16_compare)
                  0001a0e6    00000036     lv_font_fmt_txt.obj (.text:kern_pair_8_compare)
                  0001a11c    00000036     lv_hal_disp.obj (.text:lv_disp_buf_init)
                  0001a152    00000036     lv_label.obj (.text:lv_label_dot_tmp_free)
                  0001a188    00000035     lv_bar.obj (.text:lv_bar_get_max_value)
                  0001a1bd    00000003     --HOLE-- [fill = 0]
                  0001a1c0    00000035     lv_bar.obj (.text:lv_bar_get_min_value)
                  0001a1f5    00000003     --HOLE-- [fill = 0]
                  0001a1f8    00000035     lv_btnm.obj (.text:lv_btnm_get_active_btn)
                  0001a22d    00000003     --HOLE-- [fill = 0]
                  0001a230    00000035     lv_btnm.obj (.text:lv_btnm_get_map_array)
                  0001a265    00000003     --HOLE-- [fill = 0]
                  0001a268    00000035     lv_label.obj (.text:lv_label_get_text)
                  0001a29d    00000003     --HOLE-- [fill = 0]
                  0001a2a0    00000035     lv_obj.obj (.text:lv_obj_get_coords)
                  0001a2d5    00000003     --HOLE-- [fill = 0]
                  0001a2d8    00000035     lv_page.obj (.text:lv_page_get_anim_time)
                  0001a30d    00000003     --HOLE-- [fill = 0]
                  0001a310    00000035     lv_page.obj (.text:lv_page_get_scrl)
                  0001a345    00000003     --HOLE-- [fill = 0]
                  0001a348    00000035     lv_tabview.obj (.text:lv_tabview_get_anim_time)
                  0001a37d    00000003     --HOLE-- [fill = 0]
                  0001a380    00000035     lv_tabview.obj (.text:lv_tabview_get_tab_act)
                  0001a3b5    00000001     --HOLE-- [fill = 0]
                  0001a3b6    00000034     lv_font_fmt_txt.obj (.text:decompress_line)
                  0001a3ea    00000034     lv_area.obj (.text:lv_area_set)
                  0001a41e    00000034     lv_ddlist.obj (.text:lv_ddlist_anim_finish)
                  0001a452    00000002     --HOLE-- [fill = 0]
                  0001a454    00000034     lv_obj.obj (.text:lv_event_mark_deleted)
                  0001a488    00000034     lv_ll.obj (.text:lv_ll_init)
                  0001a4bc    00000034     lv_txt.obj (.text:lv_txt_utf8_get_length)
                  0001a4f0    00000034     lv_btnm.obj (.text:make_one_button_toggled)
                  0001a524    00000034     ti_lvgl_disp_interface.obj (.text:spi_wr_array)
                  0001a558    00000034     release_pem4f.oem4f (.text:ti_sysbios_knl_Semaphore_create)
                  0001a58c    00000032     lv_hal_disp.obj (.text:lv_disp_is_true_double_buf)
                  0001a5be    00000032     lv_hal_tick.obj (.text:lv_tick_elaps)
                  0001a5f0    00000032     sysbios.aem4f : BIOS.obj (.text:ti_sysbios_hal_Hwi_initStack)
                  0001a622    00000002     --HOLE-- [fill = 0]
                  0001a624    00000031     lv_obj.obj (.text:lv_obj_get_drag_dir)
                  0001a655    00000003     --HOLE-- [fill = 0]
                  0001a658    00000031     lv_obj.obj (.text:lv_obj_get_height)
                  0001a689    00000003     --HOLE-- [fill = 0]
                  0001a68c    00000031     lv_obj.obj (.text:lv_obj_get_width)
                  0001a6bd    00000003     --HOLE-- [fill = 0]
                  0001a6c0    00000031     lv_obj.obj (.text:lv_obj_set_design_cb)
                  0001a6f1    00000003     --HOLE-- [fill = 0]
                  0001a6f4    00000031     lv_obj.obj (.text:lv_obj_set_event_cb)
                  0001a725    00000003     --HOLE-- [fill = 0]
                  0001a728    00000031     lv_obj.obj (.text:lv_obj_set_signal_cb)
                  0001a759    00000003     --HOLE-- [fill = 0]
                  0001a75c    00000030     drivers_msp432p401x.aem4f : ADCMSP432.oem4f (.text:ADCMSP432_init)
                  0001a78c    00000030     lv_area.obj (.text:lv_area_get_size)
                  0001a7bc    00000030     lv_hal_disp.obj (.text:lv_disp_get_hor_res)
                  0001a7ec    00000030     lv_hal_indev.obj (.text:lv_indev_drv_init)
                  0001a81c    00000030     lv_mem.obj (.text:lv_mem_get_size)
                  0001a84c    00000030     lv_task.obj (.text:lv_task_del)
                  0001a87c    00000030     drivers_msp432p401x.aem4f : SPIMSP432DMA.oem4f (.text:mapPin)
                  0001a8ac    00000030     lv_theme_material.obj (.text:page_init)
                  0001a8dc    00000030     release_pem4f.oem4f (.text:ti_sysbios_BIOS_atExitFunc__I)
                  0001a90c    00000030     release_pem4f.oem4f (.text:ti_sysbios_BIOS_startFunc__I)
                  0001a93c    00000004     --HOLE-- [fill = 0]
                  0001a940    00000030     sysbios.aem4f : BIOS.obj (.text:ti_sysbios_family_arm_m3_TaskSupport_start__E)
                  0001a970    00000030     release_pem4f.oem4f (.text:ti_sysbios_gates_GateHwi_Object__create__S)
                  0001a9a0    00000030     release_pem4f.oem4f (.text:ti_sysbios_gates_GateMutex_Object__create__S)
                  0001a9d0    00000030     sysbios.aem4f : BIOS.obj (.text:ti_sysbios_gates_GateMutex_enter__E)
                  0001aa00    00000030     release_pem4f.oem4f (.text:ti_sysbios_heaps_HeapMem_Object__create__S)
                  0001aa30    00000030     release_pem4f.oem4f (.text:ti_sysbios_knl_Clock_construct)
                  0001aa60    00000030     sysbios.aem4f : BIOS.obj (.text:ti_sysbios_knl_Mailbox_postInit__I)
                  0001aa90    00000030     release_pem4f.oem4f (.text:ti_sysbios_knl_Semaphore_construct)
                  0001aac0    00000030     sysbios.aem4f : BIOS.obj (.text:ti_sysbios_knl_Semaphore_pendTimeout__I)
                  0001aaf0    00000030                   : BIOS.obj (.text:ti_sysbios_knl_Task_processVitalTaskFlag__I)
                  0001ab20    00000030                   : BIOS.obj (.text:ti_sysbios_knl_Task_restore__E)
                  0001ab50    00000030                   : BIOS.obj (.text:ti_sysbios_knl_Task_unblockI__E)
                  0001ab80    00000030                   : BIOS.obj (.text:timer_delete)
                  0001abb0    00000030     lv_port_indev.obj (.text:touchpad_init)
                  0001abe0    00000030     sysbios.aem4f : BIOS.obj (.text:xdc_runtime_System_processAtExit__E)
                  0001ac10    0000002e     lv_hal_disp.obj (.text:lv_disp_get_ver_res)
                  0001ac3e    0000002e     lv_font.obj (.text:lv_font_get_glyph_width)
                  0001ac6c    00000004     --HOLE-- [fill = 0]
                  0001ac70    0000002e     sysbios.aem4f : BIOS.obj (.text:pthread_setcancelstate)
                  0001ac9e    00000002     --HOLE-- [fill = 0]
                  0001aca0    0000002d     lv_label.obj (.text:lv_label_get_text_sel_end)
                  0001accd    00000003     --HOLE-- [fill = 0]
                  0001acd0    0000002d     lv_label.obj (.text:lv_label_get_text_sel_start)
                  0001acfd    00000003     --HOLE-- [fill = 0]
                  0001ad00    0000002d     lv_obj.obj (.text:lv_obj_get_design_cb)
                  0001ad2d    00000003     --HOLE-- [fill = 0]
                  0001ad30    0000002d     lv_obj.obj (.text:lv_obj_get_ext_attr)
                  0001ad5d    00000003     --HOLE-- [fill = 0]
                  0001ad60    0000002d     lv_obj.obj (.text:lv_obj_get_parent)
                  0001ad8d    00000003     --HOLE-- [fill = 0]
                  0001ad90    0000002d     lv_obj.obj (.text:lv_obj_get_signal_cb)
                  0001adbd    00000001     --HOLE-- [fill = 0]
                  0001adbe    0000002c     dpl_msp432p401x.aem4f : PowerMSP432_tirtos.oem4f (.text:PowerMSP432_updateFreqs)
                  0001adea    00000002     --HOLE-- [fill = 0]
                  0001adec    0000002c     msp432p4xx_driverlib.lib : rtc_c.o (.text:RTC_C_holdClock)
                  0001ae18    0000002c     dpl_msp432p401x.aem4f : SemaphoreP_tirtos.oem4f (.text:SemaphoreP_createBinary)
                  0001ae44    00000004     --HOLE-- [fill = 0]
                  0001ae48    0000002c     sysbios.aem4f : BIOS.obj (.text:_pthread_cleanupFxn)
                  0001ae74    00000004     --HOLE-- [fill = 0]
                  0001ae78    0000002c                   : BIOS.obj (.text:_pthread_delete$43)
                  0001aea4    00000004     --HOLE-- [fill = 0]
                  0001aea8    0000002c                   : BIOS.obj (.text:clockFxn$41)
                  0001aed4    0000002c     lv_anim.obj (.text:lv_anim_core_init)
                  0001af00    0000002c     lv_img_decoder.obj (.text:lv_img_decoder_built_in_close)
                  0001af2c    0000002c     lv_mem.obj (.text:lv_mem_free)
                  0001af58    0000002c     release_pem4f.oem4f (.text:ti_sysbios_gates_GateHwi_Handle__label__S)
                  0001af84    0000002c     release_pem4f.oem4f (.text:ti_sysbios_gates_GateMutex_Handle__label__S)
                  0001afb0    0000002c     release_pem4f.oem4f (.text:ti_sysbios_heaps_HeapMem_Handle__label__S)
                  0001afdc    0000002c     release_pem4f.oem4f (.text:ti_sysbios_knl_Clock_doTick__I)
                  0001b008    0000002c     sysbios.aem4f : BIOS.obj (.text:ti_sysbios_knl_Clock_getTimeout__E)
                  0001b034    0000002c     release_pem4f.oem4f (.text:ti_sysbios_knl_Queue_construct)
                  0001b060    0000002c     lv_port_indev.obj (.text:touchpad_is_pressed)
                  0001b08c    0000002a     lv_circ.obj (.text:lv_circ_init)
                  0001b0b6    0000002a     lv_ll.obj (.text:lv_ll_get_next)
                  0001b0e0    0000002a     drivers_msp432p401x.aem4f : SPIMSP432DMA.oem4f (.text:perfChangeNotifyFxn)
                  0001b10a    00000002     --HOLE-- [fill = 0]
                  0001b10c    00000028     msp432p4xx_driverlib.lib : adc14.o (.text:ADC14_getResult)
                  0001b134    00000028                              : pcm.o (.text:PCM_gotoLPM0)
                  0001b15c    00000028     drivers_msp432p401x.aem4f : PowerMSP432.oem4f (.text:Power_registerNotify)
                  0001b184    00000028     msp432p4xx_driverlib.lib : spi.o (.text:SPI_getInterruptStatus)
                  0001b1ac    00000028     drivers_msp432p401x.aem4f : PowerMSP432.oem4f (.text:disableFaultCounter)
                  0001b1d4    00000028                               : PowerMSP432.oem4f (.text:disableHFXT)
                  0001b1fc    00000028     lv_bar.obj (.text:lv_bar_anim_ready)
                  0001b224    00000028     lv_debug.obj (.text:lv_debug_check_style)
                  0001b24c    00000028     lv_draw.obj (.text:lv_draw_free_buf)
                  0001b274    00000028     lv_ll.obj (.text:lv_ll_get_prev)
                  0001b29c    00000028     lv_hal_tick.obj (.text:lv_tick_get)
                  0001b2c4    00000028     sysbios.aem4f : m3_Hwi_asm.obj (.text:ti_sysbios_family_arm_m3_Hwi_excHandlerAsm__I)
                  0001b2ec    00000004     --HOLE-- [fill = 0]
                  0001b2f0    00000028                   : BIOS.obj (.text:ti_sysbios_knl_Clock_addI__E)
                  0001b318    00000028                   : BIOS.obj (.text:ti_sysbios_knl_Swi_Module_startup__E)
                  0001b340    00000026     drivers_msp432p401x.aem4f : List.oem4f (.text:List_put)
                  0001b366    00000026                               : List.oem4f (.text:List_remove)
                  0001b38c    00000026     lv_btnm.obj (.text:get_button_width)
                  0001b3b2    00000026     lv_circ.obj (.text:lv_circ_cont)
                  0001b3d8    00000026     lv_ddlist.obj (.text:lv_cont_set_fit2)
                  0001b3fe    00000026     lv_tabview.obj (.text:lv_cont_set_fit2)
                  0001b424    00000026     lv_tabview.obj (.text:tabpage_pressed_handler)
                  0001b44a    00000026     sysbios.aem4f : m3_Hwi_asm.obj (.text:ti_sysbios_family_arm_m3_Hwi_pendSV__I)
                  0001b470    00000024     msp432p4xx_driverlib.lib : wdt_a.o (.text:WDT_A_holdTimer)
                  0001b494    00000024     lv_indev.obj (.text:lv_indev_reset_long_press)
                  0001b4b8    00000024     lv_ll.obj (.text:lv_ll_is_empty)
                  0001b4dc    00000024     lv_obj.obj (.text:lv_obj_get_drag_parent)
                  0001b500    00000024     lv_hal_tick.obj (.text:lv_tick_inc)
                  0001b524    00000004     --HOLE-- [fill = 0]
                  0001b528    00000024     sysbios.aem4f : BIOS.obj (.text:pthread_attr_init)
                  0001b54c    00000024     ti_lvgl_ssd2119_disp.obj (.text:ssd2119_array)
                  0001b570    00000024     ti_lvgl_ssd2119_disp.obj (.text:ssd2119_cmd)
                  0001b594    00000024     ti_lvgl_ssd2119_disp.obj (.text:ssd2119_data)
                  0001b5b8    00000024     ti_lvgl_ssd2119_disp.obj (.text:ssd2119_reset)
                  0001b5dc    00000024     release_pem4f.oem4f (.text:ti_sysbios_BIOS_registerRTSLock__I)
                  0001b600    00000024     release_pem4f.oem4f (.text:ti_sysbios_BIOS_removeRTSLock__I)
                  0001b624    00000004     --HOLE-- [fill = 0]
                  0001b628    00000024     sysbios.aem4f : BIOS.obj (.text:ti_sysbios_family_arm_msp432_ClockFreqs_setFrequency__E)
                  0001b64c    00000024     release_pem4f.oem4f (.text:ti_sysbios_gates_GateMutex_Object__delete__S)
                  0001b670    00000024     sysbios.aem4f : BIOS.obj (.text:ti_sysbios_knl_Clock_Module_startup__E)
                  0001b694    00000004     --HOLE-- [fill = 0]
                  0001b698    00000024                   : BIOS.obj (.text:ti_sysbios_knl_Clock_start__E)
                  0001b6bc    00000004     --HOLE-- [fill = 0]
                  0001b6c0    00000024                   : BIOS.obj (.text:ti_sysbios_knl_Semaphore_Instance_init__E)
                  0001b6e4    00000024     release_pem4f.oem4f (.text:ti_sysbios_knl_Semaphore_Object__delete__S)
                  0001b708    00000024     sysbios.aem4f : BIOS.obj (.text:ti_sysbios_knl_Task_restoreHwi__E)
                  0001b72c    00000004     --HOLE-- [fill = 0]
                  0001b730    00000024                   : BIOS.obj (.text:xdc_runtime_Error_policyMin__E)
                  0001b754    00000022     lv_label.obj (.text:lv_label_get_dot_tmp)
                  0001b776    00000002     --HOLE-- [fill = 0]
                  0001b778    00000020     msp432p4xx_driverlib.lib : cs.o (.text:CS_setExternalClockSourceFrequency)
                  0001b798    00000020     drivers_msp432p401x.aem4f : PowerMSP432.oem4f (.text:Power_unregisterNotify)
                  0001b7b8    00000020     lv_btnm.obj (.text:button_get_tgl_state)
                  0001b7d8    00000020     lv_btnm.obj (.text:button_is_click_trig)
                  0001b7f8    00000020     lv_btnm.obj (.text:button_is_hidden)
                  0001b818    00000020     lv_btnm.obj (.text:button_is_inactive)
                  0001b838    00000020     lv_btnm.obj (.text:button_is_repeat_disabled)
                  0001b858    00000020     lv_btnm.obj (.text:button_is_tgl_enabled)
                  0001b878    00000020     lv_page.obj (.text:edge_flash_anim)
                  0001b898    00000020     lv_area.obj (.text:lv_area_set_height)
                  0001b8b8    00000020     lv_area.obj (.text:lv_area_set_width)
                  0001b8d8    00000020     lv_bar.obj (.text:lv_bar_anim)
                  0001b8f8    00000020     lv_hal_disp.obj (.text:lv_disp_get_next)
                  0001b918    00000020     lv_hal_disp.obj (.text:lv_disp_is_double_buf)
                  0001b938    00000020     lv_hal_indev.obj (.text:lv_indev_get_next)
                  0001b958    00000020     lv_label.obj (.text:lv_label_set_offset_x)
                  0001b978    00000020     lv_label.obj (.text:lv_label_set_offset_y)
                  0001b998    00000020     lv_ddlist.obj (.text:lv_page_set_scrl_fit2)
                  0001b9b8    00000020     release_pem4f.oem4f (.text:ti_sysbios_BIOS_rtsLock__I)
                  0001b9d8    00000020     release_pem4f.oem4f (.text:ti_sysbios_family_arm_m3_Hwi_Object__delete__S)
                  0001b9f8    00000020     sysbios.aem4f : BIOS.obj (.text:ti_sysbios_family_arm_m3_Hwi_clearInterrupt__E)
                  0001ba18    00000020     release_pem4f.oem4f (.text:ti_sysbios_gates_GateHwi_Object__delete__S)
                  0001ba38    00000020     release_pem4f.oem4f (.text:ti_sysbios_heaps_HeapMem_Object__delete__S)
                  0001ba58    00000020     release_pem4f.oem4f (.text:ti_sysbios_knl_Clock_destruct)
                  0001ba78    00000020     sysbios.aem4f : BIOS.obj (.text:ti_sysbios_knl_Idle_run__E)
                  0001ba98    00000020     release_pem4f.oem4f (.text:ti_sysbios_knl_Semaphore_destruct)
                  0001bab8    00000020     release_pem4f.oem4f (.text:ti_sysbios_knl_Task_Object__delete__S)
                  0001bad8    0000001e     lv_font.obj (.text:lv_font_get_glyph_dsc)
                  0001baf6    0000001e     sysbios.aem4f : m3_Hwi_asm_switch.obj (.text:ti_sysbios_family_xxx_Hwi_switchAndRunFunc)
                  0001bb14    0000001c     ti_lvgl_ssd2119_disp.obj (.text:disp_init)
                  0001bb30    0000001c     ti_drivers_config.obj (.text:dmaErrorFxn)
                  0001bb4c    0000001c     lv_area.obj (.text:lv_area_get_height)
                  0001bb68    0000001c     lv_bar.obj (.text:lv_area_get_height)
                  0001bb84    0000001c     lv_btnm.obj (.text:lv_area_get_height)
                  0001bba0    0000001c     lv_cont.obj (.text:lv_area_get_height)
                  0001bbbc    0000001c     lv_draw_rect.obj (.text:lv_area_get_height)
                  0001bbd8    0000001c     lv_label.obj (.text:lv_area_get_height)
                  0001bbf4    0000001c     lv_obj.obj (.text:lv_area_get_height)
                  0001bc10    0000001c     lv_page.obj (.text:lv_area_get_height)
                  0001bc2c    0000001c     lv_refr.obj (.text:lv_area_get_height)
                  0001bc48    0000001c     lv_slider.obj (.text:lv_area_get_height)
                  0001bc64    0000001c     lv_tabview.obj (.text:lv_area_get_height)
                  0001bc80    0000001c     lv_area.obj (.text:lv_area_get_width)
                  0001bc9c    0000001c     lv_bar.obj (.text:lv_area_get_width)
                  0001bcb8    0000001c     lv_btnm.obj (.text:lv_area_get_width)
                  0001bcd4    0000001c     lv_cont.obj (.text:lv_area_get_width)
                  0001bcf0    0000001c     lv_draw_basic.obj (.text:lv_area_get_width)
                  0001bd0c    0000001c     lv_draw_label.obj (.text:lv_area_get_width)
                  0001bd28    0000001c     lv_draw_rect.obj (.text:lv_area_get_width)
                  0001bd44    0000001c     lv_label.obj (.text:lv_area_get_width)
                  0001bd60    0000001c     lv_obj.obj (.text:lv_area_get_width)
                  0001bd7c    0000001c     lv_page.obj (.text:lv_area_get_width)
                  0001bd98    0000001c     lv_refr.obj (.text:lv_area_get_width)
                  0001bdb4    0000001c     lv_slider.obj (.text:lv_area_get_width)
                  0001bdd0    0000001c     lv_tabview.obj (.text:lv_area_get_width)
                  0001bdec    0000001c     lv_theme_material.obj (.text:lv_color_hex)
                  0001be08    0000001c     lv_disp.obj (.text:lv_disp_get_layer_sys)
                  0001be24    0000001c     lv_disp.obj (.text:lv_disp_get_layer_top)
                  0001be40    0000001c     lv_disp.obj (.text:lv_disp_get_scr_act)
                  0001be5c    0000001c     kentectouchwidgets.obj (.text:lv_slider_set_range)
                  0001be78    0000001c     kentectouchwidgets.obj (.text:lv_slider_set_value)
                  0001be94    0000001c     lv_slider.obj (.text:lv_slider_set_value)
                  0001beb0    0000001c     ti_lvgl_ssd2119_disp.obj (.text:ssd2119_cmd_mode)
                  0001becc    0000001c     ti_lvgl_ssd2119_disp.obj (.text:ssd2119_data_mode)
                  0001bee8    0000001c     sysbios.aem4f : BIOS.obj (.text:ti_sysbios_family_arm_m3_Hwi_excHandler__I)
                  0001bf04    00000004     --HOLE-- [fill = 0]
                  0001bf08    0000001c                   : BIOS.obj (.text:ti_sysbios_gates_GateMutex_Instance_init__E)
                  0001bf24    00000004     --HOLE-- [fill = 0]
                  0001bf28    0000001c                   : BIOS.obj (.text:ti_sysbios_knl_Clock_Instance_finalize__E)
                  0001bf44    0000001c     release_pem4f.oem4f (.text:ti_sysbios_knl_Queue_destruct)
                  0001bf60    0000001c     sysbios.aem4f : BIOS.obj (.text:ti_sysbios_knl_Queue_put__E)
                  0001bf7c    00000004     --HOLE-- [fill = 0]
                  0001bf80    0000001c                   : BIOS.obj (.text:ti_sysbios_knl_Task_enter__I)
                  0001bf9c    00000004     --HOLE-- [fill = 0]
                  0001bfa0    0000001c                   : BIOS.obj (.text:ti_sysbios_rts_ti_ReentSupport_getReent__F)
                  0001bfbc    00000004     --HOLE-- [fill = 0]
                  0001bfc0    0000001c                   : BIOS.obj (.text:timerThreadFxn$53)
                  0001bfdc    00000004     --HOLE-- [fill = 0]
                  0001bfe0    0000001c                   : BIOS.obj (.text:xdc_runtime_Memory_valloc__E)
                  0001bffc    00000004     --HOLE-- [fill = 0]
                  0001c000    0000001c                   : BIOS.obj (.text:xdc_runtime_System_abort__E)
                  0001c01c    0000001a     lv_ddlist.obj (.text:lv_ddlist_adjust_height)
                  0001c036    0000001a     lv_ll.obj (.text:lv_ll_get_head)
                  0001c050    0000001a     lv_ll.obj (.text:lv_ll_get_tail)
                  0001c06a    00000002     --HOLE-- [fill = 0]
                  0001c06c    00000018     release_pem4f.oem4f (.text:.bootCodeSection:ti_sysbios_family_arm_msp432_init_Boot_init__I)
                  0001c084    00000018     msp432p4xx_driverlib.lib : spi.o (.text:EUSCI_A_SPI_getInterruptStatus)
                  0001c09c    00000018                              : spi.o (.text:EUSCI_B_SPI_getInterruptStatus)
                  0001c0b4    00000018                              : sysctl_a.o (.text:SysCtl_A_disableNMISource)
                  0001c0cc    00000018                              : sysctl_a.o (.text:SysCtl_A_enableNMISource)
                  0001c0e4    00000018     rtsv7M4_T_le_v4SPD16_eabi.lib : args_main.c.obj (.text:_args_main)
                  0001c0fc    00000018     lv_bar.obj (.text:lv_area_copy)
                  0001c114    00000018     lv_btnm.obj (.text:lv_area_copy)
                  0001c12c    00000018     lv_cont.obj (.text:lv_area_copy)
                  0001c144    00000018     lv_obj.obj (.text:lv_area_copy)
                  0001c15c    00000018     lv_page.obj (.text:lv_area_copy)
                  0001c174    00000018     lv_refr.obj (.text:lv_area_copy)
                  0001c18c    00000018     lv_slider.obj (.text:lv_area_copy)
                  0001c1a4    00000018     lv_img_decoder.obj (.text:lv_img_decoder_built_in_line_true_color)
                  0001c1bc    00000018     lv_task.obj (.text:lv_task_core_init)
                  0001c1d4    00000018     lv_task.obj (.text:lv_task_enable)
                  0001c1ec    00000018     lv_theme.obj (.text:lv_theme_set_current)
                  0001c204    00000018     rtsv7M4_T_le_v4SPD16_eabi.lib : strcmp.c.obj (.text:strcmp)
                  0001c21c    00000018     release_pem4f.oem4f (.text:ti_sysbios_BIOS_rtsUnlock__I)
                  0001c234    00000018     release_pem4f.oem4f (.text:ti_sysbios_family_arm_m3_Hwi_Module__startupDone__F)
                  0001c24c    00000018     sysbios.aem4f : m3_TaskSupport_asm.obj (.text:ti_sysbios_family_arm_m3_TaskSupport_swap__E)
                  0001c264    00000018     release_pem4f.oem4f (.text:ti_sysbios_family_arm_msp432_Timer_Module__startupDone__F)
                  0001c27c    00000004     --HOLE-- [fill = 0]
                  0001c280    00000018     sysbios.aem4f : BIOS.obj (.text:ti_sysbios_gates_GateMutex_leave__E)
                  0001c298    00000018                   : BIOS.obj (.text:ti_sysbios_knl_Task_sleepTimeout__I)
                  0001c2b0    00000018     release_pem4f.oem4f (.text:ti_sysbios_rts_ti_ReentSupport_getTlsAddr__I)
                  0001c2c8    00000018     sysbios.aem4f : BIOS.obj (.text:xdc_runtime_Error_init__E)
                  0001c2e0    00000018                   : BIOS.obj (.text:xdc_runtime_System_exit__E)
                  0001c2f8    00000016     kentectouchwidgets.obj (.text:button_event_handler)
                  0001c30e    00000016     lv_hal_disp.obj (.text:lv_disp_flush_ready)
                  0001c324    00000016     lv_hal_disp.obj (.text:lv_disp_get_inv_buf_size)
                  0001c33a    00000016     lv_indev.obj (.text:lv_indev_get_type)
                  0001c350    00000016     lv_task.obj (.text:lv_task_ready)
                  0001c366    00000016     release_pem4f.oem4f (.text:ti_sysbios_BIOS_exitFunc__I)
                  0001c37c    00000004     --HOLE-- [fill = 0]
                  0001c380    00000016     sysbios.aem4f : BIOS.obj (.text:ti_sysbios_knl_Task_unblock__E)
                  0001c396    00000002     --HOLE-- [fill = 0]
                  0001c398    00000016                   : BIOS.obj (.text:timerFxn$53)
                  0001c3ae    00000016     lv_font_fmt_txt.obj (.text:unicode_list_compare)
                  0001c3c4    00000014     msp432p4xx_driverlib.lib : pcm.o (.text:PCM_getPowerState)
                  0001c3d8    00000014     drivers_msp432p401x.aem4f : PowerMSP432.oem4f (.text:Power_idleFunc)
                  0001c3ec    00000014                               : SPI.oem4f (.text:SPI_Params_init)
                  0001c400    00000014     lv_theme_material.obj (.text:chart_init)
                  0001c414    00000014     lv_theme_material.obj (.text:cont_init)
                  0001c428    00000014     lv_cont.obj (.text:lv_cont_set_style)
                  0001c43c    00000014     lv_tabview.obj (.text:lv_cont_set_style)
                  0001c450    00000014     lv_debug.obj (.text:lv_debug_check_null)
                  0001c464    00000014     lv_font.obj (.text:lv_font_get_glyph_bitmap)
                  0001c478    00000014     lv_label.obj (.text:lv_label_set_style)
                  0001c48c    00000004     --HOLE-- [fill = 0]
                  0001c490    00000014     sysbios.aem4f : BIOS.obj (.text:pthread_attr_setschedparam)
                  0001c4a4    00000014     rtsv7M4_T_le_v4SPD16_eabi.lib : strcpy.c.obj (.text:strcpy)
                  0001c4b8    00000014                                   : strlen.c.obj (.text:strlen)
                  0001c4cc    00000014     release_pem4f.oem4f (.text:ti_sysbios_family_arm_m3_Hwi_Object__get__S)
                  0001c4e0    00000014     sysbios.aem4f : BIOS.obj (.text:ti_sysbios_family_arm_m3_Hwi_switchFromBootStack__E)
                  0001c4f4    00000014     release_pem4f.oem4f (.text:ti_sysbios_heaps_HeapMem_Object__get__S)
                  0001c508    00000014     release_pem4f.oem4f (.text:ti_sysbios_knl_Swi_Object__get__S)
                  0001c51c    00000012     dpl_msp432p401x.aem4f : SemaphoreP_tirtos.oem4f (.text:SemaphoreP_pend)
                  0001c52e    00000002     --HOLE-- [fill = 0]
                  0001c530    00000012     sysbios.aem4f : BIOS.obj (.text:_pthread_cleanup_pop)
                  0001c542    00000006     --HOLE-- [fill = 0]
[...]
0001ca5d  ti_sysbios_knl_Clock_Params__init__S                            
0001ca69  ti_sysbios_knl_Queue_Object__get__S                             
0001ca75  ti_sysbios_knl_Semaphore_Params__init__S                        
0001ca81  ti_sysbios_knl_Task_Params__init__S                             
0001ca91  ti_sysbios_knl_Task_self__E                                     
0001caa1  ti_sysbios_rts_ti_ReentSupport_taskRegHook__I                   
0001cab1  xdc_runtime_Gate_enterSystem__E                                 
0001cac1  xdc_runtime_Startup_rtsDone__E                                  
0001cacd  ADC_Params_init                                                 
0001cad7  ADC_close                                                       
0001cae1  ADC_convert                                                     
0001caeb  SPI_transfer                                                    
0001caf5  lv_indev_init                                                   
0001caff  xdc_runtime_Memory_HeapProxy_alloc__E                           
0001cb09  xdc_runtime_Memory_HeapProxy_free__E                            
0001cb21  pthread_attr_setstacksize                                       
0001cb29  ti_sysbios_family_arm_m3_Hwi_doSwiRestore__I                    
0001cb31  ti_sysbios_family_arm_m3_Hwi_startup__E                         
0001cb31  ti_sysbios_hal_Hwi_HwiProxy_startup__E                          
0001cb31  ti_sysbios_hal_Hwi_startup__E                                   
0001cb39  ti_sysbios_family_arm_m3_Hwi_doTaskRestore__I                   
0001cb41  HwiP_restore                                                    
0001cb41  ti_sysbios_family_arm_m3_Hwi_restoreFxn__E                      
0001cb41  ti_sysbios_hal_Hwi_HwiProxy_restore__E                          
0001cb49  ti_sysbios_gates_GateHwi_leave__E                               
0001cb51  ti_sysbios_heaps_HeapMem_isBlocking__E                          
0001cb59  ti_sysbios_knl_Queue_Instance_init__E                           
0001cb61  ti_sysbios_knl_Swi_startup__E                                   
0001cb69  xdc_runtime_System_Module_startup__E                            
0001cb71  __aeabi_errno_addr                                              
0001cb79  ti_sysbios_gates_GateHwi_query__E                               
0001cb79  xdc_runtime_Main_Module_GateProxy_query__E                      
0001cb79  xdc_runtime_System_Module_GateProxy_query__E                    
0001cb81  ti_sysbios_BIOS_RtsGateProxy_query__E                           
0001cb81  ti_sysbios_gates_GateMutex_query__E                             
0001cb81  ti_sysbios_heaps_HeapMem_Module_GateProxy_query__E              
0001cb89  ti_sysbios_knl_Task_startup__E                                  
0001cb91  ti_sysbios_BIOS_linkedWithIncorrectBootLibrary__E               
0001cb99  ti_sysbios_gates_GateHwi_Instance_init__E                       
0001cba1  ti_sysbios_knl_Clock_logTick__E                                 
0001cba9  xdc_runtime_SysCallback_defaultAbort                            
0001cbb1  xdc_runtime_SysCallback_defaultExit                             
0001cbb9  xdc_runtime_System_abortSpin__E                                 
0001cbc1  xdc_runtime_System_exitSpin__E                                  
0001f903  xdc_runtime_Error_policy__C                                     
00020054  ti_sysbios_knl_Task_Object__PARAMS__C                           
00020090  PowerMSP432_config                                              
000200c8  ti_sysbios_family_arm_m3_Hwi_Object__PARAMS__C                  
00020150  ti_sysbios_heaps_HeapMem_Module__FXNS__C                        
00020178  spiMSP432DMAHWAttrs                                             
0002019c  ti_sysbios_gates_GateHwi_Module__FXNS__C                        
000201c0  ti_sysbios_gates_GateMutex_Module__FXNS__C                      
000201e4  ti_sysbios_heaps_HeapMem_Object__PARAMS__C                      
00020208  ti_sysbios_knl_Clock_Object__PARAMS__C                          
0002022c  ti_sysbios_knl_Semaphore_Object__PARAMS__C                      
00020250  xdc_runtime_Startup_sfxnTab__A                                  
00020274  SPI_defaultParams                                               
00020294  adcMSP432HWAttrs                                                
000202b4  ti_sysbios_family_arm_m3_Hwi_Object__DESC__C                    
000202d4  ti_sysbios_gates_GateHwi_Object__DESC__C                        
000202f4  ti_sysbios_gates_GateMutex_Object__DESC__C                      
00020314  ti_sysbios_heaps_HeapMem_Object__DESC__C                        
00020334  ti_sysbios_knl_Clock_Object__DESC__C                            
00020354  ti_sysbios_knl_Queue_Object__DESC__C                            
00020374  ti_sysbios_knl_Semaphore_Object__DESC__C                        
00020394  ti_sysbios_knl_Task_Object__DESC__C                             
000203b4  ADCMSP432_fxnTable                                              
000203cc  ADC_config                                                      
000203e4  SPIMSP432DMA_fxnTable                                           
000203fc  ti_sysbios_gates_GateHwi_Object__PARAMS__C                      
00020414  ti_sysbios_gates_GateMutex_Object__PARAMS__C                    
0002042c  ti_sysbios_knl_Queue_Object__PARAMS__C                          
00020444  ti_sysbios_knl_Task_hooks__A                                    
0002045c  GPIOMSP432_config                                               
00020470  xdc_runtime_Startup_sfxnRts__A                                  
000204c4  SPI_config                                                      
000204d0  udmaMSP432HWAttrs                                               
000204dc  xdc_runtime_Startup_firstFxns__A                                
000204e8  ADC_defaultParams                                               
000204f0  UDMAMSP432_config                                               
00020500  ti_sysbios_knl_Idle_funcList__A                                 
00020508  ti_sysbios_knl_Idle_funcList__C                                 
00020510  ti_sysbios_knl_Task_hooks__C                                    
00020518  xdc_runtime_Startup_firstFxns__C                                
00020520  xdc_runtime_Startup_lastFxns__C                                 
0002053c  ti_sysbios_family_arm_m3_Hwi_E_alreadyDefined__C                
00020540  ti_sysbios_family_arm_m3_Hwi_E_badIntNum__C                     
00020544  ti_sysbios_family_arm_m3_Hwi_NUM_INTERRUPTS__C                  
00020548  ti_sysbios_family_arm_m3_Hwi_Object__count__C                   
0002054c  ti_sysbios_family_arm_m3_Hwi_ccr__C                             
00020550  ti_sysbios_family_arm_m3_Hwi_excHandlerFunc__C                  
00020554  ti_sysbios_family_arm_m3_Hwi_nullIsrFunc__C                     
00020558  ti_sysbios_family_arm_m3_Hwi_priGroup__C                        
0002055c  ti_sysbios_family_arm_m3_Hwi_swiDisable__C                      
00020560  ti_sysbios_family_arm_m3_Hwi_swiRestore__C                      
00020564  ti_sysbios_family_arm_m3_TaskSupport_stackAlignment__C          
00020568  ti_sysbios_family_arm_msp432_Timer_numTimerDevices__C           
0002056c  ti_sysbios_family_arm_msp432_Timer_startupNeeded__C             
00020570  ti_sysbios_gates_GateMutex_Instance_State_sem__O                
00020574  ti_sysbios_heaps_HeapMem_E_memory__C                            
00020578  ti_sysbios_heaps_HeapMem_Module__gateObj__C                     
0002057c  ti_sysbios_heaps_HeapMem_Object__count__C                       
00020580  ti_sysbios_heaps_HeapMem_primaryHeapBaseAddr__C                 
00020584  ti_sysbios_heaps_HeapMem_primaryHeapEndAddr__C                  
00020588  ti_sysbios_heaps_HeapMem_reqAlign__C                            
0002058c  ti_sysbios_knl_Clock_Module_State_clockQ__O                     
00020590  ti_sysbios_knl_Clock_tickPeriod__C                              
00020594  ti_sysbios_knl_Mailbox_Instance_State_freeQue__O                
00020598  ti_sysbios_knl_Mailbox_Object__count__C                         
0002059c  ti_sysbios_knl_Mailbox_maxTypeAlign__C                          
000205a0  ti_sysbios_knl_Semaphore_Instance_State_pendQ__O                
000205a4  ti_sysbios_knl_Swi_Object__count__C                             
000205a8  ti_sysbios_knl_Task_Module_State_inactiveQ__O                   
000205ac  ti_sysbios_knl_Task_Object__count__C                            
000205b0  ti_sysbios_knl_Task_Object__heap__C                             
000205b4  ti_sysbios_knl_Task_allBlockedFunc__C                           
000205b8  ti_sysbios_knl_Task_defaultStackHeap__C                         
000205bc  ti_sysbios_knl_Task_defaultStackSize__C                         
000205c0  ti_sysbios_knl_Task_numConstructedTasks__C                      
000205c4  xdc_runtime_Error_E_memory__C                                   
000205c8  xdc_runtime_Error_policyFxn__C                                  
000205cc  xdc_runtime_IGateProvider_Interface__BASE__C                    
000205d0  xdc_runtime_IHeap_Interface__BASE__C                            
000205d4  xdc_runtime_IModule_Interface__BASE__C                          
000205d8  xdc_runtime_Memory_defaultHeapInstance__C                       
000205dc  xdc_runtime_Startup_execImpl__C                                 
000205e0  xdc_runtime_Startup_maxPasses__C                                
000205e4  xdc_runtime_Startup_sfxnRts__C                                  
000205e8  xdc_runtime_Startup_sfxnTab__C                                  
000205ec  xdc_runtime_SysCallback_abortFxn__C                             
000205f0  xdc_runtime_SysCallback_exitFxn__C                              
000205f4  xdc_runtime_System_Module__gateObj__C                           
000205f8  xdc_runtime_System_abortFxn__C                                  
000205fc  xdc_runtime_System_exitFxn__C                                   
00020600  xdc_runtime_System_maxAtexitHandlers__C                         
0002061e  ADC_count                                                       
0002061f  SPI_count                                                       
00020622  ti_sysbios_family_arm_m3_Hwi_Module__id__C                      
00020624  ti_sysbios_family_arm_msp432_init_Boot_bypassHFXT__C            
00020626  ti_sysbios_family_arm_msp432_init_Boot_bypassLFXT__C            
00020628  ti_sysbios_family_arm_msp432_init_Boot_enableHFXT__C            
0002062a  ti_sysbios_family_arm_msp432_init_Boot_enableLFXT__C            
0002062c  ti_sysbios_heaps_HeapMem_Module__id__C                          
0002062e  xdc_runtime_Memory_Module__id__C                                
00020630  __TI_static_base__                                              
00020904  __TI_Handler_Table_Base                                         
00020910  __TI_Handler_Table_Limit                                        
00020918  __TI_CINIT_Base                                                 
00020928  __TI_CINIT_Limit                                                
20000000  __start___llvm_prf_cnts                                         
20000000  __stop___llvm_prf_cnts                                          
20000000  ti_sysbios_family_arm_m3_Hwi_ramVectors                         
20000140  __primary_heap_start__                                          
20008140  __primary_heap_end__                                            
2000c400  ti_sysbios_knl_Task_Instance_State_0_stack__A                   
2000c600  ti_sysbios_family_arm_m3_Hwi_dispatchTable                      
2000c900  spiMSP432DMAObjects                                             
2000d348  lv_style_btn_ina                                                
2000d388  lv_style_btn_pr                                                 
2000d3c8  lv_style_btn_rel                                                
2000d408  lv_style_btn_tgl_pr                                             
2000d448  lv_style_btn_tgl_rel                                            
2000d488  lv_style_plain                                                  
2000d4c8  lv_style_plain_color                                            
2000d508  lv_style_pretty                                                 
2000d548  lv_style_pretty_color                                           
2000d588  lv_style_scr                                                    
2000d5c8  lv_style_transp                                                 
2000d608  lv_style_transp_fit                                             
2000d648  lv_style_transp_tight                                           
2000d6b8  ppi32Points                                                     
2000d778  _lv_anim_ll                                                     
2000d784  _lv_disp_ll                                                     
2000d790  _lv_img_defoder_ll                                              
2000d79c  _lv_indev_ll                                                    
2000d7a8  _lv_task_ll                                                     
2000d7fc  params                                                          
2000d824  _lv_draw_buf                                                    
2000d828  _lv_img_cache_array                                             
2000d82c  _lv_task_act                                                    
2000d830  adc                                                             
2000d834  adcMSP432Objects                                                
2000d838  calibrationDot                                                  
2000d83c  i32Idx                                                          
2000d840  indev_touchpad                                                  
2000d844  m0                                                              
2000d848  m1                                                              
2000d84c  m2                                                              
2000d850  m3                                                              
2000d854  m4                                                              
2000d858  m5                                                              
2000d85c  m6                                                              
2000d860  masterSpi                                                       
2000d864  res                                                             
2000d868  ti_sysbios_knl_Task_Instance_State_0_hookEnv__A                 
2000d86e  udmaMSP432Object                                                
2000d870  PowerMSP432_perfLevels                                          
2000da38  ti_sysbios_knl_Swi_Module_State_0_readyQ__A                     
2000dab8  ti_sysbios_knl_Task_Module_State_0_readyQ__A                    
2000db38  ti_sysbios_gates_GateMutex_Object__table__V                     
2000db8c  ti_sysbios_knl_Task_Object__table__V                            
2000dbd8  ti_sysbios_family_arm_msp432_Timer_Object__table__V             
2000dc1c  ti_sysbios_knl_Task_Module__state__V                            
2000dc60  ti_sysbios_family_arm_m3_Hwi_Module__state__V                   
2000dc94  ti_sysbios_knl_Swi_Object__table__V                             
2000dcc4  PowerMSP432_module                                              
2000dcf0  ti_sysbios_knl_Clock_Module__state__V                           
2000dd1c  ti_sysbios_BIOS_Module__state__V                                
2000dd40  gpioCallbackFunctions                                           
2000dd60  gpioPinConfigs                                                  
2000dd80  lv_txt_encoded_size                                             
2000dd84  lv_txt_unicode_to_encoded                                       
2000dd88  lv_txt_encoded_conv_wc                                          
2000dd8c  lv_txt_encoded_next                                             
2000dd90  lv_txt_encoded_prev                                             
2000dd94  lv_txt_encoded_get_byte_id                                      
2000dd98  lv_txt_encoded_get_char_id                                      
2000dd9c  lv_txt_get_encoded_length                                       
2000dda0  ti_sysbios_family_arm_msp432_Timer_Module_State_0_device__A     
2000ddc0  xdc_runtime_Error_IgnoreBlock                                   
2000ddfc  g_pi32TouchParameters                                           
2000de34  ti_sysbios_knl_Swi_Module__state__V                             
2000de50  ti_sysbios_family_arm_m3_Hwi_Object__table__V                   
2000de68  ti_sysbios_heaps_HeapMem_Object__table__V                       
2000de80  lv_font_roboto_16                                               
2000de94  _tz                                                             
2000dec4  ti_sysbios_family_arm_msp432_Timer_Module_State_0_handles__A    
2000ded4  g_i16TouchX                                                     
2000ded6  g_i16TouchY                                                     
2000dedc  old_x                                                           
2000dede  old_y                                                           
2000dee0  ti_sysbios_family_arm_msp432_ClockFreqs_Module__state__V        
2000deec  ti_sysbios_family_arm_msp432_Timer_Module__state__V             
2000def8  _lock                                                           
2000defc  _unlock                                                         
2000df08  ti_sysbios_family_arm_m3_Hwi_Module__root__V                    
2000df10  ti_sysbios_gates_GateHwi_Module__root__V                        
2000df18  ti_sysbios_gates_GateMutex_Module__root__V                      
2000df20  ti_sysbios_heaps_HeapMem_Module__root__V                        
2000df28  ti_sysbios_knl_Clock_Module__root__V                            
2000df30  ti_sysbios_knl_Queue_Module__root__V                            
2000df38  ti_sysbios_knl_Semaphore_Module__root__V                        
2000df40  ti_sysbios_knl_Task_Module__root__V                             
2000df48  xdc_runtime_Startup_Module__state__V                            
2000df50  xdc_runtime_System_Module_State_0_atexitHandlers__A             
2000df58  xdc_runtime_System_Module__state__V                             
2000df70  main_func_sp                                                    
2000df78  ti_sysbios_family_arm_m3_Hwi_Module_State_0_excContext__A       
2000df7c  ti_sysbios_family_arm_m3_Hwi_Module_State_0_excStack__A         
2000df80  ti_sysbios_gates_GateHwi_Object__table__V                       
2000df84  ti_sysbios_knl_Task_Module_State_0_idleTask__A                  
2000df88  ti_sysbios_rts_ti_ReentSupport_Module__state__V                 
2000df8c  xdc_runtime_Memory_Module__state__V                             
2000df92  ti_sysbios_family_arm_m3_Hwi_Module_State_0_excActive__A        
2000fc00  __stack                                                         
20010000  __STACK_END                                                     
4000480c  WDTCTL_SYM                                                      
e000e000  ti_sysbios_family_arm_m3_Hwi_nvic                               
ffffffff  __TI_pprof_out_hndl                                             
ffffffff  __TI_prof_data_size                                             
ffffffff  __TI_prof_data_start                                            
ffffffff  __binit__                                                       
ffffffff  __c_args__                                                      
ffffffff  binit                                                           
UNDEFED   SHT$$INIT_ARRAY$$Base                                           
UNDEFED   SHT$$INIT_ARRAY$$Limit                                          

[871 symbols]
