******************************************************************************
                  TI ARM Linker PC v20.2.4                     
******************************************************************************
>> Linked Wed Apr  7 09:44:08 2021

OUTPUT FILE NAME:   <network_terminal_MSP_EXP432P401R_tirtos_ccs.out>
ENTRY POINT SYMBOL: "_c_int00"  address: 0001bc79


MEMORY CONFIGURATION

         name            origin    length      used     unused   attr    fill
----------------------  --------  ---------  --------  --------  ----  --------
  MAIN                  00000000   00040000  000239c4  0001c63c  R  X
  INFO                  00200000   00004000  00000000  00004000  R  X
  SRAM_CODE             01000000   00010000  0000bb27  000044d9  RW X
  SRAM_DATA             20000000   00010000  0000bb27  000044d9  RW  


SEGMENT ALLOCATION MAP

run origin  load origin   length   init length attrs members
----------  ----------- ---------- ----------- ----- -------
00000000    00000000    000239d0   000239d0    r-x
  00000000    00000000    0000003c   0000003c    r-- .resetVecs
  00000040    00000040    0001f5c2   0001f5c2    r-x .text
  0001f604    0001f604    00003656   00003656    r-- .const
  00022c60    00022c60    00000d70   00000d70    r-- .cinit
20000140    20000140    00008000   00000000    r--
  20000140    20000140    00008000   00000000    r-- .priheap
20008200    20008200    000035e7   00000000    rw-
  20008200    20008200    00001e84   00000000    rw- .bss
  2000a084    2000a084    00001763   00000000    rw- .data
2000fc00    2000fc00    00000400   00000000    rw-
  2000fc00    2000fc00    00000400   00000000    rw- .stack


SECTION ALLOCATION MAP

 output                                  attributes/
section   page    origin      length       input sections
--------  ----  ----------  ----------   ----------------
.text      0    00000040    0001f5c2     
                  00000040    00001268     transceiver_cmd.obj (.text:TxTask)
                  000012a8    00000ca0     cmd_parser.obj (.text:ParseCreateFilterCmd)
                  00001f48    00000a4e     rtsv7M4_T_le_v4SPD16_eabi.lib : _printfi.c.obj (.text:__TI_printfi)
                  00002996    00000002     ti_drivers_config.obj (.text:Board_initHook)
                  00002998    000008e8     simplelink.a : driver.obj (.text:_SlDrvMsgRead)
                  00003280    00000770     network_terminal.obj (.text:SimpleLinkWlanEventHandler)
                  000039f0    00000670     socket_cmd.obj (.text:drawRxHist)
                  00004060    00000640     cmd_parser.obj (.text:ParseStartApCmd)
                  000046a0    00000578     cmd_parser.obj (.text:ParseRecvCmd)
                  00004c18    00000508     socket_cmd.obj (.text:TCPServer)
                  00005120    00000504     transceiver_cmd.obj (.text:RxTask)
                  00005624    000004f0     cmd_parser.obj (.text:ParseSendCmd)
                  00005b14    000004bc     simplelink.a : sl_socket.obj (.text:_SlSocketHandleAsync_Select)
                  00005fd0    00000484     cmd_parser.obj (.text:ParseConnectCmd)
                  00006454    00000474     socket_cmd.obj (.text:UDPServer)
                  000068c8    0000046c     netapp_cmd.obj (.text:mDNSQueryCallback)
                  00006d34    00000440     cmd_parser.obj (.text:ParseProfileCmd)
                  00007174    00000422     socket_cmd.obj (.text:TCPClient)
                  00007596    00000002     simplelink.a : cc_pal.obj (.text:NwpMaskInterrupt)
                  00007598    000003f4     cmd_parser.obj (.text:ParsePingCmd)
                  0000798c    000003f3     socket_cmd.obj (.text:UDPClient)
                  00007d7f    00000001     --HOLE-- [fill = 0]
                  00007d80    000003e8     wlan_cmd.obj (.text:cmdWlanConnectCallback)
                  00008168    000003ac     wlan_cmd.obj (.text:cmdWlanStartApCallback)
                  00008514    0000039c     wlan_cmd.obj (.text:printExtScanResults)
                  000088b0    00000384     simplelink.a : driver.obj (.text:_SlDrvMsgWrite)
                  00008c34    0000032c     radio_tool.obj (.text:radioTool_TxStart)
                  00008f60    00000320     wlan_cmd.obj (.text:cmdWlanStopApCallback)
                  00009280    00000320     wlan_cmd.obj (.text:setP2Pparams)
                  000095a0    00000310     network_terminal.obj (.text:DisplayAppBanner)
                  000098b0    0000030c     simplelink.a : driver.obj (.text:_SlDrvReleasePoolObj)
                  00009bbc    000002fc     wlan_cmd.obj (.text:cmdEnableWoWLANCallback)
                  00009eb8    000002f8     drivers_msp432p401x.aem4f : PowerMSP432.oem4f (.text:Power_sleep)
                  0000a1b0    000002dc     network_terminal.obj (.text:SimpleLinkNetAppEventHandler)
                  0000a48c    000002d8     simplelink.a : driver.obj (.text:_SlDrvRxHdrRead)
                  0000a764    000002d0     drivers_msp432p401x.aem4f : UARTMSP432.oem4f (.text:UARTMSP432_open)
                  0000aa34    000002d0     simplelink.a : driver.obj (.text:_SlDrvWaitForPoolObj)
                  0000ad04    000002c4     cmd_parser.obj (.text:ParsemDNSAdvertiseCmd)
                  0000afc8    000002bc     wlan_cmd.obj (.text:p2pConnect)
                  0000b284    000002bc     wlan_cmd.obj (.text:printScanResults)
                  0000b540    000002b8     netapp_cmd.obj (.text:mDNSAdvertiseCallback)
                  0000b7f8    000002b0     simplelink.a : wlan.obj (.text:sl_WlanProfileAdd)
                  0000baa8    000002a4                  : wlanconfig.obj (.text:sl_WifiConfig)
                  0000bd4c    000002a0     rtsv7M4_T_le_v4SPD16_eabi.lib : mktime.c.obj (.text:__mktime32)
                  0000bfec    0000028c     drivers_msp432p401x.aem4f : SPIMSP432DMA.oem4f (.text:SPIMSP432DMA_open)
                  0000c278    0000028a     msp432p4xx_driverlib.lib : pcm.o (.text:__PCM_setPowerStateAdvanced)
                  0000c502    00000002     simplelink.a : cc_pal.obj (.text:NwpUnMaskInterrupt)
                  0000c504    00000288     drivers_msp432p401x.aem4f : PowerMSP432.oem4f (.text:initPerfControl)
                  0000c78c    0000027c     simplelink.a : wlan.obj (.text:sl_WlanConnect)
                  0000ca08    00000278     wlan_cmd.obj (.text:cmdConnectedStationsCallback)
                  0000cc80    00000274     wlan_cmd.obj (.text:cmdSetPolicyCallback)
                  0000cef4    00000270     rtsv7M4_T_le_v4SPD16_eabi.lib : _printfi.c.obj (.text:_pconv_a)
                  0000d164    00000260     cmd_parser.obj (.text:ParseSetPolicyCmd)
                  0000d3c4    0000025c     simplelink.a : driver.obj (.text:_SlDrvDataReadOp)
                  0000d620    0000025c     wlan_cmd.obj (.text:cmdTriggeredRoamingEnablecallback)
                  0000d87c    00000250     cmd_parser.obj (.text:ParseEnableWoWLANCmd)
                  0000dacc    0000024c     netapp_cmd.obj (.text:cmdPingCallback)
                  0000dd18    00000244     wlan_cmd.obj (.text:cmdSoftRoamingEnablecallback)
                  0000df5c    00000234     network_terminal.obj (.text:mainThread)
                  0000e190    00000230     wlan_cmd.obj (.text:cmdP2PModecallback)
                  0000e3c0    00000228     network_terminal.obj (.text:ipv6AddressParse)
                  0000e5e8    00000218     simplelink.a : driver.obj (.text:_SlDrvDataWriteOp)
                  0000e800    00000200     network_terminal.obj (.text:initAppVariables)
                  0000ea00    000001f4     simplelink.a : driver.obj (.text:_SlDrvMsgReadCmdCtx)
                  0000ebf4    000001f4     wlan_cmd.obj (.text:setStaticIPConfig)
                  0000ede8    000001f2     simplelink.a : netapp.obj (.text:_SlNetAppEventHandler)
                  0000efda    00000002     dpl_msp432p401x.aem4f : PowerMSP432_tirtos.oem4f (.text:PowerMSP432_initPolicy)
                  0000efdc    000001e7     network_terminal.obj (.text:SimpleLinkFatalErrorEventHandler)
                  0000f1c3    00000001     --HOLE-- [fill = 0]
                  0000f1c4    000001dc     simplelink.a : device.obj (.text:sl_Stop)
                  0000f3a0    000001d8     wlan_cmd.obj (.text:cmdAddProfilecallback)
                  0000f578    000001d0     rtsv7M4_T_le_v4SPD16_eabi.lib : _printfi.c.obj (.text:_pconv_g)
                  0000f748    000001c8     simplelink.a : netapp.obj (.text:sl_NetAppPing)
                  0000f910    000001b8     transceiver_cmd.obj (.text:showTxMenu)
                  0000fac8    000001b6     rtsv7M4_T_le_v4SPD16_eabi.lib : fd_add_t2.asm.obj (.text)
                  0000fc7e    00000002     drivers_msp432p401x.aem4f : UARTMSP432.oem4f (.text:UARTMSP432_init)
                  0000fc80    000001b2     wlan_cmd.obj (.text:cmdGetProfilecallback)
                  0000fe32    00000002     rtsv7M4_T_le_v4SPD16_eabi.lib : _lock.c.obj (.text:_nop)
                  0000fe34    000001ac     wlan_cmd.obj (.text:cmdP2PStopcallback)
                  0000ffe0    000001a8     simplelink.a : sl_socket.obj (.text:sl_Accept)
                  00010188    000001a5     socket_cmd.obj (.text:cmdRecvCallback)
                  0001032d    00000001     --HOLE-- [fill = 0]
                  0001032e    00000002     rtsv7M4_T_le_v4SPD16_eabi.lib : div0.asm.obj (.text)
                  00010330    000001a4     simplelink.a : driver.obj (.text:_SlDrvDriverCBInit)
                  000104d4    000001a4                  : driver.obj (.text:_SlDrvReleaseAllActivePendingPoolObj)
                  00010678    0000019c     cmd_parser.obj (.text:ParsemDNSQueryCmd)
                  00010814    00000184     simplelink.a : driver.obj (.text:_SlDrvFindAndSetActiveObj)
                  00010998    00000178                  : sl_socket.obj (.text:sl_Connect)
                  00010b10    00000170     drivers_msp432p401x.aem4f : GPIOMSP432.oem4f (.text:GPIO_setConfig)
                  00010c80    00000170     transceiver_cmd.obj (.text:cmdTranceiverModecallback)
                  00010df0    00000170     simplelink.a : netapp.obj (.text:sl_NetAppDnsGetHostByName)
                  00010f60    0000016c     cmd_parser.obj (.text:ParseCountycodeCmd)
                  000110cc    00000160     wlan_cmd.obj (.text:cmdAntSelectionEnablecallback)
                  0001122c    0000015c     msp432p4xx_driverlib.lib : pcm.o (.text:__PCM_setPowerModeAdvanced)
                  00011388    00000158     wlan_cmd.obj (.text:cmdCoexEnablecallback)
                  000114e0    00000158     wlan_cmd.obj (.text:printFrameSubTyps)
                  00011638    00000154     simplelink.a : sl_socket.obj (.text:sl_RecvFrom)
                  0001178c    0000014c     wlan_cmd.obj (.text:cmdScanCallback)
                  000118d8    00000148     simplelink.a : sl_socket.obj (.text:_SlDrvGetNextTimeoutValue)
                  00011a20    00000148     sysbios.aem4f : BIOS.obj (.text:ti_sysbios_family_arm_msp432_Seconds_set__E)
                  00011b68    00000140     simplelink.a : driver.obj (.text:_SlDrvMsgReadSpawnCtx)
                  00011ca8    0000013c     cmd_parser.obj (.text:ParseTriggeredRoamingEnableCmd)
                  00011de4    0000013c     rtsv7M4_T_le_v4SPD16_eabi.lib : _printfi.c.obj (.text:_pconv_e)
                  00011f20    00000138     simplelink.a : driver.obj (.text:_SlSpawnMsgListInsert)
                  00012058    00000138     wlan_cmd.obj (.text:cmdAntSelectionDisablecallback)
                  00012190    00000138     transceiver_cmd.obj (.text:showMenu)
                  000122c8    00000136     rtsv7M4_T_le_v4SPD16_eabi.lib : fd_div_t2.asm.obj (.text)
                  000123fe    00000002     release_pem4f.oem4f (.text:ti_sysbios_BIOS_nullFunc__I)
                  00012400    00000134     transceiver_cmd.obj (.text:showPHYConfMenu)
                  00012534    00000130     wlan_cmd.obj (.text:cmdCoexDisablecallback)
                  00012664    00000130     drivers_msp432p401x.aem4f : UDMAMSP432.oem4f (.text:setupInterrupt)
                  00012794    00000130     rtsv7M4_T_le_v4SPD16_eabi.lib : strtol.c.obj (.text:strtol)
                  000128c4    00000004     msp432p4xx_driverlib.lib : cpu.o (.text:CPU_wfi)
                  000128c8    00000130     sysbios.aem4f : BIOS.obj (.text:ti_sysbios_knl_Semaphore_pend__E)
                  000129f8    0000012c     drivers_msp432p401x.aem4f : SPIMSP432DMA.oem4f (.text:SPIMSP432DMA_transfer)
                  00012b24    00000128     cmd_parser.obj (.text:ParseScanCmd)
                  00012c4c    00000128     simplelink.a : driver.obj (.text:_SlDrvClassifyRxMsg)
                  00012d74    00000124     rtsv7M4_T_le_v4SPD16_eabi.lib : _printfi.c.obj (.text:fcvt)
                  00012e98    00000120     simplelink.a : driver.obj (.text:_SlDrvAsyncEventGenericHandler)
                  00012fb8    0000011c     msp432p4xx_driverlib.lib : uart.o (.text:UART_initModule)
                  000130d4    0000011c     transceiver_cmd.obj (.text:showModCodeMenu)
                  000131f0    0000011c     simplelink.a : device.obj (.text:sl_Start)
                  0001330c    00000118                  : netapp.obj (.text:_SlNetAppHandleAsync_DnsGetHostByService)
                  00013424    00000118                  : wlan.obj (.text:sl_WlanProfileGet)
                  0001353c    00000117     wlan_cmd.obj (.text:cmdCreateFilterCallback)
                  00013653    00000001     --HOLE-- [fill = 0]
                  00013654    00000114     wlan_cmd.obj (.text:printCreateFilterUsage)
                  00013768    00000110     rtsv7M4_T_le_v4SPD16_eabi.lib : s_scalbn.c.obj (.text:scalbn)
                  00013878    00000110     simplelink.a : netapp.obj (.text:sl_NetAppDnsGetHostByService)
                  00013988    00000110     rtsv7M4_T_le_v4SPD16_eabi.lib : strtoul.c.obj (.text:strtoul)
                  00013a98    00000108     msp432p4xx_driverlib.lib : pcm.o (.text:__PCM_setCoreVoltageLevelAdvanced)
                  00013ba0    00000108     sysbios.aem4f : BIOS.obj (.text:ti_sysbios_knl_Task_postInit__I)
                  00013ca8    00000108                   : BIOS.obj (.text:xdc_runtime_Startup_startMods__I)
                  00013db0    00000104     drivers_msp432p401x.aem4f : SPIMSP432DMA.oem4f (.text:SPIMSP432DMA_transferCancel)
                  00013eb4    00000104     simplelink.a : device.obj (.text:_SlDeviceEventHandler)
                  00013fb8    00000104                  : driver.obj (.text:_SlDrvCmdOp)
                  000140bc    00000004     dpl_msp432p401x.aem4f : ClockP_tirtos.oem4f (.text:ClockP_setTimeout)
                  000140c0    00000104     sysbios.aem4f : BIOS.obj (.text:ti_sysbios_knl_Task_Instance_finalize__E)
                  000141c4    00000100     cmd_parser.obj (.text:ParseSoftRoamingEnableCmd)
                  000142c4    00000100     simplelink.a : driver.obj (.text:_SlDrvObjGlobalLockWaitForever)
                  000143c4    00000100     network_terminal.obj (.text:cmdHelpCallback)
                  000144c4    000000fc     network_terminal.obj (.text:cmd_prompt)
                  000145c0    000000fc     drivers_msp432p401x.aem4f : SPIMSP432DMA.oem4f (.text:configDMA)
                  000146bc    000000fc     rtsv7M4_T_le_v4SPD16_eabi.lib : fd_mul_t2.asm.obj (.text)
                  000147b8    000000f8     simplelink.a : sl_socket.obj (.text:sl_Close)
                  000148b0    000000f8     sysbios.aem4f : BIOS.obj (.text:ti_sysbios_family_arm_msp432_init_Boot_configureClocksHigh)
                  000149a8    000000f4     netapp_cmd.obj (.text:SimpleLinkPingReport)
                  00014a9c    000000f4     socket_cmd.obj (.text:cmdSendCallback)
                  00014b90    000000f4     simplelink.a : sl_socket.obj (.text:sl_SendTo)
                  00014c84    000000f0     msp432p4xx_driverlib.lib : dma.o (.text:DMA_setChannelTransfer)
                  00014d74    000000f0     cmd_parser.obj (.text:ParsegetProfileCmd)
                  00014e64    00000004     dpl_msp432p401x.aem4f : ClockP_tirtos.oem4f (.text:ClockP_start)
                  00014e68    000000f0     sysbios.aem4f : BIOS.obj (.text:pthread_create)
                  00014f58    000000f0                   : m3_Hwi_asm.obj (.text:ti_sysbios_family_arm_m3_Hwi_dispatch__I)
                  00015048    000000ec     wlan_cmd.obj (.text:cmdCountrycodecallback)
                  00015134    000000e4     msp432p4xx_driverlib.lib : cs.o (.text:CS_startHFXTWithTimeout)
                  00015218    000000e0                              : cs.o (.text:CS_startLFXTWithTimeout)
                  000152f8    000000e0     sysbios.aem4f : BIOS.obj (.text:clock_gettime)
                  000153d8    000000e0                   : BIOS.obj (.text:ti_sysbios_knl_Task_Instance_init__E)
                  000154b8    000000de     network_terminal.obj (.text:hexbyteStrtoASCII)
                  00015596    00000002     --HOLE-- [fill = 0]
                  00015598    000000dc     drivers_msp432p401x.aem4f : UARTMSP432.oem4f (.text:UARTMSP432_readPolling)
                  00015674    000000dc                               : UDMAMSP432.oem4f (.text:UDMAMSP432_close)
                  00015750    000000dc     msp432p4xx_driverlib.lib : cs.o (.text:_CSGetHFXTFrequency)
                  0001582c    000000d8     uart_term.obj (.text:GetCmd)
                  00015904    000000d8     simplelink.a : device.obj (.text:_SlDeviceHandleAsync_InitComplete)
                  000159dc    000000d8                  : driver.obj (.text:_SlDrvWaitForInternalAsyncEvent)
                  00015ab4    000000d8                  : netapp.obj (.text:_SlNetAppHandleAsync_NetAppReceive)
                  00015b8c    000000d4     socket_cmd.obj (.text:printRecvUsage)
                  00015c60    000000d0     simplelink.a : driver.obj (.text:_SlDrvDriverCBDeinit)
                  00015d30    000000d0                  : driver.obj (.text:_SlDrvRemoveFromList)
                  00015e00    000000d0                  : netapp.obj (.text:_SlNetAppMDNSRegisterUnregisterService)
                  00015ed0    000000d0                  : netapp.obj (.text:sl_NetAppGetServiceList)
                  00015fa0    000000d0     sysbios.aem4f : BIOS.obj (.text:ti_sysbios_heaps_HeapMem_alloc__E)
                  00016070    000000ce     cmd_parser.obj (.text:mDNScreateServiceName)
                  0001613e    00000002     --HOLE-- [fill = 0]
                  00016140    000000cc     wlan_cmd.obj (.text:cmdDeleteFilterCallback)
                  0001620c    000000cc     wlan_cmd.obj (.text:cmdDisableFilterCallback)
                  000162d8    000000cc     wlan_cmd.obj (.text:cmdEnableFilterCallback)
                  000163a4    000000ca     drivers_msp432p401x.aem4f : UARTMSP432.oem4f (.text:UARTMSP432_hwiIntFxn)
                  0001646e    00000002     --HOLE-- [fill = 0]
                  00016470    000000c4     cmd_parser.obj (.text:ParseCmd)
                  00016534    00000004     dpl_msp432p401x.aem4f : ClockP_tirtos.oem4f (.text:ClockP_stop)
                  00016538    000000c4     sysbios.aem4f : BIOS.obj (.text:ti_sysbios_knl_Task_sleep__E)
                  000165fc    000000c0     network_terminal.obj (.text:macAddressParse)
                  000166bc    000000c0     simplelink.a : netcfg.obj (.text:sl_NetCfgGet)
                  0001677c    000000bc     wlan_cmd.obj (.text:CheckSubFrameType)
                  00016838    000000bc     simplelink.a : netapp.obj (.text:_SlNetAppSendResponse)
                  000168f4    000000bc     socket_cmd.obj (.text:printSendUsage)
                  000169b0    000000bc     simplelink.a : sl_socket.obj (.text:sl_Send)
                  00016a6c    000000bc                  : wlan.obj (.text:sl_WlanProvisioning)
                  00016b28    000000b8                  : netapp.obj (.text:_SlNetAppHandleAsync_DnsGetHostByName)
                  00016be0    000000b8                  : netapp.obj (.text:_SlNetAppHandleAsync_PingResponse)
                  00016c98    000000b8     drivers_msp432p401x.aem4f : UARTMSP432.oem4f (.text:initHw)
                  00016d50    000000b8                               : UARTMSP432.oem4f (.text:readTaskCallback)
                  00016e08    000000b8     network_terminal.obj (.text:showAvailableCmd)
                  00016ec0    000000b8     simplelink.a : device.obj (.text:sl_DeviceGet)
                  00016f78    000000b8                  : wlan.obj (.text:sl_WlanGet)
                  00017030    000000b8     sysbios.aem4f : BIOS.obj (.text:ti_sysbios_family_arm_m3_Hwi_Instance_init__E)
                  000170e8    000000b4     network_terminal.obj (.text:PrintIPAddress)
                  0001719c    000000b4     drivers_msp432p401x.aem4f : UARTMSP432.oem4f (.text:UARTMSP432_control)
                  00017250    000000b4                               : UARTMSP432.oem4f (.text:UARTMSP432_writePolling)
                  00017304    000000b4     simplelink.a : driver.obj (.text:_SlDrvHandleFatalError)
                  000173b8    000000b4                  : netutil.obj (.text:_SlNetUtilHandleAsync_Cmd)
                  0001746c    000000b4     radio_tool.obj (.text:radioTool_Open)
                  00017520    000000b4     simplelink.a : cc_pal.obj (.text:spi_Read)
                  000175d4    000000b4                  : cc_pal.obj (.text:spi_Write)
                  00017688    000000b1     rtsv7M4_T_le_v4SPD16_eabi.lib : _printfi.c.obj (.text:_ltostr)
                  00017739    00000001     --HOLE-- [fill = 0]
                  0001773a    000000b0     msp432p4xx_driverlib.lib : spi.o (.text:SPI_initMaster)
                  000177ea    00000002     --HOLE-- [fill = 0]
                  000177ec    000000b0     wlan_cmd.obj (.text:printWlanConnectUsage)
                  0001789c    000000b0     wlan_cmd.obj (.text:printWlanStartApUsage)
                  0001794c    000000b0     simplelink.a : wlan.obj (.text:sl_WlanRxStatGet)
                  000179fc    000000ac     drivers_msp432p401x.aem4f : GPIOMSP432.oem4f (.text:GPIO_init)
                  00017aa8    000000ac     simplelink.a : sl_socket.obj (.text:_SlSocketHandleAsync_Close)
                  00017b54    000000ac                  : sl_socket.obj (.text:_SlSocketHandleAsync_Connect)
                  00017c00    000000ac     wlan_cmd.obj (.text:sendConnectionReq)
                  00017cac    00000004     dpl_msp432p401x.aem4f : HwiP_tirtos.oem4f (.text:HwiP_clearInterrupt)
                  00017cb0    000000aa     sysbios.aem4f : BIOS.obj (.text:xdc_runtime_Core_createObject__I)
                  00017d5a    00000002     --HOLE-- [fill = 0]
                  00017d5c    000000a9     wlan_cmd.obj (.text:cmdAPTransitionDisablecallback)
                  00017e05    00000003     --HOLE-- [fill = 0]
                  00017e08    000000a9     wlan_cmd.obj (.text:cmdTriggeredRoamingDisablecallback)
                  00017eb1    00000001     --HOLE-- [fill = 0]
                  00017eb2    000000a8     drivers_msp432p401x.aem4f : UARTMSP432.oem4f (.text:UARTMSP432_write)
                  00017f5a    00000002     --HOLE-- [fill = 0]
                  00017f5c    000000a8     netapp_cmd.obj (.text:printmDNSAdvertiseUsage)
                  00018004    000000a8     drivers_msp432p401x.aem4f : UARTMSP432.oem4f (.text:readTaskBlocking)
                  000180ac    00000004     dpl_msp432p401x.aem4f : HwiP_tirtos.oem4f (.text:HwiP_disable)
                  000180b0    000000a8     sysbios.aem4f : BIOS.obj (.text:ti_sysbios_family_arm_msp432_Timer_periodicStub__E)
                  00018158    000000a6     uart_term.obj (.text:Report)
                  000181fe    000000a6     simplelink.a : driver.obj (.text:_SlDrvIsTimeoutExpired)
                  000182a4    000000a4     wlan_cmd.obj (.text:printAddProfileUsage)
                  00018348    000000a4     wlan_cmd.obj (.text:printSetPolicyUsage)
                  000183ec    000000a4     simplelink.a : sl_socket.obj (.text:sl_Bind)
                  00018490    000000a4                  : netapp.obj (.text:sl_NetAppGet)
                  00018534    00000004     dpl_msp432p401x.aem4f : HwiP_tirtos.oem4f (.text:HwiP_disableInterrupt)
                  00018538    000000a4     sysbios.aem4f : BIOS.obj (.text:ti_sysbios_knl_Task_setPri__E)
                  000185dc    000000a1     wlan_cmd.obj (.text:cmdAPTransitionEnablecallback)
                  0001867d    00000003     --HOLE-- [fill = 0]
                  00018680    000000a1     wlan_cmd.obj (.text:cmdWlanDisconnectCallback)
                  00018721    00000003     --HOLE-- [fill = 0]
                  00018724    000000a0     simplelink.a : driver.obj (.text:_SlSpawnMsgListProcess)
                  000187c4    000000a0     auto_init.aem4f : auto_init.oem4f (.text)
                  00018864    000000a0     drivers_msp432p401x.aem4f : UARTMSP432.oem4f (.text:readIsrTextCallback)
                  00018904    0000009c                               : PowerMSP432.oem4f (.text:Power_init)
                  000189a0    0000009c     rtsv7M4_T_le_v4SPD16_eabi.lib : memcpy_t2.asm.obj (.text)
                  00018a3c    00000098     netapp_cmd.obj (.text:printPingUsage)
                  00018ad4    00000096     wlan_cmd.obj (.text:cmdSoftRoamingDisablecallback)
                  00018b6a    00000002     --HOLE-- [fill = 0]
                  00018b6c    00000096     network_terminal.obj (.text:ipv4AddressParse)
                  00018c02    00000096     rtsv7M4_T_le_v4SPD16_eabi.lib : ull_div_t2.asm.obj (.text)
                  00018c98    00000094     simplelink.a : cc_pal.obj (.text:Semaphore_pend_handle)
                  00018d2c    00000094     drivers_msp432p401x.aem4f : UDMAMSP432.oem4f (.text:UDMAMSP432_init)
                  00018dc0    00000094                               : UDMAMSP432.oem4f (.text:UDMAMSP432_open)
                  00018e54    00000004     dpl_msp432p401x.aem4f : HwiP_tirtos.oem4f (.text:HwiP_enableInterrupt)
                  00018e58    00000094     sysbios.aem4f : BIOS.obj (.text:_pthread_removeThreadKeys)
                  00018eec    00000094     simplelink.a : wlan.obj (.text:sl_WlanGetExtNetworkList)
                  00018f80    00000094                  : wlan.obj (.text:sl_WlanGetNetworkList)
                  00019014    00000004     drivers_msp432p401x.aem4f : SPIMSP432DMA.oem4f (.text:SPIMSP432DMA_init)
                  00019018    00000094     sysbios.aem4f : BIOS.obj (.text:ti_sysbios_family_arm_m3_Hwi_initNVIC__E)
                  000190ac    00000004     dpl_msp432p401x.aem4f : SemaphoreP_tirtos.oem4f (.text:SemaphoreP_post)
                  000190b0    00000094     sysbios.aem4f : BIOS.obj (.text:ti_sysbios_knl_Task_exit__E)
                  00019144    00000092     drivers_msp432p401x.aem4f : UARTMSP432.oem4f (.text:UARTMSP432_close)
                  000191d6    00000092                               : UARTMSP432.oem4f (.text:writeData)
                  00019268    00000090     simplelink.a : device.obj (.text:_SlDeviceHandleAsync_Stop)
                  000192f8    00000090                  : sl_socket.obj (.text:_SlSocketHandleAsync_Accept)
                  00019388    00000090     netapp_cmd.obj (.text:printmDNSQueryUsage)
                  00019418    00000090     radio_tool.obj (.text:radioTool_RxStart)
                  000194a8    00000090     simplelink.a : wlan.obj (.text:sl_WlanRxFilterAdd)
                  00019538    00000090     sysbios.aem4f : BIOS.obj (.text:ti_sysbios_knl_Task_Module_startup__E)
                  000195c8    0000008c     simplelink.a : driver.obj (.text:_SlDrvDriverIsApiAllowed)
                  00019654    0000008c                  : driver.obj (.text:_SlDrvProtectAsyncRespSetting)
                  000196e0    0000008c     wlan_cmd.obj (.text:printEnableWoWLANUsage)
                  0001976c    0000008c     drivers_msp432p401x.aem4f : UARTMSP432.oem4f (.text:readIsrTextBlocking)
                  000197f8    0000008c     simplelink.a : sl_socket.obj (.text:sl_Recv)
                  00019884    0000008c                  : wlan.obj (.text:sl_WlanRxStatStart)
                  00019910    0000008c                  : wlan.obj (.text:sl_WlanRxStatStop)
                  0001999c    0000008c     sysbios.aem4f : m3_TaskSupport_asm.obj (.text:ti_sysbios_family_arm_m3_TaskSupport_buildTaskStack)
                  00019a28    0000008c                   : BIOS.obj (.text:xdc_runtime_Memory_alloc__E)
                  00019ab4    00000086     rtsv7M4_T_le_v4SPD16_eabi.lib : fd_cmp_t2.asm.obj (.text:__aeabi_cdcmple)
                  00019b3a    00000086                                   : fd_cmp_t2.asm.obj (.text:__aeabi_cdrcmple)
                  00019bc0    00000086     drivers_msp432p401x.aem4f : SPIMSP432DMA.oem4f (.text:initHw)
                  00019c46    00000002     --HOLE-- [fill = 0]
                  00019c48    00000086     sysbios.aem4f : BIOS.obj (.text:xdc_runtime_Core_constructObject__I)
                  00019cce    00000002     --HOLE-- [fill = 0]
                  00019cd0    00000084     msp432p4xx_driverlib.lib : pcm.o (.text:PCM_gotoLPM3)
                  00019d54    00000084     wlan_cmd.obj (.text:printScanUsage)
                  00019dd8    00000084     drivers_msp432p401x.aem4f : PowerMSP432.oem4f (.text:restartHFXT)
                  00019e5c    00000084     network_terminal.obj (.text:sem_wait_timeout)
                  00019ee0    00000084     simplelink.a : netapp.obj (.text:sl_NetAppSet)
                  00019f64    00000084                  : netcfg.obj (.text:sl_NetCfgSet)
                  00019fe8    00000084                  : sl_socket.obj (.text:sl_SetSockOpt)
                  0001a06c    00000084                  : wlan.obj (.text:sl_WlanSet)
                  0001a0f0    00000084     sysbios.aem4f : BIOS.obj (.text:ti_sysbios_family_arm_m3_Hwi_postInit__I)
                  0001a174    00000004     release_pem4f.oem4f (.text:ti_sysbios_BIOS_RtsGateProxy_enter__E)
                  0001a178    00000084     sysbios.aem4f : BIOS.obj (.text:ti_sysbios_heaps_HeapMem_free__E)
                  0001a1fc    00000080     simplelink.a : device.obj (.text:sl_DeviceSet)
                  0001a27c    00000004     release_pem4f.oem4f (.text:ti_sysbios_BIOS_RtsGateProxy_leave__E)
                  0001a280    00000080     sysbios.aem4f : BIOS.obj (.text:ti_sysbios_knl_Clock_workFunc__E)
                  0001a300    0000007e     cmd_parser.obj (.text:FreeConnectCmd)
                  0001a37e    00000002     --HOLE-- [fill = 0]
                  0001a380    0000007c     sysbios.aem4f : BIOS.obj (.text:_pthread_abstime2ticks)
                  0001a3fc    0000007c     simplelink.a : wlan.obj (.text:sl_WlanPolicySet)
                  0001a478    0000007a     rtsv7M4_T_le_v4SPD16_eabi.lib : memset_t2.asm.obj (.text)
                  0001a4f2    00000002     --HOLE-- [fill = 0]
                  0001a4f4    00000078     radio_tool.obj (.text:radioTool_TxStop)
                  0001a56c    00000078     simplelink.a : sl_socket.obj (.text:sl_Socket)
                  0001a5e4    00000074     wlan_cmd.obj (.text:printCountrycodeeUsage)
                  0001a658    00000074     wlan_cmd.obj (.text:printSoftRoamingEnableUsage)
                  0001a6cc    00000074     wlan_cmd.obj (.text:printTriggeredRoamingEnableUsage)
                  0001a740    00000070     drivers_msp432p401x.aem4f : UARTMSP432.oem4f (.text:UARTMSP432_writeCancel)
                  0001a7b0    00000070     simplelink.a : driver.obj (.text:_SlDrvCmdSend_noLock)
                  0001a820    00000070     transceiver_cmd.obj (.text:showCCAThreshHoldMenu)
                  0001a890    00000070     transceiver_cmd.obj (.text:showRxMenu)
                  0001a900    00000070     sysbios.aem4f : BIOS.obj (.text:ti_sysbios_heaps_HeapMem_initPrimary__I)
                  0001a970    0000006e     rtsv7M4_T_le_v4SPD16_eabi.lib : _printfi.c.obj (.text:_mcpy)
                  0001a9de    0000006e                                   : ll_div_t2.asm.obj (.text)
                  0001aa4c    0000006c     simplelink.a : cc_pal.obj (.text:NwpRegisterInterruptHandler)
                  0001aab8    0000006c                  : device.obj (.text:_SlDeviceHandleResetRequestInternally)
                  0001ab24    0000006c                  : netapp.obj (.text:_SlNetAppSendTokenValue)
                  0001ab90    0000006c     sysbios.aem4f : BIOS.obj (.text:ti_sysbios_family_arm_msp432_Seconds_get__E)
                  0001abfc    00000004     release_pem4f.oem4f (.text:ti_sysbios_family_arm_m3_Hwi_delete)
                  0001ac00    0000006c     sysbios.aem4f : BIOS.obj (.text:ti_sysbios_knl_Swi_restoreHwi__E)
                  0001ac6c    0000006a     cmd_parser.obj (.text:FreeProfileCmd)
                  0001acd6    00000002     --HOLE-- [fill = 0]
                  0001acd8    00000068     drivers_msp432p401x.aem4f : GPIOMSP432.oem4f (.text:GPIO_hwiIntFxn)
                  0001ad40    00000068                               : PowerMSP432.oem4f (.text:PowerMSP432_getFreqs)
                  0001ada8    00000068     simplelink.a : driver.obj (.text:_SlSpawnMsgListGetCount)
                  0001ae10    00000068     rtsv7M4_T_le_v4SPD16_eabi.lib : copy_decompress_lzss.c.obj (.text:decompress:lzss:__TI_decompress_lzss)
                  0001ae78    00000068     main_tirtos.obj (.text:main)
                  0001aee0    00000068     wlan_cmd.obj (.text:printAntSelectionEnableUsage)
                  0001af48    00000068     wlan_cmd.obj (.text:printCoexEnableUsage)
                  0001afb0    00000068     wlan_cmd.obj (.text:printGetProfileUsage)
                  0001b018    00000068     wlan_cmd.obj (.text:printP2PStartUsage)
                  0001b080    00000068     wlan_cmd.obj (.text:printP2PStopUsage)
                  0001b0e8    00000066     sysbios.aem4f : BIOS.obj (.text:xdc_runtime_Core_deleteObject__I)
                  0001b14e    00000064     drivers_msp432p401x.aem4f : SPIMSP432DMA.oem4f (.text:SPIMSP432DMA_close)
                  0001b1b2    00000006                               : SPIMSP432DMA.oem4f (.text:SPIMSP432DMA_control)
                  0001b1b8    00000064     sysbios.aem4f : BIOS.obj (.text:acquireMutexNone$47)
                  0001b21c    00000064     rtsv7M4_T_le_v4SPD16_eabi.lib : s_frexp.c.obj (.text:frexp)
                  0001b280    00000064     sysbios.aem4f : BIOS.obj (.text:pthread_cancel)
                  0001b2e4    00000004     release_pem4f.oem4f (.text:ti_sysbios_family_arm_m3_TaskSupport_Module__startupDone__S)
                  0001b2e8    00000064     sysbios.aem4f : BIOS.obj (.text:pthread_exit)
                  0001b34c    00000004     release_pem4f.oem4f (.text:ti_sysbios_heaps_HeapMem_Module_GateProxy_enter__E)
                  0001b350    00000064     sysbios.aem4f : BIOS.obj (.text:pthread_join)
                  0001b3b4    00000004     release_pem4f.oem4f (.text:ti_sysbios_heaps_HeapMem_Module_GateProxy_leave__E)
                  0001b3b8    00000064     sysbios.aem4f : BIOS.obj (.text:ti_sysbios_family_arm_m3_Hwi_dispatchC__I)
                  0001b41c    00000060     drivers_msp432p401x.aem4f : GPIOMSP432.oem4f (.text:GPIO_setCallback)
                  0001b47c    00000060     simplelink.a : cc_pal.obj (.text:spi_Open)
                  0001b4dc    00000004     release_pem4f.oem4f (.text:ti_sysbios_knl_Clock_TimerProxy_getMaxTicks__E)
                  0001b4e0    00000060     sysbios.aem4f : BIOS.obj (.text:ti_sysbios_knl_Semaphore_post__E)
                  0001b540    00000060                   : BIOS.obj (.text:ti_sysbios_knl_Swi_run__I)
                  0001b5a0    0000005e     msp432p4xx_driverlib.lib : pcm.o (.text:PCM_getCoreVoltageLevel)
                  0001b5fe    00000002     --HOLE-- [fill = 0]
                  0001b600    0000005c     uart_term.obj (.text:InitTerm)
                  0001b65c    0000005c     simplelink.a : spawn.obj (.text:_SlInternalSpawn)
                  0001b6b8    0000005c     wlan_cmd.obj (.text:printAPTransitionDisableUsage)
                  0001b714    0000005c     wlan_cmd.obj (.text:printAPTransitionEnableUsage)
                  0001b770    0000005c     wlan_cmd.obj (.text:printAntSelectionDisableUsage)
                  0001b7cc    0000005c     wlan_cmd.obj (.text:printCoexDisableUsage)
                  0001b828    0000005c     wlan_cmd.obj (.text:printConnectedStationsUsage)
                  0001b884    0000005c     wlan_cmd.obj (.text:printSoftRoamingDisableUsage)
                  0001b8e0    0000005c     wlan_cmd.obj (.text:printTriggeredRoamingDisableUsage)
                  0001b93c    0000005c     wlan_cmd.obj (.text:printWlanDisconnectUsage)
                  0001b998    0000005c     wlan_cmd.obj (.text:printWlanStopApUsage)
                  0001b9f4    0000005c     transceiver_cmd.obj (.text:showPreambleMenu)
                  0001ba50    0000005c     sysbios.aem4f : BIOS.obj (.text:ti_sysbios_knl_Swi_schedule__I)
                  0001baac    00000004     release_pem4f.oem4f (.text:ti_sysbios_knl_Clock_delete)
                  0001bab0    0000005c     sysbios.aem4f : BIOS.obj (.text:ti_sysbios_knl_Task_startCore__E)
                  0001bb0c    00000004     release_pem4f.oem4f (.text:ti_sysbios_knl_Semaphore_delete)
                  0001bb10    0000005c     sysbios.aem4f : BIOS.obj (.text:xdc_runtime_Startup_exec__E)
                  0001bb6c    0000005a     msp432p4xx_driverlib.lib : pcm.o (.text:PCM_getPowerMode)
                  0001bbc6    00000002     --HOLE-- [fill = 0]
                  0001bbc8    00000058     drivers_msp432p401x.aem4f : GPIOMSP432.oem4f (.text:GPIO_write)
                  0001bc20    00000058     simplelink.a : sl_socket.obj (.text:_SlDrvClearCtrlSocket)
                  0001bc78    00000058     boot.aem4f : boot.oem4f (.text)
                  0001bcd0    00000058     wlan_cmd.obj (.text:printDeleteFilterUsage)
                  0001bd28    00000058     wlan_cmd.obj (.text:printDisableFilterUsage)
                  0001bd80    00000058     wlan_cmd.obj (.text:printEnableFilterUsage)
                  0001bdd8    00000058     drivers_msp432p401x.aem4f : UARTMSP432.oem4f (.text:readIsrBinaryBlocking)
                  0001be30    00000058     simplelink.a : sl_socket.obj (.text:sl_Listen)
                  0001be88    00000058     drivers_msp432p401x.aem4f : SPIMSP432DMA.oem4f (.text:spiHwiFxn)
                  0001bee0    00000058     sysbios.aem4f : m3_Hwi_asm_switch.obj (.text:ti_sysbios_family_arm_m3_Hwi_initStacks__E)
                  0001bf38    00000056     rtsv7M4_T_le_v4SPD16_eabi.lib : _printfi.c.obj (.text:_pconv_f)
                  0001bf8e    00000002     --HOLE-- [fill = 0]
                  0001bf90    00000054     msp432p4xx_driverlib.lib : pcm.o (.text:PCM_shutdownDevice)
                  0001bfe4    00000054     rtsv7M4_T_le_v4SPD16_eabi.lib : _ltoa.c.obj (.text:__TI_ltoa)
                  0001c038    00000054     transceiver_cmd.obj (.text:printTranceiverModeUsage)
                  0001c08c    00000054     simplelink.a : netapp.obj (.text:sl_NetAppMDNSRegisterService)
                  0001c0e0    00000054     release_pem4f.oem4f (.text:ti_sysbios_family_arm_m3_Hwi_create)
                  0001c134    00000004     release_pem4f.oem4f (.text:ti_sysbios_knl_Task_delete)
                  0001c138    00000054     sysbios.aem4f : BIOS.obj (.text:ti_sysbios_family_arm_msp432_Timer_initDevice__I)
                  0001c18c    00000052     rtsv7M4_T_le_v4SPD16_eabi.lib : _printfi.c.obj (.text:_ecpy)
                  0001c1de    00000002     --HOLE-- [fill = 0]
                  0001c1e0    00000050     dpl_msp432p401x.aem4f : ClockP_tirtos.oem4f (.text:ClockP_create)
                  0001c230    00000050     drivers_msp432p401x.aem4f : UDMAMSP432.oem4f (.text:UDMAMSP432_hwiFxn)
                  0001c280    00000050     simplelink.a : driver.obj (.text:_SlDrvCmdSend_noWait)
                  0001c2d0    00000050                  : driver.obj (.text:_SlDrvUpdateApiInProgress)
                  0001c320    00000050                  : spawn.obj (.text:_SlInternalSpawnTaskEntry)
                  0001c370    00000050                  : eventreg.obj (.text:_SlNetAppHttpServerHdlr)
                  0001c3c0    00000050                  : eventreg.obj (.text:_SlNetAppRequestHdlr)
                  0001c410    00000050     network_terminal.obj (.text:printHelpUsage)
                  0001c460    00000050     sysbios.aem4f : BIOS.obj (.text:ti_sysbios_family_arm_m3_Hwi_Module_startup__E)
                  0001c4b0    00000050     release_pem4f.oem4f (.text:ti_sysbios_knl_Task_create)
                  0001c500    0000004e     cmd_parser.obj (.text:isChannelAt)
                  0001c54e    00000002     --HOLE-- [fill = 0]
                  0001c550    0000004c     dpl_msp432p401x.aem4f : PowerMSP432_tirtos.oem4f (.text:PowerMSP432_sleepPolicy)
                  0001c59c    0000004c     rtsv7M4_T_le_v4SPD16_eabi.lib : atoi.c.obj (.text:atoi)
                  0001c5e8    0000004c                                   : atol.c.obj (.text:atol)
                  0001c634    0000004c                                   : cpy_tbl.c.obj (.text:copy_in)
                  0001c680    0000004c     drivers_msp432p401x.aem4f : UARTMSP432.oem4f (.text:readIsrBinaryCallback)
                  0001c6cc    0000004c     simplelink.a : netapp.obj (.text:sl_NetAppMDNSUnRegisterService)
                  0001c718    0000004c                  : wlan.obj (.text:sl_WlanProfileDel)
                  0001c764    0000004c                  : wlan.obj (.text:sl_WlanSetMode)
                  0001c7b0    0000004c     sysbios.aem4f : BIOS.obj (.text:ti_sysbios_family_arm_msp432_Timer_postInit__I)
                  0001c7fc    00000004     release_pem4f.oem4f (.text:xdc_runtime_System_Module_GateProxy_enter__E)
                  0001c800    0000004c     sysbios.aem4f : BIOS.obj (.text:ti_sysbios_family_arm_msp432_Timer_start__E)
                  0001c84c    00000004     release_pem4f.oem4f (.text:xdc_runtime_System_Module_GateProxy_leave__E)
                  0001c850    0000004c     sysbios.aem4f : BIOS.obj (.text:ti_sysbios_heaps_HeapMem_getStats__E)
                  0001c89c    00000004     --HOLE-- [fill = 0]
                  0001c8a0    0000004c                   : BIOS.obj (.text:ti_sysbios_knl_Swi_runLoop__I)
                  0001c8ec    00000004     --HOLE-- [fill = 0]
                  0001c8f0    0000004c                   : BIOS.obj (.text:ti_sysbios_knl_Task_allBlockedFunction__I)
                  0001c93c    00000004     --HOLE-- [fill = 0]
                  0001c940    0000004c                   : BIOS.obj (.text:ti_sysbios_knl_Task_schedule__I)
                  0001c98c    00000048     drivers_msp432p401x.aem4f : PowerMSP432.oem4f (.text:Power_releaseConstraint)
                  0001c9d4    00000048     simplelink.a : eventreg.obj (.text:_SlDeviceFatalErrorEvtHdlr)
                  0001ca1c    00000048                  : eventreg.obj (.text:_SlDeviceGeneralEvtHdlr)
                  0001ca64    00000048                  : driver.obj (.text:_SlDrvBasicCmd)
                  0001caac    00000048                  : driver.obj (.text:_SlDrvSyncObjWaitTimeout)
                  0001caf4    00000048                  : eventreg.obj (.text:_SlNetAppEvtHdlr)
                  0001cb3c    00000048                  : eventreg.obj (.text:_SlNetAppRequestMemFree)
                  0001cb84    00000048                  : eventreg.obj (.text:_SlSockEvtHdlr)
                  0001cbcc    00000048                  : eventreg.obj (.text:_SlWlanEvtHdlr)
                  0001cc14    00000004     --HOLE-- [fill = 0]
                  0001cc18    00000048     sysbios.aem4f : BIOS.obj (.text:pthread_mutex_init)
                  0001cc60    00000048     rtsv7M4_T_le_v4SPD16_eabi.lib : fd_toi_t2.asm.obj (.text)
                  0001cca8    00000048     sysbios.aem4f : BIOS.obj (.text:ti_sysbios_family_arm_m3_Hwi_disableInterrupt__E)
                  0001ccf0    00000048                   : BIOS.obj (.text:ti_sysbios_family_arm_m3_Hwi_enableInterrupt__E)
                  0001cd38    00000048                   : BIOS.obj (.text:ti_sysbios_knl_Mailbox_Module_startup__E)
                  0001cd80    00000048                   : BIOS.obj (.text:xdc_runtime_Core_assignParams__I)
                  0001cdc8    00000046     drivers_msp432p401x.aem4f : RingBuf.oem4f (.text:RingBuf_put)
                  0001ce0e    00000002     --HOLE-- [fill = 0]
                  0001ce10    00000046     network_terminal.obj (.text:SimpleLinkGeneralEventHandler)
                  0001ce56    00000002     --HOLE-- [fill = 0]
                  0001ce58    00000044     drivers_msp432p401x.aem4f : SPI.oem4f (.text:SPI_init)
                  0001ce9c    00000044                               : UART.oem4f (.text:UART_init)
                  0001cee0    00000044     simplelink.a : driver.obj (.text:_SlDrvRxIrqHandler)
                  0001cf24    00000044     network_terminal.obj (.text:printClearUsage)
                  0001cf68    00000044     simplelink.a : netapp.obj (.text:sl_NetAppStart)
                  0001cfac    00000044                  : netapp.obj (.text:sl_NetAppStop)
                  0001cff0    00000044     sysbios.aem4f : BIOS.obj (.text:ti_sysbios_family_arm_m3_Hwi_getStackInfo__E)
                  0001d034    00000004     --HOLE-- [fill = 0]
                  0001d038    00000044                   : BIOS.obj (.text:ti_sysbios_knl_Swi_post__E)
                  0001d07c    00000042     simplelink.a : sl_socket.obj (.text:sl_Htonl)
                  0001d0be    00000040                  : sl_socket.obj (.text:CountSetBits)
                  0001d0fe    00000002     --HOLE-- [fill = 0]
                  0001d100    00000040     dpl_msp432p401x.aem4f : HwiP_tirtos.oem4f (.text:HwiP_create)
                  0001d140    00000040     drivers_msp432p401x.aem4f : RingBuf.oem4f (.text:RingBuf_get)
                  0001d180    00000040                               : SPI.oem4f (.text:SPI_open)
                  0001d1c0    00000040                               : UARTMSP432.oem4f (.text:UARTMSP432_read)
                  0001d200    00000040                               : UART.oem4f (.text:UART_open)
                  0001d240    00000040     simplelink.a : driver.obj (.text:_SlFindAndReleasePendingCmd)
                  0001d280    00000040                  : spawn.obj (.text:_SlInternalSpawnWaitForEvent)
                  0001d2c0    00000040                  : eventreg.obj (.text:_SlIsEventRegistered)
                  0001d300    00000040     msp432p4xx_driverlib.lib : spi.o (.text:is_A_Module)
                  0001d340    00000040     drivers_msp432p401x.aem4f : UARTMSP432.oem4f (.text:perfChangeNotifyFxn)
                  0001d380    00000040     sysbios.aem4f : BIOS.obj (.text:pthread_mutex_unlock)
                  0001d3c0    00000040     rtsv7M4_T_le_v4SPD16_eabi.lib : strtok.c.obj (.text:strtok)
                  0001d400    00000040     sysbios.aem4f : BIOS.obj (.text:ti_sysbios_family_arm_msp432_Timer_Module_startup__E)
                  0001d440    00000040                   : BIOS.obj (.text:ti_sysbios_family_arm_msp432_Timer_startup__E)
                  0001d480    00000040                   : BIOS.obj (.text:ti_sysbios_heaps_HeapMem_Instance_init__E)
                  0001d4c0    00000040                   : BIOS.obj (.text:ti_sysbios_knl_Clock_Instance_init__E)
                  0001d500    00000040     rtsv7M4_T_le_v4SPD16_eabi.lib : vsnprintf.c.obj (.text:vsnprintf)
                  0001d540    0000003e     simplelink.a : sl_socket.obj (.text:_SlSocketBuildAddress)
                  0001d57e    0000003e     rtsv7M4_T_le_v4SPD16_eabi.lib : _printfi.c.obj (.text:_fcpy)
                  0001d5bc    0000003e     release_pem4f.oem4f (.text:realloc)
                  0001d5fa    00000006     --HOLE-- [fill = 0]
                  0001d600    0000003e     sysbios.aem4f : BIOS.obj (.text:sem_timedwait)
                  0001d63e    00000002     --HOLE-- [fill = 0]
                  0001d640    0000003c     dpl_msp432p401x.aem4f : SemaphoreP_tirtos.oem4f (.text:SemaphoreP_create)
                  0001d67c    0000003c     simplelink.a : netapp.obj (.text:_SlNetAppCopyPingResultsToReport)
                  0001d6b8    0000003c     sysbios.aem4f : BIOS.obj (.text:clock_settime)
                  0001d6f4    0000003c     network_terminal.obj (.text:gpioButtonFxn1)
                  0001d730    0000003c     radio_tool.obj (.text:radioTool_Close)
                  0001d76c    0000003c     simplelink.a : sl_socket.obj (.text:sl_Htons)
                  0001d7a8    0000003c     sysbios.aem4f : BIOS.obj (.text:sleep)
                  0001d7e4    00000004     --HOLE-- [fill = 0]
                  0001d7e8    0000003c                   : BIOS.obj (.text:ti_sysbios_family_arm_m3_Hwi_Instance_finalize__E)
                  0001d824    00000004     --HOLE-- [fill = 0]
                  0001d828    0000003c                   : BIOS.obj (.text:ti_sysbios_family_arm_msp432_Seconds_Module_startup__E)
                  0001d864    0000003c     release_pem4f.oem4f (.text:ti_sysbios_knl_Clock_create)
                  0001d8a0    0000003c     sysbios.aem4f : BIOS.obj (.text:ti_sysbios_knl_Swi_restore__E)
                  0001d8dc    00000004     --HOLE-- [fill = 0]
                  0001d8e0    0000003c                   : BIOS.obj (.text:usleep)
                  0001d91c    00000038     drivers_msp432p401x.aem4f : PowerMSP432.oem4f (.text:Power_setConstraint)
                  0001d954    00000038                               : PowerMSP432.oem4f (.text:notify)
                  0001d98c    00000004     --HOLE-- [fill = 0]
                  0001d990    00000038     sysbios.aem4f : BIOS.obj (.text:xdc_runtime_System_atexit__E)
                  0001d9c8    00000036     drivers_msp432p401x.aem4f : UARTMSP432.oem4f (.text:UARTMSP432_readCancel)
                  0001d9fe    00000036     rtsv7M4_T_le_v4SPD16_eabi.lib : strncpy.c.obj (.text:strncpy)
                  0001da34    00000034     drivers_msp432p401x.aem4f : GPIOMSP432.oem4f (.text:GPIO_clearInt)
                  0001da68    00000034                               : GPIOMSP432.oem4f (.text:GPIO_disableInt)
                  0001da9c    00000034                               : GPIOMSP432.oem4f (.text:GPIO_enableInt)
                  0001dad0    00000034     rtsv7M4_T_le_v4SPD16_eabi.lib : strstr.c.obj (.text:strstr)
                  0001db04    00000034     release_pem4f.oem4f (.text:ti_sysbios_knl_Semaphore_create)
                  0001db38    00000032     radio_tool.obj (.text:radioTool_GetStats)
                  0001db6a    00000006     --HOLE-- [fill = 0]
                  0001db70    00000032     sysbios.aem4f : BIOS.obj (.text:ti_sysbios_hal_Hwi_initStack)
                  0001dba2    00000002     --HOLE-- [fill = 0]
                  0001dba4    00000030     simplelink.a : cc_pal.obj (.text:HostIrqGPIO_callback)
                  0001dbd4    00000030                  : driver.obj (.text:_SlDrvGlobalObjUnLock)
                  0001dc04    00000030     rtsv7M4_T_le_v4SPD16_eabi.lib : vsnprintf.c.obj (.text:_outs)
                  0001dc34    00000030     drivers_msp432p401x.aem4f : SPIMSP432DMA.oem4f (.text:mapPin)
                  0001dc64    00000030                               : UARTMSP432.oem4f (.text:mapPin)
                  0001dc94    00000030     str.obj (.text:printBorder)
                  0001dcc4    00000030     release_pem4f.oem4f (.text:ti_sysbios_BIOS_atExitFunc__I)
                  0001dcf4    00000030     release_pem4f.oem4f (.text:ti_sysbios_BIOS_startFunc__I)
                  0001dd24    00000004     --HOLE-- [fill = 0]
                  0001dd28    00000030     sysbios.aem4f : BIOS.obj (.text:ti_sysbios_family_arm_m3_TaskSupport_start__E)
                  0001dd58    00000030     release_pem4f.oem4f (.text:ti_sysbios_gates_GateHwi_Object__create__S)
                  0001dd88    00000030     release_pem4f.oem4f (.text:ti_sysbios_gates_GateMutex_Object__create__S)
                  0001ddb8    00000030     sysbios.aem4f : BIOS.obj (.text:ti_sysbios_gates_GateMutex_enter__E)
                  0001dde8    00000030     release_pem4f.oem4f (.text:ti_sysbios_heaps_HeapMem_Object__create__S)
                  0001de18    00000030     sysbios.aem4f : BIOS.obj (.text:ti_sysbios_knl_Mailbox_postInit__I)
                  0001de48    00000030     release_pem4f.oem4f (.text:ti_sysbios_knl_Semaphore_construct)
                  0001de78    00000030     sysbios.aem4f : BIOS.obj (.text:ti_sysbios_knl_Semaphore_pendTimeout__I)
                  0001dea8    00000030                   : BIOS.obj (.text:ti_sysbios_knl_Task_processVitalTaskFlag__I)
                  0001ded8    00000030                   : BIOS.obj (.text:ti_sysbios_knl_Task_restore__E)
                  0001df08    00000030                   : BIOS.obj (.text:ti_sysbios_knl_Task_unblockI__E)
                  0001df38    00000030                   : BIOS.obj (.text:xdc_runtime_System_processAtExit__E)
                  0001df68    0000002e     cmd_parser.obj (.text:FreeStartApCmd)
                  0001df96    0000002e     cmd_parser.obj (.text:FreemDNSAdvertiseCmd)
                  0001dfc4    0000002e     simplelink.a : cc_pal.obj (.text:Mutex_create_handle)
                  0001dff2    00000006     --HOLE-- [fill = 0]
                  0001dff8    0000002e     sysbios.aem4f : BIOS.obj (.text:pthread_setcancelstate)
                  0001e026    0000002e     rtsv7M4_T_le_v4SPD16_eabi.lib : i_tofd_t2.asm.obj (.text)
                  0001e054    0000002e     release_pem4f.oem4f (.text:ti_sysbios_rts_MemAlloc_alloc)
                  0001e082    0000002c     dpl_msp432p401x.aem4f : PowerMSP432_tirtos.oem4f (.text:PowerMSP432_updateFreqs)
                  0001e0ae    00000002     --HOLE-- [fill = 0]
                  0001e0b0    0000002c     msp432p4xx_driverlib.lib : rtc_c.o (.text:RTC_C_holdClock)
                  0001e0dc    0000002c     dpl_msp432p401x.aem4f : SemaphoreP_tirtos.oem4f (.text:SemaphoreP_createBinary)
                  0001e108    0000002c     simplelink.a : driver.obj (.text:_SlDrvSyncObjWaitForever)
                  0001e134    00000004     --HOLE-- [fill = 0]
                  0001e138    0000002c     sysbios.aem4f : BIOS.obj (.text:_pthread_cleanupFxn)
                  0001e164    00000004     --HOLE-- [fill = 0]
                  0001e168    0000002c                   : BIOS.obj (.text:_pthread_delete$43)
                  0001e194    00000004     --HOLE-- [fill = 0]
                  0001e198    0000002c                   : BIOS.obj (.text:clockFxn$41)
                  0001e1c4    0000002c     radio_tool.obj (.text:radioTool_RxStop)
                  0001e1f0    0000002c     release_pem4f.oem4f (.text:ti_sysbios_gates_GateHwi_Handle__label__S)
                  0001e21c    0000002c     release_pem4f.oem4f (.text:ti_sysbios_gates_GateMutex_Handle__label__S)
                  0001e248    0000002c     release_pem4f.oem4f (.text:ti_sysbios_heaps_HeapMem_Handle__label__S)
                  0001e274    0000002c     release_pem4f.oem4f (.text:ti_sysbios_knl_Clock_doTick__I)
                  0001e2a0    0000002c     release_pem4f.oem4f (.text:ti_sysbios_knl_Queue_construct)
                  0001e2cc    0000002a     release_pem4f.oem4f (.text:calloc)
                  0001e2f6    0000002a     drivers_msp432p401x.aem4f : SPIMSP432DMA.oem4f (.text:perfChangeNotifyFxn)
                  0001e320    0000002a     sysbios.aem4f : BIOS.obj (.text:sem_init)
                  0001e34a    0000002a     rtsv7M4_T_le_v4SPD16_eabi.lib : strspn.c.obj (.text:strspn)
                  0001e374    00000028     msp432p4xx_driverlib.lib : pcm.o (.text:PCM_gotoLPM0)
                  0001e39c    00000028     drivers_msp432p401x.aem4f : PowerMSP432.oem4f (.text:Power_registerNotify)
                  0001e3c4    00000028     msp432p4xx_driverlib.lib : spi.o (.text:SPI_getInterruptStatus)
                  0001e3ec    00000028     simplelink.a : flowcont.obj (.text:_SlFlowContSet)
                  0001e414    00000028     drivers_msp432p401x.aem4f : PowerMSP432.oem4f (.text:disableFaultCounter)
                  0001e43c    00000028                               : PowerMSP432.oem4f (.text:disableHFXT)
                  0001e464    00000028                               : UARTMSP432.oem4f (.text:findBaudDividerIndex)
                  0001e48c    00000028     sysbios.aem4f : m3_Hwi_asm.obj (.text:ti_sysbios_family_arm_m3_Hwi_excHandlerAsm__I)
                  0001e4b4    00000004     --HOLE-- [fill = 0]
                  0001e4b8    00000028                   : BIOS.obj (.text:ti_sysbios_knl_Clock_addI__E)
                  0001e4e0    00000028                   : BIOS.obj (.text:ti_sysbios_knl_Swi_Module_startup__E)
                  0001e508    00000026     drivers_msp432p401x.aem4f : List.oem4f (.text:List_put)
                  0001e52e    00000026                               : List.oem4f (.text:List_remove)
                  0001e554    00000026     sysbios.aem4f : m3_Hwi_asm.obj (.text:ti_sysbios_family_arm_m3_Hwi_pendSV__I)
                  0001e57a    00000002     --HOLE-- [fill = 0]
                  0001e57c    00000024     msp432p4xx_driverlib.lib : wdt_a.o (.text:WDT_A_holdTimer)
                  0001e5a0    00000024     simplelink.a : driver.obj (.text:_SlDrvIsApiInProgress)
                  0001e5c4    00000024                  : driver.obj (.text:_SlDrvStartMeasureTimeout)
                  0001e5e8    00000024     sysbios.aem4f : BIOS.obj (.text:pthread_attr_init)
                  0001e60c    00000024     simplelink.a : wlan.obj (.text:sl_WlanDisconnect)
                  0001e630    00000024     rtsv7M4_T_le_v4SPD16_eabi.lib : strcspn.c.obj (.text:strcspn)
                  0001e654    00000024     release_pem4f.oem4f (.text:ti_sysbios_BIOS_registerRTSLock__I)
                  0001e678    00000024     release_pem4f.oem4f (.text:ti_sysbios_BIOS_removeRTSLock__I)
                  0001e69c    00000004     --HOLE-- [fill = 0]
                  0001e6a0    00000024     sysbios.aem4f : BIOS.obj (.text:ti_sysbios_family_arm_msp432_ClockFreqs_setFrequency__E)
                  0001e6c4    00000024     release_pem4f.oem4f (.text:ti_sysbios_gates_GateMutex_Object__delete__S)
                  0001e6e8    00000024     sysbios.aem4f : BIOS.obj (.text:ti_sysbios_knl_Clock_Module_startup__E)
                  0001e70c    00000024     release_pem4f.oem4f (.text:ti_sysbios_knl_Clock_Object__delete__S)
                  0001e730    00000024     sysbios.aem4f : BIOS.obj (.text:ti_sysbios_knl_Clock_start__E)
                  0001e754    00000004     --HOLE-- [fill = 0]
                  0001e758    00000024                   : BIOS.obj (.text:ti_sysbios_knl_Semaphore_Instance_init__E)
                  0001e77c    00000024     release_pem4f.oem4f (.text:ti_sysbios_knl_Semaphore_Object__delete__S)
                  0001e7a0    00000024     sysbios.aem4f : BIOS.obj (.text:ti_sysbios_knl_Task_restoreHwi__E)
                  0001e7c4    00000004     --HOLE-- [fill = 0]
                  0001e7c8    00000024                   : BIOS.obj (.text:xdc_runtime_Error_policyMin__E)
                  0001e7ec    00000020     msp432p4xx_driverlib.lib : cs.o (.text:CS_setExternalClockSourceFrequency)
                  0001e80c    00000020     drivers_msp432p401x.aem4f : PowerMSP432.oem4f (.text:Power_unregisterNotify)
                  0001e82c    00000020                               : RingBuf.oem4f (.text:RingBuf_peek)
                  0001e84c    00000020     transceiver_cmd.obj (.text:showPowMenu)
                  0001e86c    00000020     release_pem4f.oem4f (.text:ti_sysbios_BIOS_rtsLock__I)
                  0001e88c    00000020     release_pem4f.oem4f (.text:ti_sysbios_family_arm_m3_Hwi_Object__delete__S)
                  0001e8ac    00000004     --HOLE-- [fill = 0]
                  0001e8b0    00000020     sysbios.aem4f : BIOS.obj (.text:ti_sysbios_family_arm_m3_Hwi_clearInterrupt__E)
                  0001e8d0    00000020     release_pem4f.oem4f (.text:ti_sysbios_gates_GateHwi_Object__delete__S)
                  0001e8f0    00000020     release_pem4f.oem4f (.text:ti_sysbios_heaps_HeapMem_Object__delete__S)
                  0001e910    00000020     sysbios.aem4f : BIOS.obj (.text:ti_sysbios_knl_Idle_run__E)
                  0001e930    00000020     release_pem4f.oem4f (.text:ti_sysbios_knl_Semaphore_destruct)
                  0001e950    00000020     release_pem4f.oem4f (.text:ti_sysbios_knl_Task_Object__delete__S)
                  0001e970    0000001e     rtsv7M4_T_le_v4SPD16_eabi.lib : strcat.c.obj (.text:strcat)
                  0001e98e    0000001e     sysbios.aem4f : m3_Hwi_asm_switch.obj (.text:ti_sysbios_family_xxx_Hwi_switchAndRunFunc)
                  0001e9ac    0000001c     uart_term.obj (.text:Message)
                  0001e9c8    0000001c     simplelink.a : cc_pal.obj (.text:NwpPowerOff)
                  0001e9e4    0000001c                  : cc_pal.obj (.text:NwpPowerOn)
                  0001ea00    0000001c                  : cc_pal.obj (.text:WiFi_init)
                  0001ea1c    0000001c                  : device.obj (.text:_SlDeviceGetStartResponseConvert)
                  0001ea38    0000001c                  : spawn.obj (.text:_SlInternalIsItSpawnThread)
                  0001ea54    0000001c     ti_drivers_config.obj (.text:dmaErrorFxn)
                  0001ea70    0000001c     rtsv7M4_T_le_v4SPD16_eabi.lib : memccpy.c.obj (.text:memccpy)
                  0001ea8c    00000004     --HOLE-- [fill = 0]
                  0001ea90    0000001c     sysbios.aem4f : BIOS.obj (.text:ti_sysbios_family_arm_m3_Hwi_excHandler__I)
                  0001eaac    00000004     --HOLE-- [fill = 0]
                  0001eab0    0000001c                   : BIOS.obj (.text:ti_sysbios_gates_GateMutex_Instance_init__E)
                  0001eacc    00000004     --HOLE-- [fill = 0]
                  0001ead0    0000001c                   : BIOS.obj (.text:ti_sysbios_knl_Clock_Instance_finalize__E)
                  0001eaec    0000001c     release_pem4f.oem4f (.text:ti_sysbios_knl_Queue_destruct)
                  0001eb08    0000001c     sysbios.aem4f : BIOS.obj (.text:ti_sysbios_knl_Queue_put__E)
                  0001eb24    00000004     --HOLE-- [fill = 0]
                  0001eb28    0000001c                   : BIOS.obj (.text:ti_sysbios_knl_Task_enter__I)
                  0001eb44    00000004     --HOLE-- [fill = 0]
                  0001eb48    0000001c                   : BIOS.obj (.text:ti_sysbios_rts_ti_ReentSupport_getReent__F)
                  0001eb64    00000004     --HOLE-- [fill = 0]
                  0001eb68    0000001c                   : BIOS.obj (.text:xdc_runtime_Memory_valloc__E)
                  0001eb84    00000004     --HOLE-- [fill = 0]
                  0001eb88    0000001c                   : BIOS.obj (.text:xdc_runtime_System_abort__E)
                  0001eba4    0000001a     cmd_parser.obj (.text:FreePingCmd)
                  0001ebbe    0000001a     cmd_parser.obj (.text:FreeRecvCmd)
                  0001ebd8    0000001a     cmd_parser.obj (.text:FreeSendCmd)
                  0001ebf2    0000001a     rtsv7M4_T_le_v4SPD16_eabi.lib : s_copysign.c.obj (.text:copysign)
                  0001ec0c    0000001a     release_pem4f.oem4f (.text:free)
                  0001ec26    00000002     --HOLE-- [fill = 0]
                  0001ec28    00000018     release_pem4f.oem4f (.text:.bootCodeSection:ti_sysbios_family_arm_msp432_init_Boot_init__I)
                  0001ec40    00000018     msp432p4xx_driverlib.lib : spi.o (.text:EUSCI_A_SPI_getInterruptStatus)
                  0001ec58    00000018                              : spi.o (.text:EUSCI_B_SPI_getInterruptStatus)
                  0001ec70    00000018                              : sysctl_a.o (.text:SysCtl_A_disableNMISource)
                  0001ec88    00000018                              : sysctl_a.o (.text:SysCtl_A_enableNMISource)
                  0001eca0    00000018     drivers_msp432p401x.aem4f : UART.oem4f (.text:UART_Params_init)
                  0001ecb8    00000018     simplelink.a : driver.obj (.text:_SlDrvProtectionObjLockWaitForever)
                  0001ecd0    00000018                  : driver.obj (.text:_SlDrvProtectionObjUnLock)
                  0001ece8    00000018     rtsv7M4_T_le_v4SPD16_eabi.lib : args_main.c.obj (.text:_args_main)
                  0001ed00    00000018                                   : vsnprintf.c.obj (.text:_outc)
                  0001ed18    00000018     uart_term.obj (.text:getch)
                  0001ed30    00000018     uart_term.obj (.text:putch)
                  0001ed48    00000018     rtsv7M4_T_le_v4SPD16_eabi.lib : strcmp.c.obj (.text:strcmp)
                  0001ed60    00000018     release_pem4f.oem4f (.text:ti_sysbios_BIOS_rtsUnlock__I)
                  0001ed78    00000018     release_pem4f.oem4f (.text:ti_sysbios_family_arm_m3_Hwi_Module__startupDone__F)
                  0001ed90    00000018     sysbios.aem4f : m3_TaskSupport_asm.obj (.text:ti_sysbios_family_arm_m3_TaskSupport_swap__E)
                  0001eda8    00000018     release_pem4f.oem4f (.text:ti_sysbios_family_arm_msp432_Timer_Module__startupDone__F)
                  0001edc0    00000018     sysbios.aem4f : BIOS.obj (.text:ti_sysbios_gates_GateMutex_leave__E)
                  0001edd8    00000018                   : BIOS.obj (.text:ti_sysbios_knl_Task_sleepTimeout__I)
                  0001edf0    00000018     release_pem4f.oem4f (.text:ti_sysbios_rts_ti_ReentSupport_getTlsAddr__I)
                  0001ee08    00000018     sysbios.aem4f : BIOS.obj (.text:xdc_runtime_Error_init__E)
                  0001ee20    00000018                   : BIOS.obj (.text:xdc_runtime_System_exit__E)
                  0001ee38    00000016     simplelink.a : driver.obj (.text:_SlDrvMemZero)
                  0001ee4e    00000002     --HOLE-- [fill = 0]
                  0001ee50    00000016     sysbios.aem4f : BIOS.obj (.text:pthread_mutex_destroy)
                  0001ee66    00000016     rtsv7M4_T_le_v4SPD16_eabi.lib : strchr.c.obj (.text:strchr)
                  0001ee7c    00000016     release_pem4f.oem4f (.text:ti_sysbios_BIOS_exitFunc__I)
                  0001ee92    00000006     --HOLE-- [fill = 0]
                  0001ee98    00000016     sysbios.aem4f : BIOS.obj (.text:ti_sysbios_knl_Task_unblock__E)
                  0001eeae    00000002     --HOLE-- [fill = 0]
                  0001eeb0    00000014     dpl_msp432p401x.aem4f : ClockP_tirtos.oem4f (.text:ClockP_usleep)
                  0001eec4    00000014     msp432p4xx_driverlib.lib : pcm.o (.text:PCM_getPowerState)
                  0001eed8    00000014     drivers_msp432p401x.aem4f : PowerMSP432.oem4f (.text:Power_idleFunc)
                  0001eeec    00000014                               : SPI.oem4f (.text:SPI_Params_init)
                  0001ef00    00000014                               : UARTMSP432.oem4f (.text:clearTXCPTIFG)
                  0001ef14    00000004     --HOLE-- [fill = 0]
                  0001ef18    00000014     sysbios.aem4f : BIOS.obj (.text:pthread_attr_setschedparam)
                  0001ef2c    00000014     rtsv7M4_T_le_v4SPD16_eabi.lib : strcpy.c.obj (.text:strcpy)
                  0001ef40    00000014                                   : strlen.c.obj (.text:strlen)
                  0001ef54    00000014     release_pem4f.oem4f (.text:ti_sysbios_family_arm_m3_Hwi_Object__get__S)
                  0001ef68    00000014     sysbios.aem4f : BIOS.obj (.text:ti_sysbios_family_arm_m3_Hwi_switchFromBootStack__E)
                  0001ef7c    00000014     release_pem4f.oem4f (.text:ti_sysbios_heaps_HeapMem_Object__get__S)
                  0001ef90    00000014     release_pem4f.oem4f (.text:ti_sysbios_knl_Swi_Object__get__S)
                  0001efa4    00000012     uart_term.obj (.text:ClearTerm)
                  0001efb6    00000012     drivers_msp432p401x.aem4f : RingBuf.oem4f (.text:RingBuf_construct)
                  0001efc8    00000012     dpl_msp432p401x.aem4f : SemaphoreP_tirtos.oem4f (.text:SemaphoreP_pend)
                  0001efda    00000006     --HOLE-- [fill = 0]
                  0001efe0    00000012     sysbios.aem4f : BIOS.obj (.text:_pthread_cleanup_pop)
                  0001eff2    00000006     --HOLE-- [fill = 0]
                  0001eff8    00000012                   : BIOS.obj (.text:_pthread_runStub$43)
                  0001f00a    00000006     --HOLE-- [fill = 0]
                  0001f010    00000012                   : BIOS.obj (.text:ti_sysbios_family_arm_msp432_Seconds_getTime__E)
                  0001f022    00000006     --HOLE-- [fill = 0]
                  0001f028    00000012                   : BIOS.obj (.text:ti_sysbios_hal_Hwi_Module_startup__E)
                  0001f03a    00000012     rtsv7M4_T_le_v4SPD16_eabi.lib : wcslen.c.obj (.text:wcslen)
                  0001f04c    00000012     release_pem4f.oem4f (.text:xdc_runtime_Startup_exec__I)
                  0001f05e    00000010     dpl_msp432p401x.aem4f : HwiP_tirtos.oem4f (.text:HwiP_Params_init)
                  0001f06e    00000010     msp432p4xx_driverlib.lib : pcm.o (.text:PCM_gotoLPM4)
                  0001f07e    00000010                              : pcm.o (.text:PCM_setPowerMode)
                  0001f08e    00000010                              : pcm.o (.text:PCM_setPowerState)
                  0001f09e    00000002     --HOLE-- [fill = 0]
                  0001f0a0    00000010     drivers_msp432p401x.aem4f : PowerMSP432.oem4f (.text:PowerMSP432_getNumPerfLevels)
                  0001f0b0    00000010                               : PowerMSP432.oem4f (.text:Power_disablePolicy)
                  0001f0c0    00000010                               : PowerMSP432.oem4f (.text:Power_enablePolicy)
                  0001f0d0    00000010     msp432p4xx_driverlib.lib : sysctl_a.o (.text:SysCtl_A_getNMISourceStatus)
                  0001f0e0    00000010                              : sysctl.o (.text:SysCtl_getNMISourceStatus)
                  0001f0f0    00000010     simplelink.a : driver.obj (.text:_SlDrvDispatchHttpServerEvents)
                  0001f100    00000010                  : driver.obj (.text:_SlDrvDispatchNetAppRequestEvents)
                  0001f110    00000010                  : driver.obj (.text:_SlDrvIsSpawnOwnGlobalLock)
                  0001f120    00000010     sysbios.aem4f : BIOS.obj (.text:pthread_mutexattr_init)
                  0001f130    00000010                   : BIOS.obj (.text:pthread_mutexattr_settype)
                  0001f140    00000010     drivers_msp432p401x.aem4f : UARTMSP432.oem4f (.text:readBlockingTimeout)
                  0001f150    00000010     sysbios.aem4f : BIOS.obj (.text:ti_sysbios_BIOS_exit__E)
                  0001f160    00000010                   : BIOS.obj (.text:ti_sysbios_BIOS_setCpuFreq__E)
                  0001f170    00000010                   : BIOS.obj (.text:ti_sysbios_BIOS_setThreadType__E)
                  0001f180    00000010                   : BIOS.obj (.text:ti_sysbios_BIOS_start__E)
                  0001f190    00000010                   : m3_TaskSupport_asm.obj (.text:ti_sysbios_family_arm_m3_TaskSupport_glue)
                  0001f1a0    00000010                   : BIOS.obj (.text:ti_sysbios_family_arm_msp432_init_Boot_disableWatchdog)
                  0001f1b0    00000010                   : BIOS.obj (.text:ti_sysbios_gates_GateMutex_Instance_finalize__E)
                  0001f1c0    00000010     release_pem4f.oem4f (.text:ti_sysbios_knl_Mailbox_Object__get__S)
                  0001f1d0    00000010     sysbios.aem4f : BIOS.obj (.text:ti_sysbios_knl_Semaphore_Instance_finalize__E)
                  0001f1e0    00000010                   : BIOS.obj (.text:ti_sysbios_knl_Swi_disable__E)
                  0001f1f0    00000010     release_pem4f.oem4f (.text:ti_sysbios_knl_Task_Object__get__S)
                  0001f200    00000010     sysbios.aem4f : BIOS.obj (.text:ti_sysbios_knl_Task_disable__E)
                  0001f210    00000010                   : BIOS.obj (.text:xdc_runtime_Gate_leaveSystem__E)
                  0001f220    00000010                   : BIOS.obj (.text:xdc_runtime_Memory_free__E)
                  0001f230    00000010                   : BIOS.obj (.text:xdc_runtime_SysCallback_abort__E)
                  0001f240    00000010                   : BIOS.obj (.text:xdc_runtime_SysCallback_exit__E)
                  0001f250    0000000e     simplelink.a : driver.obj (.text:_SlDrvObjLockWaitForever)
                  0001f25e    0000000e                  : driver.obj (.text:_SlDrvObjUnLock)
                  0001f26c    0000000e                  : driver.obj (.text:_SlDrvResetCmdExt)
                  0001f27a    0000000e                  : driver.obj (.text:_SlDrvSyncObjSignal)
                  0001f288    0000000e     rtsv7M4_T_le_v4SPD16_eabi.lib : copy_decompress_none.c.obj (.text:decompress:none:__TI_decompress_none)
                  0001f296    00000002     --HOLE-- [fill = 0]
                  0001f298    0000000e     sysbios.aem4f : BIOS.obj (.text:pthread_attr_setdetachstate)
                  0001f2a6    00000002     --HOLE-- [fill = 0]
                  0001f2a8    0000000e                   : BIOS.obj (.text:sem_wait)
                  0001f2b6    0000000e     simplelink.a : cc_pal.obj (.text:spi_Close)
                  0001f2c4    00000004     --HOLE-- [fill = 0]
                  0001f2c8    0000000e     sysbios.aem4f : BIOS.obj (.text:ti_sysbios_knl_Idle_loop__E)
                  0001f2d6    00000002     --HOLE-- [fill = 0]
                  0001f2d8    0000000e                   : BIOS.obj (.text:ti_sysbios_knl_Queue_empty__E)
                  0001f2e6    0000000c     ti_drivers_config.obj (.text:Board_init)
                  0001f2f2    0000000c     msp432p4xx_driverlib.lib : cpu.o (.text:CPU_cpsid)
                  0001f2fe    0000000c                              : cpu.o (.text:CPU_cpsie)
                  0001f30a    0000000c     dpl_msp432p401x.aem4f : ClockP_tirtos.oem4f (.text:ClockP_delete)
                  0001f316    00000002     --HOLE-- [fill = 0]
                  0001f318    0000000c                           : ClockP_tirtos.oem4f (.text:ClockP_getSystemTickPeriod)
                  0001f324    0000000c                           : HwiP_tirtos.oem4f (.text:HwiP_delete)
                  0001f330    0000000c     drivers_msp432p401x.aem4f : PowerMSP432.oem4f (.text:Power_getConstraintMask)
                  0001f33c    0000000c                               : PowerMSP432.oem4f (.text:Power_getPerformanceLevel)
                  0001f348    0000000c     dpl_msp432p401x.aem4f : SemaphoreP_tirtos.oem4f (.text:SemaphoreP_delete)
                  0001f354    0000000c     network_terminal.obj (.text:SimpleLinkHttpServerEventHandler)
                  0001f360    0000000c     network_terminal.obj (.text:SimpleLinkNetAppRequestEventHandler)
                  0001f36c    0000000c     simplelink.a : device.obj (.text:_SlDeviceResetRequestInitCompletedCB)
                  0001f378    0000000c     rtsv7M4_T_le_v4SPD16_eabi.lib : _lock.c.obj (.text:_register_lock)
                  0001f384    0000000c                                   : _lock.c.obj (.text:_register_unlock)
                  0001f390    0000000c     network_terminal.obj (.text:cmdClearcallback)
                  0001f39c    0000000c     rtsv7M4_T_le_v4SPD16_eabi.lib : copy_zero_init.c.obj (.text:decompress:ZI:__TI_zero_init)
                  0001f3a8    0000000c     sysbios.aem4f : BIOS.obj (.text:pthread_self)
                  0001f3b4    0000000c     release_pem4f.oem4f (.text:ti_sysbios_family_arm_m3_Hwi_Params__init__S)
                  0001f3c0    0000000c     sysbios.aem4f : BIOS.obj (.text:ti_sysbios_family_arm_m3_Hwi_disableFxn__E)
                  0001f3cc    00000004     --HOLE-- [fill = 0]
                  0001f3d0    0000000c                   : BIOS.obj (.text:ti_sysbios_family_arm_m3_TaskSupport_getStackAlignment__E)
                  0001f3dc    00000004     --HOLE-- [fill = 0]
                  0001f3e0    0000000c                   : BIOS.obj (.text:ti_sysbios_family_arm_msp432_Seconds_setTime__E)
                  0001f3ec    00000004     --HOLE-- [fill = 0]
                  0001f3f0    0000000c                   : BIOS.obj (.text:ti_sysbios_family_arm_msp432_Timer_getMaxTicks__E)
                  0001f3fc    00000004     --HOLE-- [fill = 0]
                  0001f400    0000000c                   : BIOS.obj (.text:ti_sysbios_gates_GateHwi_enter__E)
                  0001f40c    0000000c     release_pem4f.oem4f (.text:ti_sysbios_knl_Clock_Params__init__S)
                  0001f418    0000000c     sysbios.aem4f : BIOS.obj (.text:ti_sysbios_knl_Clock_getTicks__E)
                  0001f424    0000000c     release_pem4f.oem4f (.text:ti_sysbios_knl_Queue_Object__get__S)
                  0001f430    0000000c     release_pem4f.oem4f (.text:ti_sysbios_knl_Semaphore_Params__init__S)
                  0001f43c    0000000c     release_pem4f.oem4f (.text:ti_sysbios_knl_Task_Params__init__S)
                  0001f448    0000000c     sysbios.aem4f : BIOS.obj (.text:ti_sysbios_knl_Task_self__E)
                  0001f454    00000004     --HOLE-- [fill = 0]
                  0001f458    0000000c                   : BIOS.obj (.text:ti_sysbios_rts_ti_ReentSupport_taskRegHook__I)
                  0001f464    00000004     --HOLE-- [fill = 0]
                  0001f468    0000000c                   : BIOS.obj (.text:xdc_runtime_Gate_enterSystem__E)
                  0001f474    00000004     --HOLE-- [fill = 0]
                  0001f478    0000000c                   : BIOS.obj (.text:xdc_runtime_Startup_rtsDone__E)
                  0001f484    0000000a     dpl_msp432p401x.aem4f : ClockP_tirtos.oem4f (.text:ClockP_Params_init)
                  0001f48e    0000000a     drivers_msp432p401x.aem4f : SPI.oem4f (.text:SPI_close)
                  0001f498    0000000a                               : SPI.oem4f (.text:SPI_transfer)
                  0001f4a2    0000000a     network_terminal.obj (.text:SimpleLinkNetAppRequestMemFreeEventHandler)
                  0001f4ac    0000000a     network_terminal.obj (.text:SimpleLinkSockEventHandler)
                  0001f4b6    0000000a     drivers_msp432p401x.aem4f : UART.oem4f (.text:UART_control)
                  0001f4c0    0000000a                               : UART.oem4f (.text:UART_readPolling)
                  0001f4ca    0000000a                               : UART.oem4f (.text:UART_writePolling)
                  0001f4d4    00000004     --HOLE-- [fill = 0]
                  0001f4d8    0000000a     sysbios.aem4f : BIOS.obj (.text:sem_destroy)
                  0001f4e2    00000006     --HOLE-- [fill = 0]
                  0001f4e8    0000000a                   : BIOS.obj (.text:sem_post)
                  0001f4f2    0000000a     simplelink.a : device.obj (.text:sl_Task)
                  0001f4fc    0000000a     release_pem4f.oem4f (.text:xdc_runtime_IHeap_alloc)
                  0001f506    0000000a     release_pem4f.oem4f (.text:xdc_runtime_IHeap_free)
                  0001f510    00000008     dpl_msp432p401x.aem4f : SemaphoreP_tirtos.oem4f (.text:SemaphoreP_Params_init)
[...]
2000a1f8  Txtask_m11_optionDetailsStr                                     
2000a1fc  Txtask_m12_optionDetailsStr                                     
2000a200  Txtask_m13_optionDetailsStr                                     
2000a204  Txtask_m14_optionDetailsStr                                     
2000a208  Txtask_m15_optionDetailsStr                                     
2000a20c  Txtask_m16_optionDetailsStr                                     
2000a210  Txtask_m17_optionDetailsStr                                     
2000a214  Txtask_m18_optionDetailsStr                                     
2000a218  Txtask_m19_optionDetailsStr                                     
2000a21c  Txtask_m20_optionDetailsStr                                     
2000a220  Txtask_m21_optionDetailsStr                                     
2000a224  Txtask_txp_optionDetailsStr                                     
2000a228  Txtask_txp0_optionDetailsStr                                    
2000a22c  Txtask_p_optionDetailsStr                                       
2000a230  Txtask_p0_optionDetailsStr                                      
2000a234  Txtask_p1_optionDetailsStr                                      
2000a238  Txtask_p2_optionDetailsStr                                      
2000a23c  Txtask_p3_optionDetailsStr                                      
2000a240  Txtask_p4_optionDetailsStr                                      
2000a244  Txtask_tone_optionDetailsStr                                    
2000a248  Txtask_d_optionDetailsStr                                       
2000a24c  Txtask_dp_optionDetailsStr                                      
2000a250  Txtask_dp0_optionDetailsStr                                     
2000a254  Txtask_dp1_optionDetailsStr                                     
2000a258  Txtask_dp2_optionDetailsStr                                     
2000a25c  Txtask_dp3_optionDetailsStr                                     
2000a260  Txtask_cca_optionDetailsStr                                     
2000a264  Txtask_s_optionDetailsStr                                       
2000a268  Txtask_a_optionDetailsStr                                       
2000a26c  cca_th_optionDetailStr                                          
2000a270  cca_th1_optionDetailStr                                         
2000a274  cca_th2_optionDetailStr                                         
2000a278  cca_th3_optionDetailStr                                         
2000a27c  cca_th4_optionDetailStr                                         
2000a280  cca_th5_optionDetailStr                                         
2000a284  cca_th6_optionDetailStr                                         
2000a288  RxtaskDetailsStr                                                
2000a28c  Rxtask_c_optionDetailsStr                                       
2000a290  Rxtask_d_optionDetailsStr                                       
2000a294  Rxtask_s_optionDetailsStr                                       
2000a298  p2pStartDetailsStr                                              
2000a29c  p2pStopDetailsStr                                               
2000a2a0  SoftRoamingEnableDetailsStr                                     
2000a2a4  SoftRoamingEnable_r_optionDetailsStr                            
2000a2a8  SoftRoamingEnable_Note_optionDetailsStr                         
2000a2ac  SoftRoamingDisableDetailsStr                                    
2000a2b0  AntSelectionEnableDetailsStr                                    
2000a2b4  AntSelectionEnable_Note_optionDetailsStr                        
2000a2b8  AntSelectionDisableDetailsStr                                   
2000a2bc  CoexEnableDetailsStr                                            
2000a2c0  CoexEnable_Note_optionDetailsStr                                
2000a2c4  CoexDisableDetailsStr                                           
2000a2c8  CountryCodeDetailsStr                                           
2000a2cc  CountryCode_g_optionDetailsStr                                  
2000a2d0  CountryCode_Note_optionDetailsStr                               
2000a2d4  wlanAddProfileDetailsStr                                        
2000a2d8  wlanProfile_mac_optionDetailsStr                                
2000a2dc  wlanProfile_pr_optionDetailsStr                                 
2000a2e0  wlanGetProfileDetailsStr                                        
2000a2e4  wlanProfile_i_optionDetailsStr                                  
2000a2e8  TriggeredRoamingEnableDetailsStr                                
2000a2ec  TriggeredRoaming_r_optionDetailsStr                             
2000a2f0  TriggeredRoamingDisableDetailsStr                               
2000a2f4  APTransitionEnableDetailsStr                                    
2000a2f8  APTransitionDisableDetailsStr                                   
2000a2fc  gCmdList                                                        
2000a4a0  PowerMSP432_perfLevels                                          
2000a5e0  ap_start_UsageStr                                               
2000a6c0  wlanConnectUsageStr                                             
2000a757  createFilterUsageStr                                            
2000a7e4  addProfileUsageStr                                              
2000a86d  V_optionStr                                                     
2000a8f8  mDNSAdvertiseUsageStr                                           
2000a97f  setPolicyUsageStr                                               
2000aa04  ti_sysbios_knl_Swi_Module_State_0_readyQ__A                     
2000aa84  ti_sysbios_knl_Task_Module_State_0_readyQ__A                    
2000ab04  send_c_optionDetailsStr                                         
2000ab7e  pingUsageStr                                                    
2000abee  recv_Note_optionDetailsStr                                      
2000ac4c  sendUsage1Str                                                   
2000aca9  mDNSdQueryUsageStr                                              
2000ad00  ti_sysbios_gates_GateMutex_Object__table__V                     
2000ad54  sendUsage2Str                                                   
2000ada2  space_str                                                       
2000ada4  ti_sysbios_knl_Task_Object__table__V                            
2000adf0  enableWoWLANUsageStr                                            
2000ae38  ti_sysbios_family_arm_msp432_Timer_Object__table__V             
2000ae7c  ti_sysbios_knl_Task_Module__state__V                            
2000aec0  DataFrames_str                                                  
2000af00  radiotoolDetailsStr                                             
2000af3c  send_p_optionDetailsStr                                         
2000af77  send_nb_optionDetailsStr                                        
2000afb0  send_n_optionDetailsStr                                         
2000afe8  send_n_r_optionDetailsStr                                       
2000b020  ti_sysbios_family_arm_m3_Hwi_Module__state__V                   
2000b054  MangmentFrames_str                                              
2000b084  ti_sysbios_knl_Swi_Object__table__V                             
2000b0b4  scanUsageStr                                                    
2000b0e1  a_optionStr                                                     
2000b0e4  PowerMSP432_module                                              
2000b110  ti_sysbios_knl_Clock_Module__state__V                           
2000b13c  SetCountryCodeUsageStr                                          
2000b160  g_LibsEvents                                                    
2000b184  g_UserEvents                                                    
2000b1a8  ti_sysbios_BIOS_Module__state__V                                
2000b1cc  send_6_optionDetailsStr                                         
2000b1ee  TriggeredRoamingEnableUsageStr                                  
2000b210  CtrlFrames_str                                                  
2000b230  gpioCallbackFunctions                                           
2000b250  gpioPinConfigs                                                  
2000b270  send_u_optionDetailsStr                                         
2000b290  ti_sysbios_family_arm_msp432_Timer_Module_State_0_device__A     
2000b2b0  xdc_runtime_Error_IgnoreBlock                                   
2000b2d0  SoftRoamingEnableUsageStr                                       
2000b2ee  ti_sysbios_family_arm_m3_Hwi_Module_State_0_excActive__A        
2000b2f0  ti_sysbios_knl_Swi_Module__state__V                             
2000b30c  getProfileUsageStr                                              
2000b327  send_s_optionDetailsStr                                         
2000b342  Template_Hdr                                                    
2000b35c  ti_sysbios_family_arm_m3_Hwi_Object__table__V                   
2000b374  ti_sysbios_heaps_HeapMem_Object__table__V                       
2000b38c  APTransitionDisablecmdStr                                       
2000b3a0  AntSelectionDisablecmdStr                                       
2000b3b4  APTransitionEnablecmdStr                                        
2000b3c7  AntSelectionEnablecmdStr                                        
2000b3da  ConnectedStationsStr                                            
2000b3ed  SoftRoamingDisablecmdStr                                        
2000b400  TriggeredRoamingDisablecmdStr                                   
2000b413  helpUsageStr                                                    
2000b426  SoftRoamingEnablecmdStr                                         
2000b438  TriggeredRoamingEnablecmdStr                                    
2000b44a  radiotool_PromptStr                                             
2000b45c  DataFrames                                                      
2000b47c  _tz                                                             
2000b49c  ti_sysbios_family_arm_msp432_Timer_Module_State_0_handles__A    
2000b4ac  wlanDisconnectStr                                               
2000b4bb  FRAME_SUBTYPE_str                                               
2000b4c9  ap_start_str                                                    
2000b4d7  disableFilterStr                                                
2000b4e5  mDNSAdvertiseStr                                                
2000b4f3  ap_stop_str                                                     
2000b500  createFilterStr                                                 
2000b50d  deleteFilterStr                                                 
2000b51a  enableFilterStr                                                 
2000b527  enableWoWLANStr                                                 
2000b534  AntSelectionEnableUsageStr                                      
2000b540  CoexDisablecmdStr                                               
2000b54c  CoexEnableUsageStr                                              
2000b558  ConnectedStationsUsageStr                                       
2000b564  MgmtFrames                                                      
2000b570  SetCountryCodeStr                                               
2000b57c  ap_stop_UsageStr                                                
2000b588  gGlobalLockCntRequested                                         
2000b589  gGlobalLockCntReleased                                          
2000b58a  g_SlDeviceStatus                                                
2000b58c  g_pCB                                                           
2000b590  pPingCallBackFunc                                               
2000b594  ti_sysbios_family_arm_msp432_ClockFreqs_Module__state__V        
2000b5a0  ti_sysbios_family_arm_msp432_Timer_Module__state__V             
2000b5ac  wlanConnectStr                                                  
2000b5b8  wlanDisconnectUsageStr                                          
2000b5c4  AddProfileStr                                                   
2000b5cf  CoexEnablecmdStr                                                
2000b5da  FRAME_TYPE_str                                                  
2000b5e5  GetProfileStr                                                   
2000b5f0  usageStr                                                        
2000b5fb  APTransitionDisableUsageStr                                     
2000b605  APTransitionEnableUsageStr                                      
2000b60f  AntSelectionDisableUsageStr                                     
2000b619  CoexDisableUsageStr                                             
2000b623  SoftRoamingDisableUsageStr                                      
2000b62d  TriggeredRoamingDisableUsageStr                                 
2000b637  WPA2_PLUS_str                                                   
2000b641  mDNSQueryStr                                                    
2000b64b  radiotool_Str                                                   
2000b655  setPolicyStr                                                    
2000b65f  WPAWPA2_str                                                     
2000b668  p2pStartcmdStr                                                  
2000b671  c_optionStr                                                     
2000b674  _lock                                                           
2000b678  _unlock                                                         
2000b67c  CtrlFrames                                                      
2000b684  PATTERN_str                                                     
2000b68c  gMaxCmd                                                         
2000b690  gSpawn_thread                                                   
2000b694  p2pStopcmdStr                                                   
2000b69c  g_SpiFd                                                         
2000b6a0  g_Host_irq_Hndlr                                                
2000b6a4  ti_sysbios_family_arm_m3_Hwi_Module__root__V                    
2000b6ac  ti_sysbios_gates_GateHwi_Module__root__V                        
2000b6b4  ti_sysbios_gates_GateMutex_Module__root__V                      
2000b6bc  ti_sysbios_heaps_HeapMem_Module__root__V                        
2000b6c4  ti_sysbios_knl_Clock_Module__root__V                            
2000b6cc  ti_sysbios_knl_Queue_Module__root__V                            
2000b6d4  ti_sysbios_knl_Semaphore_Module__root__V                        
2000b6dc  ti_sysbios_knl_Task_Module__root__V                             
2000b6e4  xdc_runtime_Startup_Module__state__V                            
2000b6ec  xdc_runtime_System_Module_State_0_atexitHandlers__A             
2000b6f4  xdc_runtime_System_Module__state__V                             
2000b6fc  BSSID_str                                                       
2000b702  DESTINATION_MAC_str                                             
2000b708  SOURCE_MAC_str                                                  
2000b70e  clearStr                                                        
2000b714  cmdPromptStr                                                    
2000b71a  help_optionStr                                                  
2000b720  D_IP_str                                                        
2000b725  OPEN_str                                                        
2000b72a  S_IP_str                                                        
2000b72f  WPA2_str                                                        
2000b734  WPA3_str                                                        
2000b739  dns_optionStr                                                   
2000b73e  ent_optionStr                                                   
2000b743  helpStr                                                         
2000b748  mac_optionStr                                                   
2000b74d  pingStr                                                         
2000b752  recvStr                                                         
2000b757  scanStr                                                         
2000b75c  sendStr                                                         
2000b761  ttl_optionStr                                                   
2000b766  txpow_optionStr                                                 
2000b76b  WEP_str                                                         
2000b76f  WPA_str                                                         
2000b773  WPS_str                                                         
2000b777  ext_optionStr                                                   
2000b77b  gw_optionStr                                                    
2000b77f  ip_optionStr                                                    
2000b783  nb_optionStr                                                    
2000b787  priority_optionStr                                              
2000b78c  main_func_sp                                                    
2000b794  so_optionStr                                                    
2000b798  st_optionStr                                                    
2000b79c  ti_sysbios_family_arm_m3_Hwi_Module_State_0_excContext__A       
2000b7a0  ti_sysbios_family_arm_m3_Hwi_Module_State_0_excStack__A         
2000b7a4  ti_sysbios_gates_GateHwi_Object__table__V                       
2000b7a8  ti_sysbios_knl_Task_Module_State_0_idleTask__A                  
2000b7ac  ti_sysbios_rts_ti_ReentSupport_Module__state__V                 
2000b7b0  xdc_runtime_Memory_Module__state__V                             
2000b7b4  d_optionStr                                                     
2000b7b7  e_optionStr                                                     
2000b7ba  f_optionStr                                                     
2000b7bd  g_optionStr                                                     
2000b7c0  h_optionStr                                                     
2000b7c3  i_optionStr                                                     
2000b7c6  l_optionStr                                                     
2000b7c9  lineBreak                                                       
2000b7cc  m_optionStr                                                     
2000b7cf  n_optionStr                                                     
2000b7d2  o_optionStr                                                     
2000b7d5  p_optionStr                                                     
2000b7d8  r_optionStr                                                     
2000b7db  s_optionStr                                                     
2000b7de  t_optionStr                                                     
2000b7e1  u_optionStr                                                     
2000b7e4  v_optionStr                                                     
2000fc00  __stack                                                         
20010000  __STACK_END                                                     
4000480c  WDTCTL_SYM                                                      
e000e000  ti_sysbios_family_arm_m3_Hwi_nvic                               
ffffffff  __TI_pprof_out_hndl                                             
ffffffff  __TI_prof_data_size                                             
ffffffff  __TI_prof_data_start                                            
ffffffff  __binit__                                                       
ffffffff  __c_args__                                                      
ffffffff  binit                                                           
UNDEFED   SHT$$INIT_ARRAY$$Base                                           
UNDEFED   SHT$$INIT_ARRAY$$Limit                                          

[1261 symbols]
